Archive member included to satisfy reference by file (symbol)

/usr/lib/gcc/arm-none-eabi/13.2.1/../../../arm-none-eabi/lib/thumb/v7-m/nofp/libc_nano.a(libc_a-init.o)
                              /usr/lib/gcc/arm-none-eabi/13.2.1/../../../arm-none-eabi/lib/thumb/v7-m/nofp/crt0.o (__libc_init_array)
/usr/lib/gcc/arm-none-eabi/13.2.1/../../../arm-none-eabi/lib/thumb/v7-m/nofp/libc_nano.a(libc_a-memset.o)
                              /usr/lib/gcc/arm-none-eabi/13.2.1/../../../arm-none-eabi/lib/thumb/v7-m/nofp/crt0.o (memset)
/usr/lib/gcc/arm-none-eabi/13.2.1/../../../arm-none-eabi/lib/thumb/v7-m/nofp/libc_nano.a(libc_a-errno.o)
                              build/sysmem.o (__errno)
/usr/lib/gcc/arm-none-eabi/13.2.1/../../../arm-none-eabi/lib/thumb/v7-m/nofp/libc_nano.a(libc_a-memcpy.o)
                              build/queue.o (memcpy)
/usr/lib/gcc/arm-none-eabi/13.2.1/../../../arm-none-eabi/lib/thumb/v7-m/nofp/libc_nano.a(libc_a-exit.o)
                              /usr/lib/gcc/arm-none-eabi/13.2.1/../../../arm-none-eabi/lib/thumb/v7-m/nofp/crt0.o (exit)
/usr/lib/gcc/arm-none-eabi/13.2.1/../../../arm-none-eabi/lib/thumb/v7-m/nofp/libc_nano.a(libc_a-atexit.o)
                              /usr/lib/gcc/arm-none-eabi/13.2.1/../../../arm-none-eabi/lib/thumb/v7-m/nofp/crt0.o (atexit)
/usr/lib/gcc/arm-none-eabi/13.2.1/../../../arm-none-eabi/lib/thumb/v7-m/nofp/libc_nano.a(libc_a-memcmp.o)
                              build/MyUDP.o (memcmp)
/usr/lib/gcc/arm-none-eabi/13.2.1/../../../arm-none-eabi/lib/thumb/v7-m/nofp/libc_nano.a(libc_a-printf.o)
                              build/MyUDP.o (printf)
/usr/lib/gcc/arm-none-eabi/13.2.1/../../../arm-none-eabi/lib/thumb/v7-m/nofp/libc_nano.a(libc_a-nano-vfprintf.o)
                              /usr/lib/gcc/arm-none-eabi/13.2.1/../../../arm-none-eabi/lib/thumb/v7-m/nofp/libc_nano.a(libc_a-printf.o) (_vfprintf_r)
/usr/lib/gcc/arm-none-eabi/13.2.1/../../../arm-none-eabi/lib/thumb/v7-m/nofp/libc_nano.a(libc_a-fini.o)
                              /usr/lib/gcc/arm-none-eabi/13.2.1/../../../arm-none-eabi/lib/thumb/v7-m/nofp/crt0.o (__libc_fini_array)
/usr/lib/gcc/arm-none-eabi/13.2.1/../../../arm-none-eabi/lib/thumb/v7-m/nofp/libc_nano.a(libc_a-wbuf.o)
                              /usr/lib/gcc/arm-none-eabi/13.2.1/../../../arm-none-eabi/lib/thumb/v7-m/nofp/libc_nano.a(libc_a-nano-vfprintf.o) (__swbuf_r)
/usr/lib/gcc/arm-none-eabi/13.2.1/../../../arm-none-eabi/lib/thumb/v7-m/nofp/libc_nano.a(libc_a-impure.o)
                              /usr/lib/gcc/arm-none-eabi/13.2.1/../../../arm-none-eabi/lib/thumb/v7-m/nofp/libc_nano.a(libc_a-errno.o) (_impure_ptr)
/usr/lib/gcc/arm-none-eabi/13.2.1/../../../arm-none-eabi/lib/thumb/v7-m/nofp/libc_nano.a(libc_a-fvwrite.o)
                              /usr/lib/gcc/arm-none-eabi/13.2.1/../../../arm-none-eabi/lib/thumb/v7-m/nofp/libc_nano.a(libc_a-nano-vfprintf.o) (__sfvwrite_r)
/usr/lib/gcc/arm-none-eabi/13.2.1/../../../arm-none-eabi/lib/thumb/v7-m/nofp/libc_nano.a(libc_a-findfp.o)
                              /usr/lib/gcc/arm-none-eabi/13.2.1/../../../arm-none-eabi/lib/thumb/v7-m/nofp/libc_nano.a(libc_a-nano-vfprintf.o) (__sinit)
/usr/lib/gcc/arm-none-eabi/13.2.1/../../../arm-none-eabi/lib/thumb/v7-m/nofp/libc_nano.a(libc_a-fflush.o)
                              /usr/lib/gcc/arm-none-eabi/13.2.1/../../../arm-none-eabi/lib/thumb/v7-m/nofp/libc_nano.a(libc_a-wbuf.o) (_fflush_r)
/usr/lib/gcc/arm-none-eabi/13.2.1/../../../arm-none-eabi/lib/thumb/v7-m/nofp/libc_nano.a(libc_a-mallocr.o)
                              /usr/lib/gcc/arm-none-eabi/13.2.1/../../../arm-none-eabi/lib/thumb/v7-m/nofp/libc_nano.a(libc_a-fvwrite.o) (_malloc_r)
/usr/lib/gcc/arm-none-eabi/13.2.1/../../../arm-none-eabi/lib/thumb/v7-m/nofp/libc_nano.a(libc_a-freer.o)
                              /usr/lib/gcc/arm-none-eabi/13.2.1/../../../arm-none-eabi/lib/thumb/v7-m/nofp/libc_nano.a(libc_a-fvwrite.o) (_free_r)
/usr/lib/gcc/arm-none-eabi/13.2.1/../../../arm-none-eabi/lib/thumb/v7-m/nofp/libc_nano.a(libc_a-memmove.o)
                              /usr/lib/gcc/arm-none-eabi/13.2.1/../../../arm-none-eabi/lib/thumb/v7-m/nofp/libc_nano.a(libc_a-fvwrite.o) (memmove)
/usr/lib/gcc/arm-none-eabi/13.2.1/../../../arm-none-eabi/lib/thumb/v7-m/nofp/libc_nano.a(libc_a-fwalk.o)
                              /usr/lib/gcc/arm-none-eabi/13.2.1/../../../arm-none-eabi/lib/thumb/v7-m/nofp/libc_nano.a(libc_a-findfp.o) (_fwalk_sglue)
/usr/lib/gcc/arm-none-eabi/13.2.1/../../../arm-none-eabi/lib/thumb/v7-m/nofp/libc_nano.a(libc_a-wsetup.o)
                              /usr/lib/gcc/arm-none-eabi/13.2.1/../../../arm-none-eabi/lib/thumb/v7-m/nofp/libc_nano.a(libc_a-nano-vfprintf.o) (__swsetup_r)
/usr/lib/gcc/arm-none-eabi/13.2.1/../../../arm-none-eabi/lib/thumb/v7-m/nofp/libc_nano.a(libc_a-__atexit.o)
                              /usr/lib/gcc/arm-none-eabi/13.2.1/../../../arm-none-eabi/lib/thumb/v7-m/nofp/libc_nano.a(libc_a-atexit.o) (__register_exitproc)
[...]
Memory Configuration

Name             Origin             Length             Attributes
RAM              0x20000000         0x00010000         xrw
FLASH            0x08000000         0x00080000         xr
*default*        0x00000000         0xffffffff

Linker script and memory map

LOAD /usr/lib/gcc/arm-none-eabi/13.2.1/thumb/v7-m/nofp/crti.o
LOAD /usr/lib/gcc/arm-none-eabi/13.2.1/thumb/v7-m/nofp/crtbegin.o
LOAD /usr/lib/gcc/arm-none-eabi/13.2.1/../../../arm-none-eabi/lib/thumb/v7-m/nofp/crt0.o
LOAD build/main.o
LOAD build/gpio.o
LOAD build/spi.o
LOAD build/usart.o
LOAD build/stm32f1xx_it.o
LOAD build/stm32f1xx_hal_msp.o
LOAD build/stm32f1xx_hal_timebase_tim.o
LOAD build/stm32f1xx_hal_gpio_ex.o
LOAD build/stm32f1xx_hal_spi.o
LOAD build/stm32f1xx_hal.o
LOAD build/stm32f1xx_hal_rcc.o
LOAD build/stm32f1xx_hal_rcc_ex.o
LOAD build/stm32f1xx_hal_gpio.o
LOAD build/stm32f1xx_hal_dma.o
LOAD build/stm32f1xx_hal_cortex.o
LOAD build/stm32f1xx_hal_pwr.o
LOAD build/stm32f1xx_hal_flash.o
LOAD build/stm32f1xx_hal_flash_ex.o
LOAD build/stm32f1xx_hal_exti.o
LOAD build/stm32f1xx_hal_tim.o
LOAD build/stm32f1xx_hal_tim_ex.o
LOAD build/stm32f1xx_hal_uart.o
LOAD build/system_stm32f1xx.o
LOAD build/sysmem.o
LOAD build/syscalls.o
LOAD build/freertos.o
LOAD build/croutine.o
LOAD build/event_groups.o
LOAD build/list.o
LOAD build/queue.o
LOAD build/stream_buffer.o
LOAD build/tasks.o
LOAD build/timers.o
LOAD build/cmsis_os2.o
LOAD build/heap_4.o
LOAD build/port.o
LOAD build/socket.o
LOAD build/wizchip_conf.o
LOAD build/w5500.o
LOAD build/MyUDP.o
LOAD build/startup_stm32f103xe.o
LOAD /usr/lib/gcc/arm-none-eabi/13.2.1/../../../arm-none-eabi/lib/thumb/v7-m/nofp/libc_nano.a
LOAD /usr/lib/gcc/arm-none-eabi/13.2.1/../../../arm-none-eabi/lib/thumb/v7-m/nofp/libm.a
LOAD /usr/lib/gcc/arm-none-eabi/13.2.1/../../../arm-none-eabi/lib/thumb/v7-m/nofp/libnosys.a
START GROUP
LOAD /usr/lib/gcc/arm-none-eabi/13.2.1/thumb/v7-m/nofp/libgcc.a
LOAD /usr/lib/gcc/arm-none-eabi/13.2.1/../../../arm-none-eabi/lib/thumb/v7-m/nofp/libc_nano.a
END GROUP
START GROUP
LOAD /usr/lib/gcc/arm-none-eabi/13.2.1/thumb/v7-m/nofp/libgcc.a
LOAD /usr/lib/gcc/arm-none-eabi/13.2.1/../../../arm-none-eabi/lib/thumb/v7-m/nofp/libc_nano.a
END GROUP
LOAD /usr/lib/gcc/arm-none-eabi/13.2.1/thumb/v7-m/nofp/crtend.o
LOAD /usr/lib/gcc/arm-none-eabi/13.2.1/thumb/v7-m/nofp/crtn.o
                0x20010000                        _estack = (ORIGIN (RAM) + LENGTH (RAM))
                0x00000200                        _Min_Heap_Size = 0x200
                0x00000400                        _Min_Stack_Size = 0x400

.isr_vector     0x08000000      0x1e4
                0x08000000                        . = ALIGN (0x4)
 *(.isr_vector)
 .isr_vector    0x08000000      0x1e4 build/startup_stm32f103xe.o
                0x08000000                g_pfnVectors
                0x080001e4                        . = ALIGN (0x4)

.text           0x080001f0     0x4788
                0x080001f0                        . = ALIGN (0x4)
 *(.text)
 .text          0x080001f0       0x88 /usr/lib/gcc/arm-none-eabi/13.2.1/thumb/v7-m/nofp/crtbegin.o
 .text          0x08000278       0x50 /usr/lib/gcc/arm-none-eabi/13.2.1/../../../arm-none-eabi/lib/thumb/v7-m/nofp/libc_nano.a(libc_a-init.o)
                0x08000278                __libc_init_array
 .text          0x080002c8       0xa0 /usr/lib/gcc/arm-none-eabi/13.2.1/../../../arm-none-eabi/lib/thumb/v7-m/nofp/libc_nano.a(libc_a-memset.o)
                0x080002c8                memset
 .text          0x08000368        0xc /usr/lib/gcc/arm-none-eabi/13.2.1/../../../arm-none-eabi/lib/thumb/v7-m/nofp/libc_nano.a(libc_a-errno.o)
                0x08000368                __errno
 .text          0x08000374       0xec /usr/lib/gcc/arm-none-eabi/13.2.1/../../../arm-none-eabi/lib/thumb/v7-m/nofp/libc_nano.a(libc_a-memcpy.o)
                0x08000374                memcpy
 .text          0x08000460       0x48 /usr/lib/gcc/arm-none-eabi/13.2.1/../../../arm-none-eabi/lib/thumb/v7-m/nofp/libc_nano.a(libc_a-printf.o)
                0x08000460                _printf_r
                0x08000460                _iprintf_r
                0x08000480                printf
                0x08000480                iprintf
 .text          0x080004a8      0x2ec /usr/lib/gcc/arm-none-eabi/13.2.1/../../../arm-none-eabi/lib/thumb/v7-m/nofp/libc_nano.a(libc_a-nano-vfprintf.o)
                0x080004d0                __sfputs_r
                0x08000500                __sprint_r
                0x08000520                _vfiprintf_r
                0x08000520                _vfprintf_r
                0x08000778                vfiprintf
                0x08000778                vfprintf
 .text          0x08000794       0x9c /usr/lib/gcc/arm-none-eabi/13.2.1/../../../arm-none-eabi/lib/thumb/v7-m/nofp/libc_nano.a(libc_a-wbuf.o)
                0x08000794                __swbuf_r
                0x0800081c                __swbuf
 .text          0x08000830      0x2ec /usr/lib/gcc/arm-none-eabi/13.2.1/../../../arm-none-eabi/lib/thumb/v7-m/nofp/libc_nano.a(libc_a-fvwrite.o)
                0x08000830                __sfvwrite_r
 .text          0x08000b1c      0x224 /usr/lib/gcc/arm-none-eabi/13.2.1/../../../arm-none-eabi/lib/thumb/v7-m/nofp/libc_nano.a(libc_a-findfp.o)
                0x08000c4c                __sfp
                0x08000cf0                __sinit
                0x08000d10                __sfp_lock_acquire
                0x08000d14                __sfp_lock_release
                0x08000d18                __fp_lock_all
                0x08000d2c                __fp_unlock_all
 .text          0x08000d40      0x198 /usr/lib/gcc/arm-none-eabi/13.2.1/../../../arm-none-eabi/lib/thumb/v7-m/nofp/libc_nano.a(libc_a-fflush.o)
                0x08000d40                __sflush_r
                0x08000e54                _fflush_r
                0x08000e8c                fflush
 .text          0x08000ed8      0x14c /usr/lib/gcc/arm-none-eabi/13.2.1/../../../arm-none-eabi/lib/thumb/v7-m/nofp/libc_nano.a(libc_a-mallocr.o)
                0x08000f24                _malloc_r
 .text          0x08001024       0xbc /usr/lib/gcc/arm-none-eabi/13.2.1/../../../arm-none-eabi/lib/thumb/v7-m/nofp/libc_nano.a(libc_a-freer.o)
                0x08001024                _free_r
 .text          0x080010e0       0xfc /usr/lib/gcc/arm-none-eabi/13.2.1/../../../arm-none-eabi/lib/thumb/v7-m/nofp/libc_nano.a(libc_a-memmove.o)
                0x080010e0                memmove
 .text          0x080011dc       0x44 /usr/lib/gcc/arm-none-eabi/13.2.1/../../../arm-none-eabi/lib/thumb/v7-m/nofp/libc_nano.a(libc_a-fwalk.o)
                0x080011dc                _fwalk_sglue
 .text          0x08001220       0xc4 /usr/lib/gcc/arm-none-eabi/13.2.1/../../../arm-none-eabi/lib/thumb/v7-m/nofp/libc_nano.a(libc_a-wsetup.o)
                0x08001220                __swsetup_r
 .text          0x080012e4       0x64 /usr/lib/gcc/arm-none-eabi/13.2.1/../../../arm-none-eabi/lib/thumb/v7-m/nofp/libc_nano.a(libc_a-reallocr.o)
                0x080012e4                _realloc_r
 .text          0x08001348      0x3a8 /usr/lib/gcc/arm-none-eabi/13.2.1/../../../arm-none-eabi/lib/thumb/v7-m/nofp/libc_nano.a(libc_a-nano-vfprintf_i.o)
                0x08001348                _printf_common
                0x0800146c                _printf_i
 .text          0x080016f0        0x8 /usr/lib/gcc/arm-none-eabi/13.2.1/../../../arm-none-eabi/lib/thumb/v7-m/nofp/libc_nano.a(libc_a-mlock.o)
                0x080016f0                __malloc_lock
                0x080016f4                __malloc_unlock
 .text          0x080016f8      0x110 /usr/lib/gcc/arm-none-eabi/13.2.1/../../../arm-none-eabi/lib/thumb/v7-m/nofp/libc_nano.a(libc_a-makebuf.o)
                0x080016f8                __smakebuf_r
                0x080017bc                __swhatbuf_r
 .text          0x08001808       0x98 /usr/lib/gcc/arm-none-eabi/13.2.1/../../../arm-none-eabi/lib/thumb/v7-m/nofp/libc_nano.a(libc_a-memchr-stub.o)
                0x08001808                memchr
 .text          0x080018a0       0x24 /usr/lib/gcc/arm-none-eabi/13.2.1/../../../arm-none-eabi/lib/thumb/v7-m/nofp/libc_nano.a(libc_a-isattyr.o)
                0x080018a0                _isatty_r
 .text          0x080018c4       0x24 /usr/lib/gcc/arm-none-eabi/13.2.1/../../../arm-none-eabi/lib/thumb/v7-m/nofp/libc_nano.a(libc_a-sbrkr.o)
                0x080018c4                _sbrk_r
 .text          0x080018e8       0x94 /usr/lib/gcc/arm-none-eabi/13.2.1/../../../arm-none-eabi/lib/thumb/v7-m/nofp/libc_nano.a(libc_a-stdio.o)
                0x080018e8                __sread
                0x0800190c                __seofread
                0x08001910                __swrite
                0x08001950                __sseek
                0x08001974                __sclose
 .text          0x0800197c       0x10 /usr/lib/gcc/arm-none-eabi/13.2.1/../../../arm-none-eabi/lib/thumb/v7-m/nofp/libc_nano.a(libc_a-msizer.o)
                0x0800197c                _malloc_usable_size_r
 .text          0x0800198c       0x24 /usr/lib/gcc/arm-none-eabi/13.2.1/../../../arm-none-eabi/lib/thumb/v7-m/nofp/libc_nano.a(libc_a-closer.o)
                0x0800198c                _close_r
 .text          0x080019b0       0x2c /usr/lib/gcc/arm-none-eabi/13.2.1/../../../arm-none-eabi/lib/thumb/v7-m/nofp/libc_nano.a(libc_a-readr.o)
                0x080019b0                _read_r
 .text          0x080019dc       0x28 /usr/lib/gcc/arm-none-eabi/13.2.1/../../../arm-none-eabi/lib/thumb/v7-m/nofp/libc_nano.a(libc_a-fstatr.o)
                0x080019dc                _fstat_r
 .text          0x08001a04       0x2c /usr/lib/gcc/arm-none-eabi/13.2.1/../../../arm-none-eabi/lib/thumb/v7-m/nofp/libc_nano.a(libc_a-lseekr.o)
                0x08001a04                _lseek_r
 .text          0x08001a30       0x2c /usr/lib/gcc/arm-none-eabi/13.2.1/../../../arm-none-eabi/lib/thumb/v7-m/nofp/libc_nano.a(libc_a-writer.o)
                0x08001a30                _write_r
 *(.text*)
 .text.HAL_TIM_PeriodElapsedCallback
                0x08001a5c       0x12 build/main.o
                0x08001a5c                HAL_TIM_PeriodElapsedCallback
 .text.Error_Handler
                0x08001a6e        0x4 build/main.o
                0x08001a6e                Error_Handler
 .text.SystemClock_Config
                0x08001a72       0x62 build/main.o
                0x08001a72                SystemClock_Config
 .text.main     0x08001ad4       0x34 build/main.o
                0x08001ad4                main
 .text.MX_GPIO_Init
                0x08001b08       0xa0 build/gpio.o
                0x08001b08                MX_GPIO_Init
 .text.MX_SPI2_Init
                0x08001ba8       0x40 build/spi.o
                0x08001ba8                MX_SPI2_Init
 .text.HAL_SPI_MspInit
                0x08001be8       0x78 build/spi.o
                0x08001be8                HAL_SPI_MspInit
 .text.MX_USART1_UART_Init
                0x08001c60       0x34 build/usart.o
                0x08001c60                MX_USART1_UART_Init
 .text.HAL_UART_MspInit
                0x08001c94       0x78 build/usart.o
                0x08001c94                HAL_UART_MspInit
 .text.NMI_Handler
                0x08001d0c        0x2 build/stm32f1xx_it.o
                0x08001d0c                NMI_Handler
 .text.HardFault_Handler
                0x08001d0e        0x2 build/stm32f1xx_it.o
                0x08001d0e                HardFault_Handler
 .text.MemManage_Handler
                0x08001d10        0x2 build/stm32f1xx_it.o
                0x08001d10                MemManage_Handler
 .text.BusFault_Handler
                0x08001d12        0x2 build/stm32f1xx_it.o
                0x08001d12                BusFault_Handler
 .text.UsageFault_Handler
                0x08001d14        0x2 build/stm32f1xx_it.o
                0x08001d14                UsageFault_Handler
 .text.DebugMon_Handler
                0x08001d16        0x2 build/stm32f1xx_it.o
                0x08001d16                DebugMon_Handler
 .text.TIM2_IRQHandler
                0x08001d18       0x10 build/stm32f1xx_it.o
                0x08001d18                TIM2_IRQHandler
 .text.HAL_MspInit
                0x08001d28       0x54 build/stm32f1xx_hal_msp.o
                0x08001d28                HAL_MspInit
 .text.HAL_InitTick
                0x08001d7c       0xa0 build/stm32f1xx_hal_timebase_tim.o
                0x08001d7c                HAL_InitTick
 .text.SPI_WaitFlagStateUntilTimeout
                0x08001e1c       0xc8 build/stm32f1xx_hal_spi.o
 .text.SPI_EndRxTxTransaction
                0x08001ee4       0x24 build/stm32f1xx_hal_spi.o
 .text.SPI_EndRxTransaction
                0x08001f08       0x74 build/stm32f1xx_hal_spi.o
 .text.HAL_SPI_Init
                0x08001f7c       0xb6 build/stm32f1xx_hal_spi.o
                0x08001f7c                HAL_SPI_Init
 .text.HAL_SPI_Transmit
                0x08002032      0x1b8 build/stm32f1xx_hal_spi.o
                0x08002032                HAL_SPI_Transmit
 .text.HAL_SPI_TransmitReceive
                0x080021ea      0x244 build/stm32f1xx_hal_spi.o
                0x080021ea                HAL_SPI_TransmitReceive
 .text.HAL_SPI_Receive
                0x0800242e      0x17e build/stm32f1xx_hal_spi.o
                0x0800242e                HAL_SPI_Receive
 .text.HAL_Init
                0x080025ac       0x24 build/stm32f1xx_hal.o
                0x080025ac                HAL_Init
 .text.HAL_IncTick
                0x080025d0       0x18 build/stm32f1xx_hal.o
                0x080025d0                HAL_IncTick
 .text.HAL_GetTick
                0x080025e8        0xc build/stm32f1xx_hal.o
                0x080025e8                HAL_GetTick
 .text.HAL_Delay
                0x080025f4       0x28 build/stm32f1xx_hal.o
                0x080025f4                HAL_Delay
 .text.RCC_Delay
                0x0800261c       0x2c build/stm32f1xx_hal_rcc.o
 .text.HAL_RCC_OscConfig
                0x08002648      0x410 build/stm32f1xx_hal_rcc.o
                0x08002648                HAL_RCC_OscConfig
 .text.HAL_RCC_GetSysClockFreq
                0x08002a58       0x54 build/stm32f1xx_hal_rcc.o
                0x08002a58                HAL_RCC_GetSysClockFreq
 .text.HAL_RCC_ClockConfig
                0x08002aac      0x16c build/stm32f1xx_hal_rcc.o
                0x08002aac                HAL_RCC_ClockConfig
 .text.HAL_RCC_GetHCLKFreq
                0x08002c18        0xc build/stm32f1xx_hal_rcc.o
                0x08002c18                HAL_RCC_GetHCLKFreq
 .text.HAL_RCC_GetPCLK1Freq
                0x08002c24       0x20 build/stm32f1xx_hal_rcc.o
                0x08002c24                HAL_RCC_GetPCLK1Freq
 .text.HAL_RCC_GetPCLK2Freq
                0x08002c44       0x20 build/stm32f1xx_hal_rcc.o
                0x08002c44                HAL_RCC_GetPCLK2Freq
 .text.HAL_RCC_GetClockConfig
                0x08002c64       0x3c build/stm32f1xx_hal_rcc.o
                0x08002c64                HAL_RCC_GetClockConfig
 .text.HAL_GPIO_Init
                0x08002ca0      0x238 build/stm32f1xx_hal_gpio.o
                0x08002ca0                HAL_GPIO_Init
 .text.HAL_GPIO_WritePin
                0x08002ed8        0xc build/stm32f1xx_hal_gpio.o
                0x08002ed8                HAL_GPIO_WritePin
 .text.HAL_GPIO_TogglePin
                0x08002ee4       0x12 build/stm32f1xx_hal_gpio.o
                0x08002ee4                HAL_GPIO_TogglePin
 *fill*         0x08002ef6        0x2 
 .text.__NVIC_SetPriority
                0x08002ef8       0x28 build/stm32f1xx_hal_cortex.o
 .text.NVIC_EncodePriority
                0x08002f20       0x3e build/stm32f1xx_hal_cortex.o
 *fill*         0x08002f5e        0x2 
 .text.HAL_NVIC_SetPriorityGrouping
                0x08002f60       0x24 build/stm32f1xx_hal_cortex.o
                0x08002f60                HAL_NVIC_SetPriorityGrouping
 .text.HAL_NVIC_SetPriority
                0x08002f84       0x20 build/stm32f1xx_hal_cortex.o
                0x08002f84                HAL_NVIC_SetPriority
 .text.HAL_NVIC_EnableIRQ
                0x08002fa4       0x1c build/stm32f1xx_hal_cortex.o
                0x08002fa4                HAL_NVIC_EnableIRQ
 .text.HAL_TIM_Base_MspInit
                0x08002fc0        0x2 build/stm32f1xx_hal_tim.o
                0x08002fc0                HAL_TIM_Base_MspInit
 *fill*         0x08002fc2        0x2 
 .text.HAL_TIM_Base_Start_IT
                0x08002fc4       0x78 build/stm32f1xx_hal_tim.o
                0x08002fc4                HAL_TIM_Base_Start_IT
 .text.HAL_TIM_OC_DelayElapsedCallback
                0x0800303c        0x2 build/stm32f1xx_hal_tim.o
                0x0800303c                HAL_TIM_OC_DelayElapsedCallback
 .text.HAL_TIM_IC_CaptureCallback
                0x0800303e        0x2 build/stm32f1xx_hal_tim.o
                0x0800303e                HAL_TIM_IC_CaptureCallback
 .text.HAL_TIM_PWM_PulseFinishedCallback
                0x08003040        0x2 build/stm32f1xx_hal_tim.o
                0x08003040                HAL_TIM_PWM_PulseFinishedCallback
 .text.HAL_TIM_TriggerCallback
                0x08003042        0x2 build/stm32f1xx_hal_tim.o
                0x08003042                HAL_TIM_TriggerCallback
 .text.HAL_TIM_IRQHandler
                0x08003044      0x17a build/stm32f1xx_hal_tim.o
                0x08003044                HAL_TIM_IRQHandler
 *fill*         0x080031be        0x2 
 .text.TIM_Base_SetConfig
                0x080031c0       0x98 build/stm32f1xx_hal_tim.o
                0x080031c0                TIM_Base_SetConfig
 .text.HAL_TIM_Base_Init
                0x08003258       0x58 build/stm32f1xx_hal_tim.o
                0x08003258                HAL_TIM_Base_Init
 .text.HAL_TIMEx_CommutCallback
                0x080032b0        0x2 build/stm32f1xx_hal_tim_ex.o
                0x080032b0                HAL_TIMEx_CommutCallback
 .text.HAL_TIMEx_BreakCallback
                0x080032b2        0x2 build/stm32f1xx_hal_tim_ex.o
                0x080032b2                HAL_TIMEx_BreakCallback
 .text.UART_SetConfig
                0x080032b4       0x94 build/stm32f1xx_hal_uart.o
 .text.UART_WaitOnFlagUntilTimeout
                0x08003348       0x84 build/stm32f1xx_hal_uart.o
 .text.HAL_UART_Init
                0x080033cc       0x60 build/stm32f1xx_hal_uart.o
                0x080033cc                HAL_UART_Init
 .text.HAL_UART_Transmit
                0x0800342c       0xbe build/stm32f1xx_hal_uart.o
                0x0800342c                HAL_UART_Transmit
 .text.SystemInit
                0x080034ea        0x2 build/system_stm32f1xx.o
                0x080034ea                SystemInit
 .text._sbrk    0x080034ec       0x48 build/sysmem.o
                0x080034ec                _sbrk
 .text._read    0x08003534       0x20 build/syscalls.o
                0x08003534                _read
 .text._write   0x08003554       0x1c build/syscalls.o
                0x08003554                _write
 .text._close   0x08003570        0x6 build/syscalls.o
                0x08003570                _close
 .text._fstat   0x08003576        0xa build/syscalls.o
                0x08003576                _fstat
 .text._isatty  0x08003580        0x4 build/syscalls.o
                0x08003580                _isatty
 .text._lseek   0x08003584        0x4 build/syscalls.o
                0x08003584                _lseek
 .text.vListInsertEnd
                0x08003588       0x16 build/list.o
                0x08003588                vListInsertEnd
 .text.uxListRemove
                0x0800359e       0x26 build/list.o
                0x0800359e                uxListRemove
 .text.prvResetNextTaskUnblockTime
                0x080035c4       0x2c build/tasks.o
 .text.xTaskIncrementTick
                0x080035f0      0x118 build/tasks.o
                0x080035f0                xTaskIncrementTick
 .text.vTaskSwitchContext
                0x08003708       0x98 build/tasks.o
                0x08003708                vTaskSwitchContext
 .text.SVC_Handler
                0x080037a0       0x24 build/port.o
                0x080037a0                SVC_Handler
 *fill*         0x080037c4        0xc 
 .text.PendSV_Handler
                0x080037d0       0x44 build/port.o
                0x080037d0                PendSV_Handler
 .text.SysTick_Handler
                0x08003814       0x2c build/port.o
                0x08003814                SysTick_Handler
 .text.close    0x08003840       0x78 build/socket.o
                0x08003840                close
 .text.socket   0x080038b8      0x160 build/socket.o
                0x080038b8                socket
 .text.connect  0x08003a18       0xfc build/socket.o
                0x08003a18                connect
 .text.send     0x08003b14      0x124 build/socket.o
                0x08003b14                send
 .text.sendto   0x08003c38      0x160 build/socket.o
                0x08003c38                sendto
 .text.wizchip_cris_enter
                0x08003d98        0x2 build/wizchip_conf.o
                0x08003d98                wizchip_cris_enter
 .text.wizchip_cris_exit
                0x08003d9a        0x2 build/wizchip_conf.o
                0x08003d9a                wizchip_cris_exit
 .text.wizchip_cs_select
                0x08003d9c        0x2 build/wizchip_conf.o
                0x08003d9c                wizchip_cs_select
 .text.wizchip_cs_deselect
                0x08003d9e        0x2 build/wizchip_conf.o
                0x08003d9e                wizchip_cs_deselect
 .text.wizchip_bus_readdata
                0x08003da0        0x4 build/wizchip_conf.o
                0x08003da0                wizchip_bus_readdata
 .text.wizchip_bus_writedata
                0x08003da4        0x4 build/wizchip_conf.o
                0x08003da4                wizchip_bus_writedata
 .text.wizchip_spi_readbyte
                0x08003da8        0x4 build/wizchip_conf.o
                0x08003da8                wizchip_spi_readbyte
 .text.wizchip_spi_writebyte
                0x08003dac        0x2 build/wizchip_conf.o
                0x08003dac                wizchip_spi_writebyte
 *fill*         0x08003dae        0x2 
 .text.reg_wizchip_cs_cbfunc
                0x08003db0       0x24 build/wizchip_conf.o
                0x08003db0                reg_wizchip_cs_cbfunc
 .text.reg_wizchip_spi_cbfunc
                0x08003dd4       0x30 build/wizchip_conf.o
                0x08003dd4                reg_wizchip_spi_cbfunc
 .text.wizchip_sw_reset
                0x08003e04       0x78 build/wizchip_conf.o
                0x08003e04                wizchip_sw_reset
 .text.wizchip_init
                0x08003e7c       0x8a build/wizchip_conf.o
                0x08003e7c                wizchip_init
 .text.wizchip_clrinterrupt
                0x08003f06       0x3a build/wizchip_conf.o
                0x08003f06                wizchip_clrinterrupt
 .text.wizchip_getinterrupt
                0x08003f40       0x20 build/wizchip_conf.o
                0x08003f40                wizchip_getinterrupt
 .text.wizchip_setinterruptmask
                0x08003f60       0x1a build/wizchip_conf.o
                0x08003f60                wizchip_setinterruptmask
 .text.wizchip_getinterruptmask
                0x08003f7a       0x1e build/wizchip_conf.o
                0x08003f7a                wizchip_getinterruptmask
 .text.wizphy_getphylink
                0x08003f98       0x18 build/wizchip_conf.o
                0x08003f98                wizphy_getphylink
 .text.wizphy_getphypmode
                0x08003fb0       0x1a build/wizchip_conf.o
                0x08003fb0                wizphy_getphypmode
 .text.wizphy_reset
                0x08003fca       0x2e build/wizchip_conf.o
                0x08003fca                wizphy_reset
 .text.wizphy_setphyconf
                0x08003ff8       0x4a build/wizchip_conf.o
                0x08003ff8                wizphy_setphyconf
 *fill*         0x08004042        0x2 
 .text.wizphy_getphyconf
                0x08004044       0x70 build/wizchip_conf.o
                0x08004044                wizphy_getphyconf
 .text.wizphy_setphypmode
                0x080040b4       0x62 build/wizchip_conf.o
                0x080040b4                wizphy_setphypmode
 *fill*         0x08004116        0x2 
 .text.ctlwizchip
                0x08004118      0x11c build/wizchip_conf.o
                0x08004118                ctlwizchip
 .text.wizchip_setnetinfo
                0x08004234       0x5c build/wizchip_conf.o
                0x08004234                wizchip_setnetinfo
 .text.wizchip_getnetinfo
                0x08004290       0x5c build/wizchip_conf.o
                0x08004290                wizchip_getnetinfo
 .text.wizchip_setnetmode
                0x080042ec       0x26 build/wizchip_conf.o
                0x080042ec                wizchip_setnetmode
 .text.wizchip_getnetmode
                0x08004312        0xa build/wizchip_conf.o
                0x08004312                wizchip_getnetmode
 .text.wizchip_settimeout
                0x0800431c       0x26 build/wizchip_conf.o
                0x0800431c                wizchip_settimeout
 .text.wizchip_gettimeout
                0x08004342       0x28 build/wizchip_conf.o
                0x08004342                wizchip_gettimeout
 .text.ctlnetwork
                0x0800436a       0x52 build/wizchip_conf.o
                0x0800436a                ctlnetwork
 .text.WIZCHIP_READ
                0x080043bc       0x64 build/w5500.o
                0x080043bc                WIZCHIP_READ
 .text.WIZCHIP_WRITE
                0x08004420       0x68 build/w5500.o
                0x08004420                WIZCHIP_WRITE
 .text.WIZCHIP_READ_BUF
                0x08004488       0x7c build/w5500.o
                0x08004488                WIZCHIP_READ_BUF
 .text.WIZCHIP_WRITE_BUF
                0x08004504       0x7c build/w5500.o
                0x08004504                WIZCHIP_WRITE_BUF
 .text.getSn_TX_FSR
                0x08004580       0x56 build/w5500.o
                0x08004580                getSn_TX_FSR
 .text.wiz_send_data
                0x080045d6       0x5c build/w5500.o
                0x080045d6                wiz_send_data
 *fill*         0x08004632        0x2 
 .text.W5500_Select
                0x08004634       0x14 build/MyUDP.o
                0x08004634                W5500_Select
 .text.W5500_Unselect
                0x08004648       0x14 build/MyUDP.o
                0x08004648                W5500_Unselect
 .text.W5500_Restart
                0x0800465c       0x30 build/MyUDP.o
                0x0800465c                W5500_Restart
 .text.W5500_ReadBuff
                0x0800468c       0x18 build/MyUDP.o
                0x0800468c                W5500_ReadBuff
 .text.W5500_ReadByte
                0x080046a4       0x18 build/MyUDP.o
                0x080046a4                W5500_ReadByte
 .text.W5500_WriteBuff
                0x080046bc       0x18 build/MyUDP.o
                0x080046bc                W5500_WriteBuff
 .text.W5500_WriteByte
                0x080046d4       0x18 build/MyUDP.o
                0x080046d4                W5500_WriteByte
 .text.UDPinit  0x080046ec       0x64 build/MyUDP.o
                0x080046ec                UDPinit
 .text.do_udp1  0x08004750       0x60 build/MyUDP.o
                0x08004750                do_udp1
 .text.do_tcp_client1
                0x080047b0       0x9c build/MyUDP.o
                0x080047b0                do_tcp_client1
 .text.w5500_main
                0x0800484c       0xc8 build/MyUDP.o
                0x0800484c                w5500_main
 .text.Reset_Handler
                0x08004914       0x48 build/startup_stm32f103xe.o
                0x08004914                Reset_Handler
 .text.Default_Handler
                0x0800495c        0x2 build/startup_stm32f103xe.o
                0x0800495c                RTC_Alarm_IRQHandler
                0x0800495c                EXTI2_IRQHandler
                0x0800495c                TIM8_TRG_COM_IRQHandler
                0x0800495c                TIM8_CC_IRQHandler
                0x0800495c                TIM1_CC_IRQHandler
                0x0800495c                TIM6_IRQHandler
                0x0800495c                PVD_IRQHandler
                0x0800495c                SDIO_IRQHandler
                0x0800495c                EXTI3_IRQHandler
                0x0800495c                EXTI0_IRQHandler
                0x0800495c                I2C2_EV_IRQHandler
                0x0800495c                ADC1_2_IRQHandler
                0x0800495c                SPI1_IRQHandler
                0x0800495c                TAMPER_IRQHandler
                0x0800495c                TIM8_UP_IRQHandler
                0x0800495c                DMA2_Channel2_IRQHandler
                0x0800495c                DMA1_Channel4_IRQHandler
                0x0800495c                USART3_IRQHandler
                0x0800495c                RTC_IRQHandler
                0x0800495c                DMA1_Channel7_IRQHandler
                0x0800495c                CAN1_RX1_IRQHandler
                0x0800495c                UART5_IRQHandler
                0x0800495c                ADC3_IRQHandler
                0x0800495c                TIM4_IRQHandler
                0x0800495c                DMA2_Channel1_IRQHandler
                0x0800495c                I2C1_EV_IRQHandler
                0x0800495c                DMA1_Channel6_IRQHandler
                0x0800495c                UART4_IRQHandler
                0x0800495c                TIM3_IRQHandler
                0x0800495c                RCC_IRQHandler
                0x0800495c                TIM1_TRG_COM_IRQHandler
                0x0800495c                DMA1_Channel1_IRQHandler
                0x0800495c                Default_Handler
                0x0800495c                EXTI15_10_IRQHandler
                0x0800495c                TIM7_IRQHandler
                0x0800495c                TIM5_IRQHandler
                0x0800495c                EXTI9_5_IRQHandler
                0x0800495c                SPI2_IRQHandler
                0x0800495c                DMA1_Channel5_IRQHandler
                0x0800495c                EXTI4_IRQHandler
                0x0800495c                USB_LP_CAN1_RX0_IRQHandler
                0x0800495c                USB_HP_CAN1_TX_IRQHandler
                0x0800495c                DMA1_Channel3_IRQHandler
                0x0800495c                FSMC_IRQHandler
                0x0800495c                TIM1_UP_IRQHandler
                0x0800495c                WWDG_IRQHandler
                0x0800495c                TIM1_BRK_IRQHandler
                0x0800495c                EXTI1_IRQHandler
                0x0800495c                DMA2_Channel4_5_IRQHandler
                0x0800495c                USART2_IRQHandler
                0x0800495c                I2C2_ER_IRQHandler
                0x0800495c                DMA1_Channel2_IRQHandler
                0x0800495c                TIM8_BRK_IRQHandler
                0x0800495c                CAN1_SCE_IRQHandler
                0x0800495c                FLASH_IRQHandler
                0x0800495c                USART1_IRQHandler
                0x0800495c                SPI3_IRQHandler
                0x0800495c                I2C1_ER_IRQHandler
                0x0800495c                USBWakeUp_IRQHandler
                0x0800495c                DMA2_Channel3_IRQHandler
 *(.glue_7)
 .glue_7        0x0800495e        0x0 linker stubs
 *(.glue_7t)
 .glue_7t       0x0800495e        0x0 linker stubs
 *(.eh_frame)
 *fill*         0x0800495e        0x2 
 .eh_frame      0x08004960        0x0 /usr/lib/gcc/arm-none-eabi/13.2.1/thumb/v7-m/nofp/crtbegin.o
 *(.init)
 .init          0x08004960        0x4 /usr/lib/gcc/arm-none-eabi/13.2.1/thumb/v7-m/nofp/crti.o
                0x08004960                _init
 .init          0x08004964        0x8 /usr/lib/gcc/arm-none-eabi/13.2.1/thumb/v7-m/nofp/crtn.o
 *(.fini)
 .fini          0x0800496c        0x4 /usr/lib/gcc/arm-none-eabi/13.2.1/thumb/v7-m/nofp/crti.o
                0x0800496c                _fini
 .fini          0x08004970        0x8 /usr/lib/gcc/arm-none-eabi/13.2.1/thumb/v7-m/nofp/crtn.o
                0x08004978                        . = ALIGN (0x4)
                0x08004978                        _etext = .

.vfp11_veneer   0x08004978        0x0
 .vfp11_veneer  0x08004978        0x0 linker stubs

.v4_bx          0x08004978        0x0
 .v4_bx         0x08004978        0x0 linker stubs

.iplt           0x08004978        0x0
 .iplt          0x08004978        0x0 /usr/lib/gcc/arm-none-eabi/13.2.1/thumb/v7-m/nofp/crtbegin.o

.rodata         0x08004978      0x13c
                0x08004978                        . = ALIGN (0x4)
 *(.rodata)
 *(.rodata*)
 .rodata.aPredivFactorTable.0
                0x08004978        0x2 build/stm32f1xx_hal_rcc.o
 *fill*         0x0800497a        0x2 
 .rodata.aPLLMULFactorTable.1
                0x0800497c       0x10 build/stm32f1xx_hal_rcc.o
 .rodata.APBPrescTable
                0x0800498c        0x8 build/system_stm32f1xx.o
                0x0800498c                APBPrescTable
 .rodata.AHBPrescTable
                0x08004994       0x10 build/system_stm32f1xx.o
                0x08004994                AHBPrescTable
 .rodata.UDPinit.str1.4
                0x080049a4      0x10d build/MyUDP.o
                                 0x11 (size before relaxing)
 .rodata.do_udp.str1.4
                0x08004ab1        0xc build/MyUDP.o
 .rodata.do_tcp_server.str1.4
                0x08004ab1       0x15 build/MyUDP.o
 .rodata.do_tcp_client1.str1.4
                0x08004ab1       0x13 build/MyUDP.o
 .rodata.w5500_main.str1.4
                0x08004ab1       0x85 build/MyUDP.o
 .rodata.str1.4
                0x08004ab1       0x13 /usr/lib/gcc/arm-none-eabi/13.2.1/../../../arm-none-eabi/lib/thumb/v7-m/nofp/libc_nano.a(libc_a-nano-vfprintf.o)
 .rodata.str1.4
                0x08004ab1       0x25 /usr/lib/gcc/arm-none-eabi/13.2.1/../../../arm-none-eabi/lib/thumb/v7-m/nofp/libc_nano.a(libc_a-nano-vfprintf_i.o)
                0x08004b38                        . = ALIGN (0x4)
 *fill*         0x08004ab1        0x3 

.ARM.extab
 *(.ARM.extab* .gnu.linkonce.armextab.*)

.ARM            0x08004ab4        0x8
                0x08004ab4                        __exidx_start = .
 *(.ARM.exidx*)
 .ARM.exidx     0x08004ab4        0x8 /usr/lib/gcc/arm-none-eabi/13.2.1/../../../arm-none-eabi/lib/thumb/v7-m/nofp/libc_nano.a(libc_a-memcpy.o)
                0x08004abc                        __exidx_end = .

.rel.dyn        0x08004abc        0x0
 .rel.iplt      0x08004abc        0x0 /usr/lib/gcc/arm-none-eabi/13.2.1/thumb/v7-m/nofp/crtbegin.o

.preinit_array  0x08004abc        0x0
                0x08004abc                        PROVIDE (__preinit_array_start = .)
 *(.preinit_array*)
                0x08004abc                        PROVIDE (__preinit_array_end = .)

.init_array     0x08004abc        0x4
                0x08004abc                        PROVIDE (__init_array_start = .)
 *(SORT_BY_NAME(.init_array.*))
 *(.init_array*)
 .init_array    0x08004abc        0x4 /usr/lib/gcc/arm-none-eabi/13.2.1/thumb/v7-m/nofp/crtbegin.o
                0x08004ac0                        PROVIDE (__init_array_end = .)

.fini_array     0x08004ac0        0x4
                0x08004ac0                        PROVIDE (__fini_array_start = .)
 *(SORT_BY_NAME(.fini_array.*))
 *(.fini_array*)
 .fini_array    0x08004ac0        0x4 /usr/lib/gcc/arm-none-eabi/13.2.1/thumb/v7-m/nofp/crtbegin.o
                0x08004ac4                        PROVIDE (__fini_array_end = .)
                0x08004ac4                        _sidata = LOADADDR (.data)

.data           0x20000000       0xb8 load address 0x08004ac4
                0x20000000                        . = ALIGN (0x4)
                0x20000000                        _sdata = .
 *(.data)
 .data          0x20000000       0x50 /usr/lib/gcc/arm-none-eabi/13.2.1/../../../arm-none-eabi/lib/thumb/v7-m/nofp/libc_nano.a(libc_a-impure.o)
                0x20000000                _impure_ptr
                0x20000004                _impure_data
 .data          0x20000050        0xc /usr/lib/gcc/arm-none-eabi/13.2.1/../../../arm-none-eabi/lib/thumb/v7-m/nofp/libc_nano.a(libc_a-findfp.o)
                0x20000050                __sglue
 *(.data*)
 .data.uwTickFreq
                0x2000005c        0x1 build/stm32f1xx_hal.o
                0x2000005c                uwTickFreq
 *fill*         0x2000005d        0x3 
 .data.uwTickPrio
                0x20000060        0x4 build/stm32f1xx_hal.o
                0x20000060                uwTickPrio
 .data.SystemCoreClock
                0x20000064        0x4 build/system_stm32f1xx.o
                0x20000064                SystemCoreClock
 .data.sock_any_port
                0x20000068        0x2 build/socket.o
 *fill*         0x2000006a        0x2 
 .data.WIZCHIP  0x2000006c       0x2c build/wizchip_conf.o
                0x2000006c                WIZCHIP
 .data.gSetNetInfo
                0x20000098       0x17 build/MyUDP.o
                0x20000098                gSetNetInfo
 *fill*         0x200000af        0x1 
 .data.local_port
                0x200000b0        0x2 build/MyUDP.o
                0x200000b0                local_port
 .data.remote_port
                0x200000b2        0x2 build/MyUDP.o
                0x200000b2                remote_port
 .data.remote_ip
                0x200000b4        0x4 build/MyUDP.o
                0x200000b4                remote_ip
                0x200000b8                        . = ALIGN (0x4)
                0x200000b8                        _edata = .

.tm_clone_table
                0x200000b8        0x0 load address 0x08004b7c
 .tm_clone_table
                0x200000b8        0x0 /usr/lib/gcc/arm-none-eabi/13.2.1/thumb/v7-m/nofp/crtbegin.o
 .tm_clone_table
                0x200000b8        0x0 /usr/lib/gcc/arm-none-eabi/13.2.1/thumb/v7-m/nofp/crtend.o

.igot.plt       0x200000b8        0x0 load address 0x08004b7c
 .igot.plt      0x200000b8        0x0 /usr/lib/gcc/arm-none-eabi/13.2.1/thumb/v7-m/nofp/crtbegin.o
                0x200000b8                        . = ALIGN (0x4)

.bss            0x200000b8      0x718 load address 0x08004b7c
                0x200000b8                        _sbss = .
                0x200000b8                        __bss_start__ = _sbss
 *(.bss)
 .bss           0x200000b8       0x1c /usr/lib/gcc/arm-none-eabi/13.2.1/thumb/v7-m/nofp/crtbegin.o
 .bss           0x200000d4      0x13c /usr/lib/gcc/arm-none-eabi/13.2.1/../../../arm-none-eabi/lib/thumb/v7-m/nofp/libc_nano.a(libc_a-findfp.o)
                0x200000d4                __sf
                0x2000020c                __stdio_exit_handler
 .bss           0x20000210        0x8 /usr/lib/gcc/arm-none-eabi/13.2.1/../../../arm-none-eabi/lib/thumb/v7-m/nofp/libc_nano.a(libc_a-mallocr.o)
                0x20000210                __malloc_sbrk_start
                0x20000214                __malloc_free_list
 .bss           0x20000218        0x4 /usr/lib/gcc/arm-none-eabi/13.2.1/../../../arm-none-eabi/lib/thumb/v7-m/nofp/libc_nano.a(libc_a-reent.o)
                0x20000218                errno
 *(.bss*)
 .bss.hspi2     0x2000021c       0x58 build/spi.o
                0x2000021c                hspi2
 .bss.huart1    0x20000274       0x48 build/usart.o
                0x20000274                huart1
 .bss.htim2     0x200002bc       0x48 build/stm32f1xx_hal_timebase_tim.o
                0x200002bc                htim2
 .bss.uwTick    0x20000304        0x4 build/stm32f1xx_hal.o
                0x20000304                uwTick
 .bss.__sbrk_heap_end
                0x20000308        0x4 build/sysmem.o
 .bss.uxSchedulerSuspended
                0x2000030c        0x4 build/tasks.o
 .bss.xNextTaskUnblockTime
                0x20000310        0x4 build/tasks.o
 .bss.xNumOfOverflows
                0x20000314        0x4 build/tasks.o
 .bss.xYieldPending
                0x20000318        0x4 build/tasks.o
 .bss.uxPendedTicks
                0x2000031c        0x4 build/tasks.o
 .bss.uxTopReadyPriority
                0x20000320        0x4 build/tasks.o
 .bss.xTickCount
                0x20000324        0x4 build/tasks.o
 .bss.pxOverflowDelayedTaskList
                0x20000328        0x4 build/tasks.o
 .bss.pxDelayedTaskList
                0x2000032c        0x4 build/tasks.o
 .bss.pxReadyTasksLists
                0x20000330      0x460 build/tasks.o
 .bss.pxCurrentTCB
                0x20000790        0x4 build/tasks.o
                0x20000790                pxCurrentTCB
 .bss.sock_pack_info
                0x20000794        0x8 build/socket.o
                0x20000794                sock_pack_info
 .bss.sock_remained_size
                0x2000079c       0x10 build/socket.o
 .bss.sock_is_sending
                0x200007ac        0x2 build/socket.o
 .bss.sock_io_mode
                0x200007ae        0x2 build/socket.o
 .bss._DHCP_    0x200007b0        0x1 build/wizchip_conf.o
 *fill*         0x200007b1        0x3 
 .bss._DNS_     0x200007b4        0x4 build/wizchip_conf.o
 .bss.gGetNetInfo
                0x200007b8       0x17 build/MyUDP.o
                0x200007b8                gGetNetInfo
 *(COMMON)
                0x200007d0                        . = ALIGN (0x4)
 *fill*         0x200007cf        0x1 
                0x200007d0                        _ebss = .
                0x200007d0                        __bss_end__ = _ebss

._user_heap_stack
                0x200007d0      0x600 load address 0x08004b7c
                0x200007d0                        . = ALIGN (0x8)
                [!provide]                        PROVIDE (end = .)
                0x200007d0                        PROVIDE (_end = .)
                0x200009d0                        . = (. + _Min_Heap_Size)
 *fill*         0x200007d0      0x200 
                0x20000dd0                        . = (. + _Min_Stack_Size)
 *fill*         0x200009d0      0x400 
                0x20000dd0                        . = ALIGN (0x8)

/DISCARD/
 libc.a(*)
 libm.a(*)
 libgcc.a(*)

.ARM.attributes
                0x00000000       0x29
 *(.ARM.attributes)
 .ARM.attributes
                0x00000000       0x1d /usr/lib/gcc/arm-none-eabi/13.2.1/thumb/v7-m/nofp/crti.o
 .ARM.attributes
                0x0000001d       0x2d /usr/lib/gcc/arm-none-eabi/13.2.1/thumb/v7-m/nofp/crtbegin.o
 .ARM.attributes
                0x0000004a       0x2d build/main.o
 .ARM.attributes
                0x00000077       0x2d build/gpio.o
 .ARM.attributes
                0x000000a4       0x2d build/spi.o
 .ARM.attributes
                0x000000d1       0x2d build/usart.o
 .ARM.attributes
                0x000000fe       0x2d build/stm32f1xx_it.o
 .ARM.attributes
                0x0000012b       0x2d build/stm32f1xx_hal_msp.o
 .ARM.attributes
                0x00000158       0x2d build/stm32f1xx_hal_timebase_tim.o
 .ARM.attributes
                0x00000185       0x2d build/stm32f1xx_hal_spi.o
 .ARM.attributes
                0x000001b2       0x2d build/stm32f1xx_hal.o
 .ARM.attributes
                0x000001df       0x2d build/stm32f1xx_hal_rcc.o
 .ARM.attributes
                0x0000020c       0x2d build/stm32f1xx_hal_gpio.o
 .ARM.attributes
                0x00000239       0x2d build/stm32f1xx_hal_cortex.o
 .ARM.attributes
                0x00000266       0x2d build/stm32f1xx_hal_tim.o
 .ARM.attributes
                0x00000293       0x2d build/stm32f1xx_hal_tim_ex.o
 .ARM.attributes
                0x000002c0       0x2d build/stm32f1xx_hal_uart.o
 .ARM.attributes
                0x000002ed       0x2d build/system_stm32f1xx.o
 .ARM.attributes
                0x0000031a       0x2d build/sysmem.o
 .ARM.attributes
                0x00000347       0x2d build/syscalls.o
 .ARM.attributes
                0x00000374       0x2d build/list.o
 .ARM.attributes
                0x000003a1       0x2d build/tasks.o
 .ARM.attributes
                0x000003ce       0x2d build/port.o
 .ARM.attributes
                0x000003fb       0x2d build/socket.o
 .ARM.attributes
                0x00000428       0x2d build/wizchip_conf.o
 .ARM.attributes
                0x00000455       0x2d build/w5500.o
 .ARM.attributes
                0x00000482       0x2d build/MyUDP.o
 .ARM.attributes
                0x000004af       0x21 build/startup_stm32f103xe.o
 .ARM.attributes
                0x000004d0       0x2d /usr/lib/gcc/arm-none-eabi/13.2.1/../../../arm-none-eabi/lib/thumb/v7-m/nofp/libc_nano.a(libc_a-init.o)
 .ARM.attributes
                0x000004fd       0x2d /usr/lib/gcc/arm-none-eabi/13.2.1/../../../arm-none-eabi/lib/thumb/v7-m/nofp/libc_nano.a(libc_a-memset.o)
 .ARM.attributes
                0x0000052a       0x2d /usr/lib/gcc/arm-none-eabi/13.2.1/../../../arm-none-eabi/lib/thumb/v7-m/nofp/libc_nano.a(libc_a-errno.o)
 .ARM.attributes
                0x00000557       0x1b /usr/lib/gcc/arm-none-eabi/13.2.1/../../../arm-none-eabi/lib/thumb/v7-m/nofp/libc_nano.a(libc_a-memcpy.o)
 .ARM.attributes
                0x00000572       0x2d /usr/lib/gcc/arm-none-eabi/13.2.1/../../../arm-none-eabi/lib/thumb/v7-m/nofp/libc_nano.a(libc_a-printf.o)
 .ARM.attributes
                0x0000059f       0x2d /usr/lib/gcc/arm-none-eabi/13.2.1/../../../arm-none-eabi/lib/thumb/v7-m/nofp/libc_nano.a(libc_a-nano-vfprintf.o)
 .ARM.attributes
                0x000005cc       0x2d /usr/lib/gcc/arm-none-eabi/13.2.1/../../../arm-none-eabi/lib/thumb/v7-m/nofp/libc_nano.a(libc_a-wbuf.o)
 .ARM.attributes
                0x000005f9       0x2d /usr/lib/gcc/arm-none-eabi/13.2.1/../../../arm-none-eabi/lib/thumb/v7-m/nofp/libc_nano.a(libc_a-impure.o)
 .ARM.attributes
                0x00000626       0x2d /usr/lib/gcc/arm-none-eabi/13.2.1/../../../arm-none-eabi/lib/thumb/v7-m/nofp/libc_nano.a(libc_a-fvwrite.o)
 .ARM.attributes
                0x00000653       0x2d /usr/lib/gcc/arm-none-eabi/13.2.1/../../../arm-none-eabi/lib/thumb/v7-m/nofp/libc_nano.a(libc_a-findfp.o)
 .ARM.attributes
                0x00000680       0x2d /usr/lib/gcc/arm-none-eabi/13.2.1/../../../arm-none-eabi/lib/thumb/v7-m/nofp/libc_nano.a(libc_a-fflush.o)
 .ARM.attributes
                0x000006ad       0x2d /usr/lib/gcc/arm-none-eabi/13.2.1/../../../arm-none-eabi/lib/thumb/v7-m/nofp/libc_nano.a(libc_a-mallocr.o)
 .ARM.attributes
                0x000006da       0x2d /usr/lib/gcc/arm-none-eabi/13.2.1/../../../arm-none-eabi/lib/thumb/v7-m/nofp/libc_nano.a(libc_a-freer.o)
 .ARM.attributes
                0x00000707       0x2d /usr/lib/gcc/arm-none-eabi/13.2.1/../../../arm-none-eabi/lib/thumb/v7-m/nofp/libc_nano.a(libc_a-memmove.o)
 .ARM.attributes
                0x00000734       0x2d /usr/lib/gcc/arm-none-eabi/13.2.1/../../../arm-none-eabi/lib/thumb/v7-m/nofp/libc_nano.a(libc_a-fwalk.o)
 .ARM.attributes
                0x00000761       0x2d /usr/lib/gcc/arm-none-eabi/13.2.1/../../../arm-none-eabi/lib/thumb/v7-m/nofp/libc_nano.a(libc_a-wsetup.o)
 .ARM.attributes
                0x0000078e       0x2d /usr/lib/gcc/arm-none-eabi/13.2.1/../../../arm-none-eabi/lib/thumb/v7-m/nofp/libc_nano.a(libc_a-reallocr.o)
 .ARM.attributes
                0x000007bb       0x2d /usr/lib/gcc/arm-none-eabi/13.2.1/../../../arm-none-eabi/lib/thumb/v7-m/nofp/libc_nano.a(libc_a-nano-vfprintf_i.o)
 .ARM.attributes
                0x000007e8       0x2d /usr/lib/gcc/arm-none-eabi/13.2.1/../../../arm-none-eabi/lib/thumb/v7-m/nofp/libc_nano.a(libc_a-mlock.o)
 .ARM.attributes
                0x00000815       0x2d /usr/lib/gcc/arm-none-eabi/13.2.1/../../../arm-none-eabi/lib/thumb/v7-m/nofp/libc_nano.a(libc_a-makebuf.o)
 .ARM.attributes
                0x00000842       0x2d /usr/lib/gcc/arm-none-eabi/13.2.1/../../../arm-none-eabi/lib/thumb/v7-m/nofp/libc_nano.a(libc_a-memchr-stub.o)
 .ARM.attributes
                0x0000086f       0x2d /usr/lib/gcc/arm-none-eabi/13.2.1/../../../arm-none-eabi/lib/thumb/v7-m/nofp/libc_nano.a(libc_a-isattyr.o)
 .ARM.attributes
                0x0000089c       0x2d /usr/lib/gcc/arm-none-eabi/13.2.1/../../../arm-none-eabi/lib/thumb/v7-m/nofp/libc_nano.a(libc_a-sbrkr.o)
 .ARM.attributes
                0x000008c9       0x2d /usr/lib/gcc/arm-none-eabi/13.2.1/../../../arm-none-eabi/lib/thumb/v7-m/nofp/libc_nano.a(libc_a-stdio.o)
 .ARM.attributes
                0x000008f6       0x2d /usr/lib/gcc/arm-none-eabi/13.2.1/../../../arm-none-eabi/lib/thumb/v7-m/nofp/libc_nano.a(libc_a-msizer.o)
 .ARM.attributes
                0x00000923       0x2d /usr/lib/gcc/arm-none-eabi/13.2.1/../../../arm-none-eabi/lib/thumb/v7-m/nofp/libc_nano.a(libc_a-closer.o)
 .ARM.attributes
                0x00000950       0x2d /usr/lib/gcc/arm-none-eabi/13.2.1/../../../arm-none-eabi/lib/thumb/v7-m/nofp/libc_nano.a(libc_a-readr.o)
 .ARM.attributes
                0x0000097d       0x2d /usr/lib/gcc/arm-none-eabi/13.2.1/../../../arm-none-eabi/lib/thumb/v7-m/nofp/libc_nano.a(libc_a-reent.o)
 .ARM.attributes
                0x000009aa       0x2d /usr/lib/gcc/arm-none-eabi/13.2.1/../../../arm-none-eabi/lib/thumb/v7-m/nofp/libc_nano.a(libc_a-fstatr.o)
 .ARM.attributes
                0x000009d7       0x2d /usr/lib/gcc/arm-none-eabi/13.2.1/../../../arm-none-eabi/lib/thumb/v7-m/nofp/libc_nano.a(libc_a-lseekr.o)
 .ARM.attributes
                0x00000a04       0x2d /usr/lib/gcc/arm-none-eabi/13.2.1/../../../arm-none-eabi/lib/thumb/v7-m/nofp/libc_nano.a(libc_a-writer.o)
 .ARM.attributes
                0x00000a31       0x2d /usr/lib/gcc/arm-none-eabi/13.2.1/thumb/v7-m/nofp/crtend.o
 .ARM.attributes
                0x00000a5e       0x1d /usr/lib/gcc/arm-none-eabi/13.2.1/thumb/v7-m/nofp/crtn.o
OUTPUT(build/test2.elf elf32-littlearm)
LOAD linker stubs
LOAD /usr/lib/gcc/arm-none-eabi/13.2.1/../../../arm-none-eabi/lib/thumb/v7-m/nofp/libc.a
LOAD /usr/lib/gcc/arm-none-eabi/13.2.1/../../../arm-none-eabi/lib/thumb/v7-m/nofp/libm.a
LOAD /usr/lib/gcc/arm-none-eabi/13.2.1/thumb/v7-m/nofp/libgcc.a

.comment        0x00000000       0x26
 .comment       0x00000000       0x26 /usr/lib/gcc/arm-none-eabi/13.2.1/thumb/v7-m/nofp/crtbegin.o
                                 0x27 (size before relaxing)
 .comment       0x00000026       0x27 build/main.o
 .comment       0x00000026       0x27 build/gpio.o
 .comment       0x00000026       0x27 build/spi.o
 .comment       0x00000026       0x27 build/usart.o
 .comment       0x00000026       0x27 build/stm32f1xx_it.o
 .comment       0x00000026       0x27 build/stm32f1xx_hal_msp.o
 .comment       0x00000026       0x27 build/stm32f1xx_hal_timebase_tim.o
 .comment       0x00000026       0x27 build/stm32f1xx_hal_spi.o
 .comment       0x00000026       0x27 build/stm32f1xx_hal.o
 .comment       0x00000026       0x27 build/stm32f1xx_hal_rcc.o
 .comment       0x00000026       0x27 build/stm32f1xx_hal_gpio.o
 .comment       0x00000026       0x27 build/stm32f1xx_hal_cortex.o
 .comment       0x00000026       0x27 build/stm32f1xx_hal_tim.o
 .comment       0x00000026       0x27 build/stm32f1xx_hal_tim_ex.o
 .comment       0x00000026       0x27 build/stm32f1xx_hal_uart.o
 .comment       0x00000026       0x27 build/system_stm32f1xx.o
 .comment       0x00000026       0x27 build/sysmem.o
 .comment       0x00000026       0x27 build/syscalls.o
 .comment       0x00000026       0x27 build/list.o
 .comment       0x00000026       0x27 build/tasks.o
 .comment       0x00000026       0x27 build/port.o
 .comment       0x00000026       0x27 build/socket.o
 .comment       0x00000026       0x27 build/wizchip_conf.o
 .comment       0x00000026       0x27 build/w5500.o
 .comment       0x00000026       0x27 build/MyUDP.o
 .comment       0x00000026       0x27 /usr/lib/gcc/arm-none-eabi/13.2.1/../../../arm-none-eabi/lib/thumb/v7-m/nofp/libc_nano.a(libc_a-init.o)
 .comment       0x00000026       0x27 /usr/lib/gcc/arm-none-eabi/13.2.1/../../../arm-none-eabi/lib/thumb/v7-m/nofp/libc_nano.a(libc_a-memset.o)
 .comment       0x00000026       0x27 /usr/lib/gcc/arm-none-eabi/13.2.1/../../../arm-none-eabi/lib/thumb/v7-m/nofp/libc_nano.a(libc_a-errno.o)
 .comment       0x00000026       0x27 /usr/lib/gcc/arm-none-eabi/13.2.1/../../../arm-none-eabi/lib/thumb/v7-m/nofp/libc_nano.a(libc_a-printf.o)
 .comment       0x00000026       0x27 /usr/lib/gcc/arm-none-eabi/13.2.1/../../../arm-none-eabi/lib/thumb/v7-m/nofp/libc_nano.a(libc_a-nano-vfprintf.o)
 .comment       0x00000026       0x27 /usr/lib/gcc/arm-none-eabi/13.2.1/../../../arm-none-eabi/lib/thumb/v7-m/nofp/libc_nano.a(libc_a-wbuf.o)
 .comment       0x00000026       0x27 /usr/lib/gcc/arm-none-eabi/13.2.1/../../../arm-none-eabi/lib/thumb/v7-m/nofp/libc_nano.a(libc_a-impure.o)
 .comment       0x00000026       0x27 /usr/lib/gcc/arm-none-eabi/13.2.1/../../../arm-none-eabi/lib/thumb/v7-m/nofp/libc_nano.a(libc_a-fvwrite.o)
 .comment       0x00000026       0x27 /usr/lib/gcc/arm-none-eabi/13.2.1/../../../arm-none-eabi/lib/thumb/v7-m/nofp/libc_nano.a(libc_a-findfp.o)
 .comment       0x00000026       0x27 /usr/lib/gcc/arm-none-eabi/13.2.1/../../../arm-none-eabi/lib/thumb/v7-m/nofp/libc_nano.a(libc_a-fflush.o)
 .comment       0x00000026       0x27 /usr/lib/gcc/arm-none-eabi/13.2.1/../../../arm-none-eabi/lib/thumb/v7-m/nofp/libc_nano.a(libc_a-mallocr.o)
 .comment       0x00000026       0x27 /usr/lib/gcc/arm-none-eabi/13.2.1/../../../arm-none-eabi/lib/thumb/v7-m/nofp/libc_nano.a(libc_a-freer.o)
 .comment       0x00000026       0x27 /usr/lib/gcc/arm-none-eabi/13.2.1/../../../arm-none-eabi/lib/thumb/v7-m/nofp/libc_nano.a(libc_a-memmove.o)
 .comment       0x00000026       0x27 /usr/lib/gcc/arm-none-eabi/13.2.1/../../../arm-none-eabi/lib/thumb/v7-m/nofp/libc_nano.a(libc_a-fwalk.o)
 .comment       0x00000026       0x27 /usr/lib/gcc/arm-none-eabi/13.2.1/../../../arm-none-eabi/lib/thumb/v7-m/nofp/libc_nano.a(libc_a-wsetup.o)
 .comment       0x00000026       0x27 /usr/lib/gcc/arm-none-eabi/13.2.1/../../../arm-none-eabi/lib/thumb/v7-m/nofp/libc_nano.a(libc_a-reallocr.o)
 .comment       0x00000026       0x27 /usr/lib/gcc/arm-none-eabi/13.2.1/../../../arm-none-eabi/lib/thumb/v7-m/nofp/libc_nano.a(libc_a-nano-vfprintf_i.o)
 .comment       0x00000026       0x27 /usr/lib/gcc/arm-none-eabi/13.2.1/../../../arm-none-eabi/lib/thumb/v7-m/nofp/libc_nano.a(libc_a-mlock.o)
 .comment       0x00000026       0x27 /usr/lib/gcc/arm-none-eabi/13.2.1/../../../arm-none-eabi/lib/thumb/v7-m/nofp/libc_nano.a(libc_a-makebuf.o)
 .comment       0x00000026       0x27 /usr/lib/gcc/arm-none-eabi/13.2.1/../../../arm-none-eabi/lib/thumb/v7-m/nofp/libc_nano.a(libc_a-memchr-stub.o)
 .comment       0x00000026       0x27 /usr/lib/gcc/arm-none-eabi/13.2.1/../../../arm-none-eabi/lib/thumb/v7-m/nofp/libc_nano.a(libc_a-isattyr.o)
 .comment       0x00000026       0x27 /usr/lib/gcc/arm-none-eabi/13.2.1/../../../arm-none-eabi/lib/thumb/v7-m/nofp/libc_nano.a(libc_a-sbrkr.o)
 .comment       0x00000026       0x27 /usr/lib/gcc/arm-none-eabi/13.2.1/../../../arm-none-eabi/lib/thumb/v7-m/nofp/libc_nano.a(libc_a-stdio.o)
 .comment       0x00000026       0x27 /usr/lib/gcc/arm-none-eabi/13.2.1/../../../arm-none-eabi/lib/thumb/v7-m/nofp/libc_nano.a(libc_a-msizer.o)
 .comment       0x00000026       0x27 /usr/lib/gcc/arm-none-eabi/13.2.1/../../../arm-none-eabi/lib/thumb/v7-m/nofp/libc_nano.a(libc_a-closer.o)
 .comment       0x00000026       0x27 /usr/lib/gcc/arm-none-eabi/13.2.1/../../../arm-none-eabi/lib/thumb/v7-m/nofp/libc_nano.a(libc_a-readr.o)
 .comment       0x00000026       0x27 /usr/lib/gcc/arm-none-eabi/13.2.1/../../../arm-none-eabi/lib/thumb/v7-m/nofp/libc_nano.a(libc_a-reent.o)
 .comment       0x00000026       0x27 /usr/lib/gcc/arm-none-eabi/13.2.1/../../../arm-none-eabi/lib/thumb/v7-m/nofp/libc_nano.a(libc_a-fstatr.o)
 .comment       0x00000026       0x27 /usr/lib/gcc/arm-none-eabi/13.2.1/../../../arm-none-eabi/lib/thumb/v7-m/nofp/libc_nano.a(libc_a-lseekr.o)
 .comment       0x00000026       0x27 /usr/lib/gcc/arm-none-eabi/13.2.1/../../../arm-none-eabi/lib/thumb/v7-m/nofp/libc_nano.a(libc_a-writer.o)
 .comment       0x00000026       0x27 /usr/lib/gcc/arm-none-eabi/13.2.1/thumb/v7-m/nofp/crtend.o

.debug_info     0x00000000    0x2ab2e
 .debug_info    0x00000000      0xaf7 build/main.o
 .debug_info    0x00000af7      0x37e build/gpio.o
 .debug_info    0x00000e75      0x953 build/spi.o
 .debug_info    0x000017c8      0x91b build/usart.o
 .debug_info    0x000020e3      0x74f build/stm32f1xx_it.o
 .debug_info    0x00002832      0x423 build/stm32f1xx_hal_msp.o
 .debug_info    0x00002c55      0xbb6 build/stm32f1xx_hal_timebase_tim.o
 .debug_info    0x0000380b     0x1f2d build/stm32f1xx_hal_spi.o
 .debug_info    0x00005738      0x8da build/stm32f1xx_hal.o
 .debug_info    0x00006012      0xaec build/stm32f1xx_hal_rcc.o
 .debug_info    0x00006afe      0x6bf build/stm32f1xx_hal_gpio.o
 .debug_info    0x000071bd      0xe81 build/stm32f1xx_hal_cortex.o
 .debug_info    0x0000803e     0x4104 build/stm32f1xx_hal_tim.o
 .debug_info    0x0000c142     0x1d37 build/stm32f1xx_hal_tim_ex.o
 .debug_info    0x0000de79     0x43e8 build/stm32f1xx_hal_uart.o
 .debug_info    0x00012261      0x256 build/system_stm32f1xx.o
 .debug_info    0x000124b7      0x174 build/sysmem.o
 .debug_info    0x0001262b      0x848 build/syscalls.o
 .debug_info    0x00012e73      0x2fd build/list.o
 .debug_info    0x00013170     0x3203 build/tasks.o
 .debug_info    0x00016373      0x54b build/port.o
 .debug_info    0x000168be     0x1354 build/socket.o
 .debug_info    0x00017c12     0x14db build/wizchip_conf.o
 .debug_info    0x000190ed      0x9ba build/w5500.o
 .debug_info    0x00019aa7     0x1bba build/MyUDP.o
 .debug_info    0x0001b661       0x30 build/startup_stm32f103xe.o
 .debug_info    0x0001b691      0x10b /usr/lib/gcc/arm-none-eabi/13.2.1/../../../arm-none-eabi/lib/thumb/v7-m/nofp/libc_nano.a(libc_a-init.o)
 .debug_info    0x0001b79c      0x135 /usr/lib/gcc/arm-none-eabi/13.2.1/../../../arm-none-eabi/lib/thumb/v7-m/nofp/libc_nano.a(libc_a-memset.o)
 .debug_info    0x0001b8d1      0x6f1 /usr/lib/gcc/arm-none-eabi/13.2.1/../../../arm-none-eabi/lib/thumb/v7-m/nofp/libc_nano.a(libc_a-errno.o)
 .debug_info    0x0001bfc2       0x33 /usr/lib/gcc/arm-none-eabi/13.2.1/../../../arm-none-eabi/lib/thumb/v7-m/nofp/libc_nano.a(libc_a-memcpy.o)
 .debug_info    0x0001bff5      0x837 /usr/lib/gcc/arm-none-eabi/13.2.1/../../../arm-none-eabi/lib/thumb/v7-m/nofp/libc_nano.a(libc_a-printf.o)
 .debug_info    0x0001c82c     0x108a /usr/lib/gcc/arm-none-eabi/13.2.1/../../../arm-none-eabi/lib/thumb/v7-m/nofp/libc_nano.a(libc_a-nano-vfprintf.o)
 .debug_info    0x0001d8b6      0x863 /usr/lib/gcc/arm-none-eabi/13.2.1/../../../arm-none-eabi/lib/thumb/v7-m/nofp/libc_nano.a(libc_a-wbuf.o)
 .debug_info    0x0001e119      0x70b /usr/lib/gcc/arm-none-eabi/13.2.1/../../../arm-none-eabi/lib/thumb/v7-m/nofp/libc_nano.a(libc_a-impure.o)
 .debug_info    0x0001e824      0xb1e /usr/lib/gcc/arm-none-eabi/13.2.1/../../../arm-none-eabi/lib/thumb/v7-m/nofp/libc_nano.a(libc_a-fvwrite.o)
 .debug_info    0x0001f342      0xe8c /usr/lib/gcc/arm-none-eabi/13.2.1/../../../arm-none-eabi/lib/thumb/v7-m/nofp/libc_nano.a(libc_a-findfp.o)
 .debug_info    0x000201ce      0xa30 /usr/lib/gcc/arm-none-eabi/13.2.1/../../../arm-none-eabi/lib/thumb/v7-m/nofp/libc_nano.a(libc_a-fflush.o)
 .debug_info    0x00020bfe      0x9b6 /usr/lib/gcc/arm-none-eabi/13.2.1/../../../arm-none-eabi/lib/thumb/v7-m/nofp/libc_nano.a(libc_a-mallocr.o)
 .debug_info    0x000215b4      0x87f /usr/lib/gcc/arm-none-eabi/13.2.1/../../../arm-none-eabi/lib/thumb/v7-m/nofp/libc_nano.a(libc_a-freer.o)
 .debug_info    0x00021e33      0x148 /usr/lib/gcc/arm-none-eabi/13.2.1/../../../arm-none-eabi/lib/thumb/v7-m/nofp/libc_nano.a(libc_a-memmove.o)
 .debug_info    0x00021f7b      0x7c8 /usr/lib/gcc/arm-none-eabi/13.2.1/../../../arm-none-eabi/lib/thumb/v7-m/nofp/libc_nano.a(libc_a-fwalk.o)
 .debug_info    0x00022743      0x7b1 /usr/lib/gcc/arm-none-eabi/13.2.1/../../../arm-none-eabi/lib/thumb/v7-m/nofp/libc_nano.a(libc_a-wsetup.o)
 .debug_info    0x00022ef4      0x8cd /usr/lib/gcc/arm-none-eabi/13.2.1/../../../arm-none-eabi/lib/thumb/v7-m/nofp/libc_nano.a(libc_a-reallocr.o)
 .debug_info    0x000237c1      0xdd7 /usr/lib/gcc/arm-none-eabi/13.2.1/../../../arm-none-eabi/lib/thumb/v7-m/nofp/libc_nano.a(libc_a-nano-vfprintf_i.o)
 .debug_info    0x00024598      0x71c /usr/lib/gcc/arm-none-eabi/13.2.1/../../../arm-none-eabi/lib/thumb/v7-m/nofp/libc_nano.a(libc_a-mlock.o)
 .debug_info    0x00024cb4      0xbe6 /usr/lib/gcc/arm-none-eabi/13.2.1/../../../arm-none-eabi/lib/thumb/v7-m/nofp/libc_nano.a(libc_a-makebuf.o)
 .debug_info    0x0002589a      0x14a /usr/lib/gcc/arm-none-eabi/13.2.1/../../../arm-none-eabi/lib/thumb/v7-m/nofp/libc_nano.a(libc_a-memchr-stub.o)
 .debug_info    0x000259e4      0x752 /usr/lib/gcc/arm-none-eabi/13.2.1/../../../arm-none-eabi/lib/thumb/v7-m/nofp/libc_nano.a(libc_a-isattyr.o)
 .debug_info    0x00026136      0x778 /usr/lib/gcc/arm-none-eabi/13.2.1/../../../arm-none-eabi/lib/thumb/v7-m/nofp/libc_nano.a(libc_a-sbrkr.o)
 .debug_info    0x000268ae      0xa80 /usr/lib/gcc/arm-none-eabi/13.2.1/../../../arm-none-eabi/lib/thumb/v7-m/nofp/libc_nano.a(libc_a-stdio.o)
 .debug_info    0x0002732e      0x78a /usr/lib/gcc/arm-none-eabi/13.2.1/../../../arm-none-eabi/lib/thumb/v7-m/nofp/libc_nano.a(libc_a-msizer.o)
 .debug_info    0x00027ab8      0x752 /usr/lib/gcc/arm-none-eabi/13.2.1/../../../arm-none-eabi/lib/thumb/v7-m/nofp/libc_nano.a(libc_a-closer.o)
 .debug_info    0x0002820a      0x7b5 /usr/lib/gcc/arm-none-eabi/13.2.1/../../../arm-none-eabi/lib/thumb/v7-m/nofp/libc_nano.a(libc_a-readr.o)
 .debug_info    0x000289bf      0x89f /usr/lib/gcc/arm-none-eabi/13.2.1/../../../arm-none-eabi/lib/thumb/v7-m/nofp/libc_nano.a(libc_a-reent.o)
 .debug_info    0x0002925e      0x977 /usr/lib/gcc/arm-none-eabi/13.2.1/../../../arm-none-eabi/lib/thumb/v7-m/nofp/libc_nano.a(libc_a-fstatr.o)
 .debug_info    0x00029bd5      0x79e /usr/lib/gcc/arm-none-eabi/13.2.1/../../../arm-none-eabi/lib/thumb/v7-m/nofp/libc_nano.a(libc_a-lseekr.o)
 .debug_info    0x0002a373      0x7bb /usr/lib/gcc/arm-none-eabi/13.2.1/../../../arm-none-eabi/lib/thumb/v7-m/nofp/libc_nano.a(libc_a-writer.o)

.debug_abbrev   0x00000000     0x73e1
 .debug_abbrev  0x00000000      0x284 build/main.o
 .debug_abbrev  0x00000284      0x14e build/gpio.o
 .debug_abbrev  0x000003d2      0x1f6 build/spi.o
 .debug_abbrev  0x000005c8      0x1fd build/usart.o
 .debug_abbrev  0x000007c5      0x17d build/stm32f1xx_it.o
 .debug_abbrev  0x00000942      0x136 build/stm32f1xx_hal_msp.o
 .debug_abbrev  0x00000a78      0x22d build/stm32f1xx_hal_timebase_tim.o
 .debug_abbrev  0x00000ca5      0x2c6 build/stm32f1xx_hal_spi.o
 .debug_abbrev  0x00000f6b      0x232 build/stm32f1xx_hal.o
 .debug_abbrev  0x0000119d      0x2d6 build/stm32f1xx_hal_rcc.o
 .debug_abbrev  0x00001473      0x222 build/stm32f1xx_hal_gpio.o
 .debug_abbrev  0x00001695      0x3aa build/stm32f1xx_hal_cortex.o
 .debug_abbrev  0x00001a3f      0x2bd build/stm32f1xx_hal_tim.o
 .debug_abbrev  0x00001cfc      0x2b7 build/stm32f1xx_hal_tim_ex.o
 .debug_abbrev  0x00001fb3      0x35f build/stm32f1xx_hal_uart.o
 .debug_abbrev  0x00002312      0x140 build/system_stm32f1xx.o
 .debug_abbrev  0x00002452       0xeb build/sysmem.o
 .debug_abbrev  0x0000253d      0x1e3 build/syscalls.o
 .debug_abbrev  0x00002720      0x124 build/list.o
 .debug_abbrev  0x00002844      0x400 build/tasks.o
 .debug_abbrev  0x00002c44      0x2c2 build/port.o
 .debug_abbrev  0x00002f06      0x203 build/socket.o
 .debug_abbrev  0x00003109      0x35e build/wizchip_conf.o
 .debug_abbrev  0x00003467      0x287 build/w5500.o
 .debug_abbrev  0x000036ee      0x395 build/MyUDP.o
 .debug_abbrev  0x00003a83       0x1d build/startup_stm32f103xe.o
 .debug_abbrev  0x00003aa0       0xc9 /usr/lib/gcc/arm-none-eabi/13.2.1/../../../arm-none-eabi/lib/thumb/v7-m/nofp/libc_nano.a(libc_a-init.o)
 .debug_abbrev  0x00003b69       0xb7 /usr/lib/gcc/arm-none-eabi/13.2.1/../../../arm-none-eabi/lib/thumb/v7-m/nofp/libc_nano.a(libc_a-memset.o)
 .debug_abbrev  0x00003c20      0x15e /usr/lib/gcc/arm-none-eabi/13.2.1/../../../arm-none-eabi/lib/thumb/v7-m/nofp/libc_nano.a(libc_a-errno.o)
 .debug_abbrev  0x00003d7e       0x28 /usr/lib/gcc/arm-none-eabi/13.2.1/../../../arm-none-eabi/lib/thumb/v7-m/nofp/libc_nano.a(libc_a-memcpy.o)
 .debug_abbrev  0x00003da6      0x21a /usr/lib/gcc/arm-none-eabi/13.2.1/../../../arm-none-eabi/lib/thumb/v7-m/nofp/libc_nano.a(libc_a-printf.o)
 .debug_abbrev  0x00003fc0      0x36e /usr/lib/gcc/arm-none-eabi/13.2.1/../../../arm-none-eabi/lib/thumb/v7-m/nofp/libc_nano.a(libc_a-nano-vfprintf.o)
 .debug_abbrev  0x0000432e      0x236 /usr/lib/gcc/arm-none-eabi/13.2.1/../../../arm-none-eabi/lib/thumb/v7-m/nofp/libc_nano.a(libc_a-wbuf.o)
 .debug_abbrev  0x00004564      0x149 /usr/lib/gcc/arm-none-eabi/13.2.1/../../../arm-none-eabi/lib/thumb/v7-m/nofp/libc_nano.a(libc_a-impure.o)
 .debug_abbrev  0x000046ad      0x224 /usr/lib/gcc/arm-none-eabi/13.2.1/../../../arm-none-eabi/lib/thumb/v7-m/nofp/libc_nano.a(libc_a-fvwrite.o)
 .debug_abbrev  0x000048d1      0x408 /usr/lib/gcc/arm-none-eabi/13.2.1/../../../arm-none-eabi/lib/thumb/v7-m/nofp/libc_nano.a(libc_a-findfp.o)
 .debug_abbrev  0x00004cd9      0x2e1 /usr/lib/gcc/arm-none-eabi/13.2.1/../../../arm-none-eabi/lib/thumb/v7-m/nofp/libc_nano.a(libc_a-fflush.o)
 .debug_abbrev  0x00004fba      0x24a /usr/lib/gcc/arm-none-eabi/13.2.1/../../../arm-none-eabi/lib/thumb/v7-m/nofp/libc_nano.a(libc_a-mallocr.o)
 .debug_abbrev  0x00005204      0x249 /usr/lib/gcc/arm-none-eabi/13.2.1/../../../arm-none-eabi/lib/thumb/v7-m/nofp/libc_nano.a(libc_a-freer.o)
 .debug_abbrev  0x0000544d       0xc3 /usr/lib/gcc/arm-none-eabi/13.2.1/../../../arm-none-eabi/lib/thumb/v7-m/nofp/libc_nano.a(libc_a-memmove.o)
 .debug_abbrev  0x00005510      0x19b /usr/lib/gcc/arm-none-eabi/13.2.1/../../../arm-none-eabi/lib/thumb/v7-m/nofp/libc_nano.a(libc_a-fwalk.o)
 .debug_abbrev  0x000056ab      0x1e2 /usr/lib/gcc/arm-none-eabi/13.2.1/../../../arm-none-eabi/lib/thumb/v7-m/nofp/libc_nano.a(libc_a-wsetup.o)
 .debug_abbrev  0x0000588d      0x20c /usr/lib/gcc/arm-none-eabi/13.2.1/../../../arm-none-eabi/lib/thumb/v7-m/nofp/libc_nano.a(libc_a-reallocr.o)
 .debug_abbrev  0x00005a99      0x284 /usr/lib/gcc/arm-none-eabi/13.2.1/../../../arm-none-eabi/lib/thumb/v7-m/nofp/libc_nano.a(libc_a-nano-vfprintf_i.o)
 .debug_abbrev  0x00005d1d      0x192 /usr/lib/gcc/arm-none-eabi/13.2.1/../../../arm-none-eabi/lib/thumb/v7-m/nofp/libc_nano.a(libc_a-mlock.o)
 .debug_abbrev  0x00005eaf      0x29d /usr/lib/gcc/arm-none-eabi/13.2.1/../../../arm-none-eabi/lib/thumb/v7-m/nofp/libc_nano.a(libc_a-makebuf.o)
 .debug_abbrev  0x0000614c       0xc7 /usr/lib/gcc/arm-none-eabi/13.2.1/../../../arm-none-eabi/lib/thumb/v7-m/nofp/libc_nano.a(libc_a-memchr-stub.o)
 .debug_abbrev  0x00006213      0x1b0 /usr/lib/gcc/arm-none-eabi/13.2.1/../../../arm-none-eabi/lib/thumb/v7-m/nofp/libc_nano.a(libc_a-isattyr.o)
 .debug_abbrev  0x000063c3      0x1da /usr/lib/gcc/arm-none-eabi/13.2.1/../../../arm-none-eabi/lib/thumb/v7-m/nofp/libc_nano.a(libc_a-sbrkr.o)
 .debug_abbrev  0x0000659d      0x224 /usr/lib/gcc/arm-none-eabi/13.2.1/../../../arm-none-eabi/lib/thumb/v7-m/nofp/libc_nano.a(libc_a-stdio.o)
 .debug_abbrev  0x000067c1      0x196 /usr/lib/gcc/arm-none-eabi/13.2.1/../../../arm-none-eabi/lib/thumb/v7-m/nofp/libc_nano.a(libc_a-msizer.o)
 .debug_abbrev  0x00006957      0x1b0 /usr/lib/gcc/arm-none-eabi/13.2.1/../../../arm-none-eabi/lib/thumb/v7-m/nofp/libc_nano.a(libc_a-closer.o)
 .debug_abbrev  0x00006b07      0x1b0 /usr/lib/gcc/arm-none-eabi/13.2.1/../../../arm-none-eabi/lib/thumb/v7-m/nofp/libc_nano.a(libc_a-readr.o)
 .debug_abbrev  0x00006cb7      0x1ee /usr/lib/gcc/arm-none-eabi/13.2.1/../../../arm-none-eabi/lib/thumb/v7-m/nofp/libc_nano.a(libc_a-reent.o)
 .debug_abbrev  0x00006ea5      0x1c3 /usr/lib/gcc/arm-none-eabi/13.2.1/../../../arm-none-eabi/lib/thumb/v7-m/nofp/libc_nano.a(libc_a-fstatr.o)
 .debug_abbrev  0x00007068      0x1c4 /usr/lib/gcc/arm-none-eabi/13.2.1/../../../arm-none-eabi/lib/thumb/v7-m/nofp/libc_nano.a(libc_a-lseekr.o)
 .debug_abbrev  0x0000722c      0x1b5 /usr/lib/gcc/arm-none-eabi/13.2.1/../../../arm-none-eabi/lib/thumb/v7-m/nofp/libc_nano.a(libc_a-writer.o)

.debug_loc      0x00000000    0x1888e
 .debug_loc     0x00000000       0xd4 build/main.o
 .debug_loc     0x000000d4       0x38 build/gpio.o
 .debug_loc     0x0000010c      0x120 build/spi.o
 .debug_loc     0x0000022c      0x120 build/usart.o
 .debug_loc     0x0000034c       0x20 build/stm32f1xx_it.o
 .debug_loc     0x0000036c       0x4d build/stm32f1xx_hal_msp.o
 .debug_loc     0x000003b9      0x179 build/stm32f1xx_hal_timebase_tim.o
 .debug_loc     0x00000532     0x281a build/stm32f1xx_hal_spi.o
 .debug_loc     0x00002d4c      0x1f9 build/stm32f1xx_hal.o
 .debug_loc     0x00002f45      0x7c6 build/stm32f1xx_hal_rcc.o
 .debug_loc     0x0000370b      0x56c build/stm32f1xx_hal_gpio.o
 .debug_loc     0x00003c77      0x8b4 build/stm32f1xx_hal_cortex.o
 .debug_loc     0x0000452b     0x604e build/stm32f1xx_hal_tim.o
 .debug_loc     0x0000a579     0x22af build/stm32f1xx_hal_tim_ex.o
 .debug_loc     0x0000c828     0x5192 build/stm32f1xx_hal_uart.o
 .debug_loc     0x000119ba      0x11b build/system_stm32f1xx.o
 .debug_loc     0x00011ad5       0x90 build/sysmem.o
 .debug_loc     0x00011b65      0x583 build/syscalls.o
 .debug_loc     0x000120e8       0xeb build/list.o
 .debug_loc     0x000121d3     0x2ae1 build/tasks.o
 .debug_loc     0x00014cb4      0x172 build/port.o
 .debug_loc     0x00014e26     0x1b8d build/socket.o
 .debug_loc     0x000169b3     0x10d9 build/wizchip_conf.o
 .debug_loc     0x00017a8c      0x7d5 build/w5500.o
 .debug_loc     0x00018261      0x62d build/MyUDP.o

.debug_aranges  0x00000000     0x1748
 .debug_aranges
                0x00000000       0x38 build/main.o
 .debug_aranges
                0x00000038       0x20 build/gpio.o
 .debug_aranges
                0x00000058       0x30 build/spi.o
 .debug_aranges
                0x00000088       0x30 build/usart.o
 .debug_aranges
                0x000000b8       0x50 build/stm32f1xx_it.o
 .debug_aranges
                0x00000108       0x20 build/stm32f1xx_hal_msp.o
 .debug_aranges
                0x00000128       0x30 build/stm32f1xx_hal_timebase_tim.o
 .debug_aranges
                0x00000158      0x1d0 build/stm32f1xx_hal_spi.o
 .debug_aranges
                0x00000328       0xe0 build/stm32f1xx_hal.o
 .debug_aranges
                0x00000408       0x90 build/stm32f1xx_hal_rcc.o
 .debug_aranges
                0x00000498       0x58 build/stm32f1xx_hal_gpio.o
 .debug_aranges
                0x000004f0       0xc0 build/stm32f1xx_hal_cortex.o
 .debug_aranges
                0x000005b0      0x3d0 build/stm32f1xx_hal_tim.o
 .debug_aranges
                0x00000980      0x168 build/stm32f1xx_hal_tim_ex.o
 .debug_aranges
                0x00000ae8      0x208 build/stm32f1xx_hal_uart.o
 .debug_aranges
                0x00000cf0       0x28 build/system_stm32f1xx.o
 .debug_aranges
                0x00000d18       0x20 build/sysmem.o
 .debug_aranges
                0x00000d38       0xa8 build/syscalls.o
 .debug_aranges
                0x00000de0       0x40 build/list.o
 .debug_aranges
                0x00000e20      0x1f8 build/tasks.o
 .debug_aranges
                0x00001018       0x78 build/port.o
 .debug_aranges
                0x00001090       0x78 build/socket.o
 .debug_aranges
                0x00001108      0x138 build/wizchip_conf.o
 .debug_aranges
                0x00001240       0x60 build/w5500.o
 .debug_aranges
                0x000012a0       0xa8 build/MyUDP.o
 .debug_aranges
                0x00001348       0x28 build/startup_stm32f103xe.o
 .debug_aranges
                0x00001370       0x20 /usr/lib/gcc/arm-none-eabi/13.2.1/../../../arm-none-eabi/lib/thumb/v7-m/nofp/libc_nano.a(libc_a-init.o)
 .debug_aranges
                0x00001390       0x20 /usr/lib/gcc/arm-none-eabi/13.2.1/../../../arm-none-eabi/lib/thumb/v7-m/nofp/libc_nano.a(libc_a-memset.o)
 .debug_aranges
                0x000013b0       0x20 /usr/lib/gcc/arm-none-eabi/13.2.1/../../../arm-none-eabi/lib/thumb/v7-m/nofp/libc_nano.a(libc_a-errno.o)
 .debug_aranges
                0x000013d0       0x20 /usr/lib/gcc/arm-none-eabi/13.2.1/../../../arm-none-eabi/lib/thumb/v7-m/nofp/libc_nano.a(libc_a-memcpy.o)
 .debug_aranges
                0x000013f0       0x20 /usr/lib/gcc/arm-none-eabi/13.2.1/../../../arm-none-eabi/lib/thumb/v7-m/nofp/libc_nano.a(libc_a-printf.o)
 .debug_aranges
                0x00001410       0x20 /usr/lib/gcc/arm-none-eabi/13.2.1/../../../arm-none-eabi/lib/thumb/v7-m/nofp/libc_nano.a(libc_a-nano-vfprintf.o)
 .debug_aranges
                0x00001430       0x20 /usr/lib/gcc/arm-none-eabi/13.2.1/../../../arm-none-eabi/lib/thumb/v7-m/nofp/libc_nano.a(libc_a-wbuf.o)
 .debug_aranges
                0x00001450       0x18 /usr/lib/gcc/arm-none-eabi/13.2.1/../../../arm-none-eabi/lib/thumb/v7-m/nofp/libc_nano.a(libc_a-impure.o)
 .debug_aranges
                0x00001468       0x20 /usr/lib/gcc/arm-none-eabi/13.2.1/../../../arm-none-eabi/lib/thumb/v7-m/nofp/libc_nano.a(libc_a-fvwrite.o)
 .debug_aranges
                0x00001488       0x20 /usr/lib/gcc/arm-none-eabi/13.2.1/../../../arm-none-eabi/lib/thumb/v7-m/nofp/libc_nano.a(libc_a-findfp.o)
 .debug_aranges
                0x000014a8       0x20 /usr/lib/gcc/arm-none-eabi/13.2.1/../../../arm-none-eabi/lib/thumb/v7-m/nofp/libc_nano.a(libc_a-fflush.o)
 .debug_aranges
                0x000014c8       0x20 /usr/lib/gcc/arm-none-eabi/13.2.1/../../../arm-none-eabi/lib/thumb/v7-m/nofp/libc_nano.a(libc_a-mallocr.o)
 .debug_aranges
                0x000014e8       0x20 /usr/lib/gcc/arm-none-eabi/13.2.1/../../../arm-none-eabi/lib/thumb/v7-m/nofp/libc_nano.a(libc_a-freer.o)
 .debug_aranges
                0x00001508       0x20 /usr/lib/gcc/arm-none-eabi/13.2.1/../../../arm-none-eabi/lib/thumb/v7-m/nofp/libc_nano.a(libc_a-memmove.o)
 .debug_aranges
                0x00001528       0x20 /usr/lib/gcc/arm-none-eabi/13.2.1/../../../arm-none-eabi/lib/thumb/v7-m/nofp/libc_nano.a(libc_a-fwalk.o)
 .debug_aranges
                0x00001548       0x20 /usr/lib/gcc/arm-none-eabi/13.2.1/../../../arm-none-eabi/lib/thumb/v7-m/nofp/libc_nano.a(libc_a-wsetup.o)
 .debug_aranges
                0x00001568       0x20 /usr/lib/gcc/arm-none-eabi/13.2.1/../../../arm-none-eabi/lib/thumb/v7-m/nofp/libc_nano.a(libc_a-reallocr.o)
 .debug_aranges
                0x00001588       0x20 /usr/lib/gcc/arm-none-eabi/13.2.1/../../../arm-none-eabi/lib/thumb/v7-m/nofp/libc_nano.a(libc_a-nano-vfprintf_i.o)
 .debug_aranges
                0x000015a8       0x20 /usr/lib/gcc/arm-none-eabi/13.2.1/../../../arm-none-eabi/lib/thumb/v7-m/nofp/libc_nano.a(libc_a-mlock.o)
 .debug_aranges
                0x000015c8       0x20 /usr/lib/gcc/arm-none-eabi/13.2.1/../../../arm-none-eabi/lib/thumb/v7-m/nofp/libc_nano.a(libc_a-makebuf.o)
 .debug_aranges
                0x000015e8       0x20 /usr/lib/gcc/arm-none-eabi/13.2.1/../../../arm-none-eabi/lib/thumb/v7-m/nofp/libc_nano.a(libc_a-memchr-stub.o)
 .debug_aranges
                0x00001608       0x20 /usr/lib/gcc/arm-none-eabi/13.2.1/../../../arm-none-eabi/lib/thumb/v7-m/nofp/libc_nano.a(libc_a-isattyr.o)
 .debug_aranges
                0x00001628       0x20 /usr/lib/gcc/arm-none-eabi/13.2.1/../../../arm-none-eabi/lib/thumb/v7-m/nofp/libc_nano.a(libc_a-sbrkr.o)
 .debug_aranges
                0x00001648       0x20 /usr/lib/gcc/arm-none-eabi/13.2.1/../../../arm-none-eabi/lib/thumb/v7-m/nofp/libc_nano.a(libc_a-stdio.o)
 .debug_aranges
                0x00001668       0x20 /usr/lib/gcc/arm-none-eabi/13.2.1/../../../arm-none-eabi/lib/thumb/v7-m/nofp/libc_nano.a(libc_a-msizer.o)
 .debug_aranges
                0x00001688       0x20 /usr/lib/gcc/arm-none-eabi/13.2.1/../../../arm-none-eabi/lib/thumb/v7-m/nofp/libc_nano.a(libc_a-closer.o)
 .debug_aranges
                0x000016a8       0x20 /usr/lib/gcc/arm-none-eabi/13.2.1/../../../arm-none-eabi/lib/thumb/v7-m/nofp/libc_nano.a(libc_a-readr.o)
 .debug_aranges
                0x000016c8       0x20 /usr/lib/gcc/arm-none-eabi/13.2.1/../../../arm-none-eabi/lib/thumb/v7-m/nofp/libc_nano.a(libc_a-reent.o)
 .debug_aranges
                0x000016e8       0x20 /usr/lib/gcc/arm-none-eabi/13.2.1/../../../arm-none-eabi/lib/thumb/v7-m/nofp/libc_nano.a(libc_a-fstatr.o)
 .debug_aranges
                0x00001708       0x20 /usr/lib/gcc/arm-none-eabi/13.2.1/../../../arm-none-eabi/lib/thumb/v7-m/nofp/libc_nano.a(libc_a-lseekr.o)
 .debug_aranges
                0x00001728       0x20 /usr/lib/gcc/arm-none-eabi/13.2.1/../../../arm-none-eabi/lib/thumb/v7-m/nofp/libc_nano.a(libc_a-writer.o)

.debug_ranges   0x00000000     0x1390
 .debug_ranges  0x00000000       0x28 build/main.o
 .debug_ranges  0x00000028       0x10 build/gpio.o
 .debug_ranges  0x00000038       0x20 build/spi.o
 .debug_ranges  0x00000058       0x20 build/usart.o
 .debug_ranges  0x00000078       0x40 build/stm32f1xx_it.o
 .debug_ranges  0x000000b8       0x10 build/stm32f1xx_hal_msp.o
 .debug_ranges  0x000000c8       0x20 build/stm32f1xx_hal_timebase_tim.o
 .debug_ranges  0x000000e8      0x1c0 build/stm32f1xx_hal_spi.o
 .debug_ranges  0x000002a8       0xd0 build/stm32f1xx_hal.o
 .debug_ranges  0x00000378       0xa0 build/stm32f1xx_hal_rcc.o
 .debug_ranges  0x00000418       0x48 build/stm32f1xx_hal_gpio.o
 .debug_ranges  0x00000460       0xb0 build/stm32f1xx_hal_cortex.o
 .debug_ranges  0x00000510      0x3c0 build/stm32f1xx_hal_tim.o
 .debug_ranges  0x000008d0      0x158 build/stm32f1xx_hal_tim_ex.o
 .debug_ranges  0x00000a28      0x210 build/stm32f1xx_hal_uart.o
 .debug_ranges  0x00000c38       0x18 build/system_stm32f1xx.o
 .debug_ranges  0x00000c50       0x10 build/sysmem.o
 .debug_ranges  0x00000c60       0x98 build/syscalls.o
 .debug_ranges  0x00000cf8       0x30 build/list.o
 .debug_ranges  0x00000d28      0x320 build/tasks.o
 .debug_ranges  0x00001048       0x68 build/port.o
 .debug_ranges  0x000010b0       0x80 build/socket.o
 .debug_ranges  0x00001130      0x128 build/wizchip_conf.o
 .debug_ranges  0x00001258       0x50 build/w5500.o
 .debug_ranges  0x000012a8       0xc8 build/MyUDP.o
 .debug_ranges  0x00001370       0x20 build/startup_stm32f103xe.o

.debug_line     0x00000000    0x18d50
 .debug_line    0x00000000      0x2ef build/main.o
 .debug_line    0x000002ef      0x14f build/gpio.o
 .debug_line    0x0000043e      0x26d build/spi.o
 .debug_line    0x000006ab      0x252 build/usart.o
 .debug_line    0x000008fd      0x1ba build/stm32f1xx_it.o
 .debug_line    0x00000ab7      0x113 build/stm32f1xx_hal_msp.o
 .debug_line    0x00000bca      0x26b build/stm32f1xx_hal_timebase_tim.o
 .debug_line    0x00000e35     0x23a6 build/stm32f1xx_hal_spi.o
 .debug_line    0x000031db      0x489 build/stm32f1xx_hal.o
 .debug_line    0x00003664      0xc05 build/stm32f1xx_hal_rcc.o
 .debug_line    0x00004269      0x553 build/stm32f1xx_hal_gpio.o
 .debug_line    0x000047bc      0x602 build/stm32f1xx_hal_cortex.o
 .debug_line    0x00004dbe     0x4655 build/stm32f1xx_hal_tim.o
 .debug_line    0x00009413     0x19d2 build/stm32f1xx_hal_tim_ex.o
 .debug_line    0x0000ade5     0x3476 build/stm32f1xx_hal_uart.o
 .debug_line    0x0000e25b      0x1a0 build/system_stm32f1xx.o
 .debug_line    0x0000e3fb       0xfd build/sysmem.o
 .debug_line    0x0000e4f8      0x372 build/syscalls.o
 .debug_line    0x0000e86a      0x2cf build/list.o
 .debug_line    0x0000eb39     0x2576 build/tasks.o
 .debug_line    0x000110af      0x505 build/port.o
 .debug_line    0x000115b4     0x1109 build/socket.o
 .debug_line    0x000126bd      0xbac build/wizchip_conf.o
 .debug_line    0x00013269      0x51c build/w5500.o
 .debug_line    0x00013785      0x5b8 build/MyUDP.o
 .debug_line    0x00013d3d       0x72 build/startup_stm32f103xe.o
 .debug_line    0x00013daf      0x11e /usr/lib/gcc/arm-none-eabi/13.2.1/../../../arm-none-eabi/lib/thumb/v7-m/nofp/libc_nano.a(libc_a-init.o)
 .debug_line    0x00013ecd      0x1b1 /usr/lib/gcc/arm-none-eabi/13.2.1/../../../arm-none-eabi/lib/thumb/v7-m/nofp/libc_nano.a(libc_a-memset.o)
 .debug_line    0x0001407e      0x10c /usr/lib/gcc/arm-none-eabi/13.2.1/../../../arm-none-eabi/lib/thumb/v7-m/nofp/libc_nano.a(libc_a-errno.o)
 .debug_line    0x0001418a       0xbd /usr/lib/gcc/arm-none-eabi/13.2.1/../../../arm-none-eabi/lib/thumb/v7-m/nofp/libc_nano.a(libc_a-memcpy.o)
 .debug_line    0x00014247      0x1c0 /usr/lib/gcc/arm-none-eabi/13.2.1/../../../arm-none-eabi/lib/thumb/v7-m/nofp/libc_nano.a(libc_a-printf.o)
 .debug_line    0x00014407      0x6b7 /usr/lib/gcc/arm-none-eabi/13.2.1/../../../arm-none-eabi/lib/thumb/v7-m/nofp/libc_nano.a(libc_a-nano-vfprintf.o)
 .debug_line    0x00014abe      0x253 /usr/lib/gcc/arm-none-eabi/13.2.1/../../../arm-none-eabi/lib/thumb/v7-m/nofp/libc_nano.a(libc_a-wbuf.o)
 .debug_line    0x00014d11       0xe7 /usr/lib/gcc/arm-none-eabi/13.2.1/../../../arm-none-eabi/lib/thumb/v7-m/nofp/libc_nano.a(libc_a-impure.o)
 .debug_line    0x00014df8      0x5f5 /usr/lib/gcc/arm-none-eabi/13.2.1/../../../arm-none-eabi/lib/thumb/v7-m/nofp/libc_nano.a(libc_a-fvwrite.o)
 .debug_line    0x000153ed      0x51f /usr/lib/gcc/arm-none-eabi/13.2.1/../../../arm-none-eabi/lib/thumb/v7-m/nofp/libc_nano.a(libc_a-findfp.o)
 .debug_line    0x0001590c      0x456 /usr/lib/gcc/arm-none-eabi/13.2.1/../../../arm-none-eabi/lib/thumb/v7-m/nofp/libc_nano.a(libc_a-fflush.o)
 .debug_line    0x00015d62      0x45c /usr/lib/gcc/arm-none-eabi/13.2.1/../../../arm-none-eabi/lib/thumb/v7-m/nofp/libc_nano.a(libc_a-mallocr.o)
 .debug_line    0x000161be      0x2c8 /usr/lib/gcc/arm-none-eabi/13.2.1/../../../arm-none-eabi/lib/thumb/v7-m/nofp/libc_nano.a(libc_a-freer.o)
 .debug_line    0x00016486      0x20d /usr/lib/gcc/arm-none-eabi/13.2.1/../../../arm-none-eabi/lib/thumb/v7-m/nofp/libc_nano.a(libc_a-memmove.o)
 .debug_line    0x00016693      0x1c9 /usr/lib/gcc/arm-none-eabi/13.2.1/../../../arm-none-eabi/lib/thumb/v7-m/nofp/libc_nano.a(libc_a-fwalk.o)
 .debug_line    0x0001685c      0x2bd /usr/lib/gcc/arm-none-eabi/13.2.1/../../../arm-none-eabi/lib/thumb/v7-m/nofp/libc_nano.a(libc_a-wsetup.o)
 .debug_line    0x00016b19      0x1fa /usr/lib/gcc/arm-none-eabi/13.2.1/../../../arm-none-eabi/lib/thumb/v7-m/nofp/libc_nano.a(libc_a-reallocr.o)
 .debug_line    0x00016d13      0x770 /usr/lib/gcc/arm-none-eabi/13.2.1/../../../arm-none-eabi/lib/thumb/v7-m/nofp/libc_nano.a(libc_a-nano-vfprintf_i.o)
 .debug_line    0x00017483      0x153 /usr/lib/gcc/arm-none-eabi/13.2.1/../../../arm-none-eabi/lib/thumb/v7-m/nofp/libc_nano.a(libc_a-mlock.o)
 .debug_line    0x000175d6      0x3b0 /usr/lib/gcc/arm-none-eabi/13.2.1/../../../arm-none-eabi/lib/thumb/v7-m/nofp/libc_nano.a(libc_a-makebuf.o)
 .debug_line    0x00017986      0x200 /usr/lib/gcc/arm-none-eabi/13.2.1/../../../arm-none-eabi/lib/thumb/v7-m/nofp/libc_nano.a(libc_a-memchr-stub.o)
 .debug_line    0x00017b86      0x197 /usr/lib/gcc/arm-none-eabi/13.2.1/../../../arm-none-eabi/lib/thumb/v7-m/nofp/libc_nano.a(libc_a-isattyr.o)
 .debug_line    0x00017d1d      0x196 /usr/lib/gcc/arm-none-eabi/13.2.1/../../../arm-none-eabi/lib/thumb/v7-m/nofp/libc_nano.a(libc_a-sbrkr.o)
 .debug_line    0x00017eb3      0x22b /usr/lib/gcc/arm-none-eabi/13.2.1/../../../arm-none-eabi/lib/thumb/v7-m/nofp/libc_nano.a(libc_a-stdio.o)
 .debug_line    0x000180de      0x176 /usr/lib/gcc/arm-none-eabi/13.2.1/../../../arm-none-eabi/lib/thumb/v7-m/nofp/libc_nano.a(libc_a-msizer.o)
 .debug_line    0x00018254      0x196 /usr/lib/gcc/arm-none-eabi/13.2.1/../../../arm-none-eabi/lib/thumb/v7-m/nofp/libc_nano.a(libc_a-closer.o)
 .debug_line    0x000183ea      0x19c /usr/lib/gcc/arm-none-eabi/13.2.1/../../../arm-none-eabi/lib/thumb/v7-m/nofp/libc_nano.a(libc_a-readr.o)
 .debug_line    0x00018586      0x27b /usr/lib/gcc/arm-none-eabi/13.2.1/../../../arm-none-eabi/lib/thumb/v7-m/nofp/libc_nano.a(libc_a-reent.o)
 .debug_line    0x00018801      0x215 /usr/lib/gcc/arm-none-eabi/13.2.1/../../../arm-none-eabi/lib/thumb/v7-m/nofp/libc_nano.a(libc_a-fstatr.o)
 .debug_line    0x00018a16      0x19d /usr/lib/gcc/arm-none-eabi/13.2.1/../../../arm-none-eabi/lib/thumb/v7-m/nofp/libc_nano.a(libc_a-lseekr.o)
 .debug_line    0x00018bb3      0x19d /usr/lib/gcc/arm-none-eabi/13.2.1/../../../arm-none-eabi/lib/thumb/v7-m/nofp/libc_nano.a(libc_a-writer.o)

.debug_str      0x00000000     0x6c7f
 .debug_str     0x00000000     0x6c7f build/main.o
                                0x874 (size before relaxing)
 .debug_str     0x00006c7f      0x239 build/gpio.o
 .debug_str     0x00006c7f      0x647 build/spi.o
 .debug_str     0x00006c7f      0x676 build/usart.o
 .debug_str     0x00006c7f      0x695 build/stm32f1xx_it.o
 .debug_str     0x00006c7f      0x5b0 build/stm32f1xx_hal_msp.o
 .debug_str     0x00006c7f      0xbb9 build/stm32f1xx_hal_timebase_tim.o
 .debug_str     0x00006c7f      0xb11 build/stm32f1xx_hal_spi.o
 .debug_str     0x00006c7f      0x8cb build/stm32f1xx_hal.o
 .debug_str     0x00006c7f      0x5cf build/stm32f1xx_hal_rcc.o
 .debug_str     0x00006c7f      0x3ae build/stm32f1xx_hal_gpio.o
 .debug_str     0x00006c7f      0x95c build/stm32f1xx_hal_cortex.o
 .debug_str     0x00006c7f     0x1623 build/stm32f1xx_hal_tim.o
 .debug_str     0x00006c7f      0xe3f build/stm32f1xx_hal_tim_ex.o
 .debug_str     0x00006c7f      0xc98 build/stm32f1xx_hal_uart.o
 .debug_str     0x00006c7f      0x203 build/system_stm32f1xx.o
 .debug_str     0x00006c7f      0x1c7 build/sysmem.o
 .debug_str     0x00006c7f      0x3b0 build/syscalls.o
 .debug_str     0x00006c7f      0x2ae build/list.o
 .debug_str     0x00006c7f     0x1213 build/tasks.o
 .debug_str     0x00006c7f      0x410 build/port.o
 .debug_str     0x00006c7f      0x448 build/socket.o
 .debug_str     0x00006c7f      0x8ae build/wizchip_conf.o
 .debug_str     0x00006c7f      0x29e build/w5500.o
 .debug_str     0x00006c7f      0xbce build/MyUDP.o
 .debug_str     0x00006c7f       0x4d build/startup_stm32f103xe.o
 .debug_str     0x00006c7f      0x1f2 /usr/lib/gcc/arm-none-eabi/13.2.1/../../../arm-none-eabi/lib/thumb/v7-m/nofp/libc_nano.a(libc_a-init.o)
 .debug_str     0x00006c7f      0x1a5 /usr/lib/gcc/arm-none-eabi/13.2.1/../../../arm-none-eabi/lib/thumb/v7-m/nofp/libc_nano.a(libc_a-memset.o)
 .debug_str     0x00006c7f      0x4ae /usr/lib/gcc/arm-none-eabi/13.2.1/../../../arm-none-eabi/lib/thumb/v7-m/nofp/libc_nano.a(libc_a-errno.o)
 .debug_str     0x00006c7f       0xa8 /usr/lib/gcc/arm-none-eabi/13.2.1/../../../arm-none-eabi/lib/thumb/v7-m/nofp/libc_nano.a(libc_a-memcpy.o)
 .debug_str     0x00006c7f      0x4ef /usr/lib/gcc/arm-none-eabi/13.2.1/../../../arm-none-eabi/lib/thumb/v7-m/nofp/libc_nano.a(libc_a-printf.o)
 .debug_str     0x00006c7f      0x821 /usr/lib/gcc/arm-none-eabi/13.2.1/../../../arm-none-eabi/lib/thumb/v7-m/nofp/libc_nano.a(libc_a-nano-vfprintf.o)
 .debug_str     0x00006c7f      0x4ea /usr/lib/gcc/arm-none-eabi/13.2.1/../../../arm-none-eabi/lib/thumb/v7-m/nofp/libc_nano.a(libc_a-wbuf.o)
 .debug_str     0x00006c7f      0x4b4 /usr/lib/gcc/arm-none-eabi/13.2.1/../../../arm-none-eabi/lib/thumb/v7-m/nofp/libc_nano.a(libc_a-impure.o)
 .debug_str     0x00006c7f      0x558 /usr/lib/gcc/arm-none-eabi/13.2.1/../../../arm-none-eabi/lib/thumb/v7-m/nofp/libc_nano.a(libc_a-fvwrite.o)
 .debug_str     0x00006c7f      0x6b7 /usr/lib/gcc/arm-none-eabi/13.2.1/../../../arm-none-eabi/lib/thumb/v7-m/nofp/libc_nano.a(libc_a-findfp.o)
 .debug_str     0x00006c7f      0x53b /usr/lib/gcc/arm-none-eabi/13.2.1/../../../arm-none-eabi/lib/thumb/v7-m/nofp/libc_nano.a(libc_a-fflush.o)
 .debug_str     0x00006c7f      0x595 /usr/lib/gcc/arm-none-eabi/13.2.1/../../../arm-none-eabi/lib/thumb/v7-m/nofp/libc_nano.a(libc_a-mallocr.o)
 .debug_str     0x00006c7f      0x534 /usr/lib/gcc/arm-none-eabi/13.2.1/../../../arm-none-eabi/lib/thumb/v7-m/nofp/libc_nano.a(libc_a-freer.o)
 .debug_str     0x00006c7f      0x1c4 /usr/lib/gcc/arm-none-eabi/13.2.1/../../../arm-none-eabi/lib/thumb/v7-m/nofp/libc_nano.a(libc_a-memmove.o)
 .debug_str     0x00006c7f      0x4c4 /usr/lib/gcc/arm-none-eabi/13.2.1/../../../arm-none-eabi/lib/thumb/v7-m/nofp/libc_nano.a(libc_a-fwalk.o)
 .debug_str     0x00006c7f      0x4e5 /usr/lib/gcc/arm-none-eabi/13.2.1/../../../arm-none-eabi/lib/thumb/v7-m/nofp/libc_nano.a(libc_a-wsetup.o)
 .debug_str     0x00006c7f      0x52a /usr/lib/gcc/arm-none-eabi/13.2.1/../../../arm-none-eabi/lib/thumb/v7-m/nofp/libc_nano.a(libc_a-reallocr.o)
 .debug_str     0x00006c7f      0x793 /usr/lib/gcc/arm-none-eabi/13.2.1/../../../arm-none-eabi/lib/thumb/v7-m/nofp/libc_nano.a(libc_a-nano-vfprintf_i.o)
 .debug_str     0x00006c7f      0x4d2 /usr/lib/gcc/arm-none-eabi/13.2.1/../../../arm-none-eabi/lib/thumb/v7-m/nofp/libc_nano.a(libc_a-mlock.o)
 .debug_str     0x00006c7f      0x647 /usr/lib/gcc/arm-none-eabi/13.2.1/../../../arm-none-eabi/lib/thumb/v7-m/nofp/libc_nano.a(libc_a-makebuf.o)
 .debug_str     0x00006c7f      0x1b5 /usr/lib/gcc/arm-none-eabi/13.2.1/../../../arm-none-eabi/lib/thumb/v7-m/nofp/libc_nano.a(libc_a-memchr-stub.o)
 .debug_str     0x00006c7f      0x4b4 /usr/lib/gcc/arm-none-eabi/13.2.1/../../../arm-none-eabi/lib/thumb/v7-m/nofp/libc_nano.a(libc_a-isattyr.o)
 .debug_str     0x00006c7f      0x4bd /usr/lib/gcc/arm-none-eabi/13.2.1/../../../arm-none-eabi/lib/thumb/v7-m/nofp/libc_nano.a(libc_a-sbrkr.o)
 .debug_str     0x00006c7f      0x521 /usr/lib/gcc/arm-none-eabi/13.2.1/../../../arm-none-eabi/lib/thumb/v7-m/nofp/libc_nano.a(libc_a-stdio.o)
 .debug_str     0x00006c7f      0x4fd /usr/lib/gcc/arm-none-eabi/13.2.1/../../../arm-none-eabi/lib/thumb/v7-m/nofp/libc_nano.a(libc_a-msizer.o)
 .debug_str     0x00006c7f      0x4aa /usr/lib/gcc/arm-none-eabi/13.2.1/../../../arm-none-eabi/lib/thumb/v7-m/nofp/libc_nano.a(libc_a-closer.o)
 .debug_str     0x00006c7f      0x4b8 /usr/lib/gcc/arm-none-eabi/13.2.1/../../../arm-none-eabi/lib/thumb/v7-m/nofp/libc_nano.a(libc_a-readr.o)
 .debug_str     0x00006c7f      0x4d3 /usr/lib/gcc/arm-none-eabi/13.2.1/../../../arm-none-eabi/lib/thumb/v7-m/nofp/libc_nano.a(libc_a-reent.o)
 .debug_str     0x00006c7f      0x5fc /usr/lib/gcc/arm-none-eabi/13.2.1/../../../arm-none-eabi/lib/thumb/v7-m/nofp/libc_nano.a(libc_a-fstatr.o)
 .debug_str     0x00006c7f      0x4b8 /usr/lib/gcc/arm-none-eabi/13.2.1/../../../arm-none-eabi/lib/thumb/v7-m/nofp/libc_nano.a(libc_a-lseekr.o)
 .debug_str     0x00006c7f      0x4ba /usr/lib/gcc/arm-none-eabi/13.2.1/../../../arm-none-eabi/lib/thumb/v7-m/nofp/libc_nano.a(libc_a-writer.o)

.debug_frame    0x00000000     0x3dec
 .debug_frame   0x00000000       0x70 build/main.o
 .debug_frame   0x00000070       0x38 build/gpio.o
 .debug_frame   0x000000a8       0x60 build/spi.o
 .debug_frame   0x00000108       0x60 build/usart.o
 .debug_frame   0x00000168       0x88 build/stm32f1xx_it.o
 .debug_frame   0x000001f0       0x2c build/stm32f1xx_hal_msp.o
 .debug_frame   0x0000021c       0x54 build/stm32f1xx_hal_timebase_tim.o
 .debug_frame   0x00000270      0x5ac build/stm32f1xx_hal_spi.o
 .debug_frame   0x0000081c      0x1cc build/stm32f1xx_hal.o
 .debug_frame   0x000009e8      0x184 build/stm32f1xx_hal_rcc.o
 .debug_frame   0x00000b6c       0xe4 build/stm32f1xx_hal_gpio.o
 .debug_frame   0x00000c50      0x19c build/stm32f1xx_hal_cortex.o
 .debug_frame   0x00000dec      0xb04 build/stm32f1xx_hal_tim.o
 .debug_frame   0x000018f0      0x418 build/stm32f1xx_hal_tim_ex.o
 .debug_frame   0x00001d08      0x5d4 build/stm32f1xx_hal_uart.o
 .debug_frame   0x000022dc       0x30 build/system_stm32f1xx.o
 .debug_frame   0x0000230c       0x28 build/sysmem.o
 .debug_frame   0x00002334      0x190 build/syscalls.o
 .debug_frame   0x000024c4       0x70 build/list.o
 .debug_frame   0x00002534      0x65c build/tasks.o
 .debug_frame   0x00002b90       0xf0 build/port.o
 .debug_frame   0x00002c80      0x284 build/socket.o
 .debug_frame   0x00002f04      0x318 build/wizchip_conf.o
 .debug_frame   0x0000321c      0x148 build/w5500.o
 .debug_frame   0x00003364      0x204 build/MyUDP.o
 .debug_frame   0x00003568       0x2c /usr/lib/gcc/arm-none-eabi/13.2.1/../../../arm-none-eabi/lib/thumb/v7-m/nofp/libc_nano.a(libc_a-init.o)
 .debug_frame   0x00003594       0x2c /usr/lib/gcc/arm-none-eabi/13.2.1/../../../arm-none-eabi/lib/thumb/v7-m/nofp/libc_nano.a(libc_a-memset.o)
 .debug_frame   0x000035c0       0x20 /usr/lib/gcc/arm-none-eabi/13.2.1/../../../arm-none-eabi/lib/thumb/v7-m/nofp/libc_nano.a(libc_a-errno.o)
 .debug_frame   0x000035e0       0x74 /usr/lib/gcc/arm-none-eabi/13.2.1/../../../arm-none-eabi/lib/thumb/v7-m/nofp/libc_nano.a(libc_a-printf.o)
 .debug_frame   0x00003654       0xac /usr/lib/gcc/arm-none-eabi/13.2.1/../../../arm-none-eabi/lib/thumb/v7-m/nofp/libc_nano.a(libc_a-nano-vfprintf.o)
 .debug_frame   0x00003700       0x40 /usr/lib/gcc/arm-none-eabi/13.2.1/../../../arm-none-eabi/lib/thumb/v7-m/nofp/libc_nano.a(libc_a-wbuf.o)
 .debug_frame   0x00003740       0x64 /usr/lib/gcc/arm-none-eabi/13.2.1/../../../arm-none-eabi/lib/thumb/v7-m/nofp/libc_nano.a(libc_a-fvwrite.o)
 .debug_frame   0x000037a4       0xf4 /usr/lib/gcc/arm-none-eabi/13.2.1/../../../arm-none-eabi/lib/thumb/v7-m/nofp/libc_nano.a(libc_a-findfp.o)
 .debug_frame   0x00003898       0x8c /usr/lib/gcc/arm-none-eabi/13.2.1/../../../arm-none-eabi/lib/thumb/v7-m/nofp/libc_nano.a(libc_a-fflush.o)
 .debug_frame   0x00003924       0x50 /usr/lib/gcc/arm-none-eabi/13.2.1/../../../arm-none-eabi/lib/thumb/v7-m/nofp/libc_nano.a(libc_a-mallocr.o)
 .debug_frame   0x00003974       0x58 /usr/lib/gcc/arm-none-eabi/13.2.1/../../../arm-none-eabi/lib/thumb/v7-m/nofp/libc_nano.a(libc_a-freer.o)
 .debug_frame   0x000039cc       0x40 /usr/lib/gcc/arm-none-eabi/13.2.1/../../../arm-none-eabi/lib/thumb/v7-m/nofp/libc_nano.a(libc_a-memmove.o)
 .debug_frame   0x00003a0c       0x34 /usr/lib/gcc/arm-none-eabi/13.2.1/../../../arm-none-eabi/lib/thumb/v7-m/nofp/libc_nano.a(libc_a-fwalk.o)
 .debug_frame   0x00003a40       0x2c /usr/lib/gcc/arm-none-eabi/13.2.1/../../../arm-none-eabi/lib/thumb/v7-m/nofp/libc_nano.a(libc_a-wsetup.o)
 .debug_frame   0x00003a6c       0x38 /usr/lib/gcc/arm-none-eabi/13.2.1/../../../arm-none-eabi/lib/thumb/v7-m/nofp/libc_nano.a(libc_a-reallocr.o)
 .debug_frame   0x00003aa4       0x6c /usr/lib/gcc/arm-none-eabi/13.2.1/../../../arm-none-eabi/lib/thumb/v7-m/nofp/libc_nano.a(libc_a-nano-vfprintf_i.o)
 .debug_frame   0x00003b10       0x30 /usr/lib/gcc/arm-none-eabi/13.2.1/../../../arm-none-eabi/lib/thumb/v7-m/nofp/libc_nano.a(libc_a-mlock.o)
 .debug_frame   0x00003b40       0x60 /usr/lib/gcc/arm-none-eabi/13.2.1/../../../arm-none-eabi/lib/thumb/v7-m/nofp/libc_nano.a(libc_a-makebuf.o)
 .debug_frame   0x00003ba0       0x2c /usr/lib/gcc/arm-none-eabi/13.2.1/../../../arm-none-eabi/lib/thumb/v7-m/nofp/libc_nano.a(libc_a-memchr-stub.o)
 .debug_frame   0x00003bcc       0x2c /usr/lib/gcc/arm-none-eabi/13.2.1/../../../arm-none-eabi/lib/thumb/v7-m/nofp/libc_nano.a(libc_a-isattyr.o)