Component: Arm Compiler for Embedded 6.22 Tool: armlink [5ee90200]

==============================================================================

Section Cross References

    startup_stm32f103xe.o(RESET) refers to startup_stm32f103xe.o(STACK) for __initial_sp
    startup_stm32f103xe.o(RESET) refers to startup_stm32f103xe.o(.text) for Reset_Handler
    startup_stm32f103xe.o(RESET) refers to stm32f1xx_it.o(.text.NMI_Handler) for NMI_Handler
    startup_stm32f103xe.o(RESET) refers to stm32f1xx_it.o(.text.HardFault_Handler) for HardFault_Handler
    startup_stm32f103xe.o(RESET) refers to stm32f1xx_it.o(.text.MemManage_Handler) for MemManage_Handler
    startup_stm32f103xe.o(RESET) refers to stm32f1xx_it.o(.text.BusFault_Handler) for BusFault_Handler
    startup_stm32f103xe.o(RESET) refers to stm32f1xx_it.o(.text.UsageFault_Handler) for UsageFault_Handler
    startup_stm32f103xe.o(RESET) refers to stm32f1xx_it.o(.text.SVC_Handler) for SVC_Handler
    startup_stm32f103xe.o(RESET) refers to stm32f1xx_it.o(.text.DebugMon_Handler) for DebugMon_Handler
    startup_stm32f103xe.o(RESET) refers to stm32f1xx_it.o(.text.PendSV_Handler) for PendSV_Handler
    startup_stm32f103xe.o(RESET) refers to stm32f1xx_it.o(.text.SysTick_Handler) for SysTick_Handler
    startup_stm32f103xe.o(.text) refers to system_stm32f1xx.o(.text.SystemInit) for SystemInit
    startup_stm32f103xe.o(.text) refers to entry.o(.ARM.Collect$$$$00000000) for __main
    loopback.o(.text.loopback_tcps) refers to w5500.o(.text.WIZCHIP_READ) for WIZCHIP_READ
    loopback.o(.text.loopback_tcps) refers to socket.o(.text.socket) for socket
    loopback.o(.text.loopback_tcps) refers to w5500.o(.text.WIZCHIP_READ_BUF) for WIZCHIP_READ_BUF
    loopback.o(.text.loopback_tcps) refers to printf4.o(i.__0printf$4) for __2printf
    loopback.o(.text.loopback_tcps) refers to w5500.o(.text.WIZCHIP_WRITE) for WIZCHIP_WRITE
    loopback.o(.text.loopback_tcps) refers to w5500.o(.text.getSn_RX_RSR) for getSn_RX_RSR
    loopback.o(.text.loopback_tcps) refers to socket.o(.text.recv) for recv
    loopback.o(.text.loopback_tcps) refers to socket.o(.text.send) for send
    loopback.o(.text.loopback_tcps) refers to socket.o(.text.listen) for listen
    loopback.o(.text.loopback_tcps) refers to socket.o(.text.disconnect) for disconnect
    loopback.o(.text.loopback_tcps) refers to loopback.o(.rodata.str1.1) for .L.str.1
    loopback.o(.text.loopback_tcps) refers to socket.o(.text.close) for close
    loopback.o(.ARM.exidx.text.loopback_tcps) refers to loopback.o(.text.loopback_tcps) for [Anonymous Symbol]
    loopback.o(.text.loopback_tcpc) refers to w5500.o(.text.WIZCHIP_READ) for WIZCHIP_READ
    loopback.o(.text.loopback_tcpc) refers to socket.o(.text.close) for close
    loopback.o(.text.loopback_tcpc) refers to loopback.o(.data.loopback_tcpc.any_port) for loopback_tcpc.any_port
    loopback.o(.text.loopback_tcpc) refers to socket.o(.text.socket) for socket
    loopback.o(.text.loopback_tcpc) refers to printf4.o(i.__0printf$4) for __2printf
    loopback.o(.text.loopback_tcpc) refers to w5500.o(.text.WIZCHIP_WRITE) for WIZCHIP_WRITE
    loopback.o(.text.loopback_tcpc) refers to w5500.o(.text.getSn_RX_RSR) for getSn_RX_RSR
    loopback.o(.text.loopback_tcpc) refers to socket.o(.text.recv) for recv
    loopback.o(.text.loopback_tcpc) refers to socket.o(.text.send) for send
    loopback.o(.text.loopback_tcpc) refers to socket.o(.text.connect) for connect
    loopback.o(.text.loopback_tcpc) refers to socket.o(.text.disconnect) for disconnect
    loopback.o(.text.loopback_tcpc) refers to loopback.o(.rodata.str1.1) for .L.str.1
    loopback.o(.ARM.exidx.text.loopback_tcpc) refers to loopback.o(.text.loopback_tcpc) for [Anonymous Symbol]
    loopback.o(.text.loopback_udps) refers to w5500.o(.text.WIZCHIP_READ) for WIZCHIP_READ
    loopback.o(.text.loopback_udps) refers to w5500.o(.text.getSn_RX_RSR) for getSn_RX_RSR
    loopback.o(.text.loopback_udps) refers to socket.o(.text.recvfrom) for recvfrom
    loopback.o(.text.loopback_udps) refers to socket.o(.text.sendto) for sendto
    loopback.o(.text.loopback_udps) refers to socket.o(.text.socket) for socket
    loopback.o(.text.loopback_udps) refers to printf4.o(i.__0printf$4) for __2printf
    loopback.o(.ARM.exidx.text.loopback_udps) refers to loopback.o(.text.loopback_udps) for [Anonymous Symbol]
    myudp.o(.text.W5500_Select) refers to stm32f1xx_hal_gpio.o(.text.HAL_GPIO_WritePin) for HAL_GPIO_WritePin
    myudp.o(.ARM.exidx.text.W5500_Select) refers to myudp.o(.text.W5500_Select) for [Anonymous Symbol]
    myudp.o(.text.W5500_Unselect) refers to stm32f1xx_hal_gpio.o(.text.HAL_GPIO_WritePin) for HAL_GPIO_WritePin
    myudp.o(.ARM.exidx.text.W5500_Unselect) refers to myudp.o(.text.W5500_Unselect) for [Anonymous Symbol]
    myudp.o(.text.W5500_Restart) refers to stm32f1xx_hal_gpio.o(.text.HAL_GPIO_WritePin) for HAL_GPIO_WritePin
    myudp.o(.text.W5500_Restart) refers to stm32f1xx_hal.o(.text.HAL_Delay) for HAL_Delay
[...]
    Removing stm32f1xx_hal_rcc_ex.o(.text.HAL_RCCEx_GetPeriphCLKConfig), (44 bytes).
    Removing stm32f1xx_hal_rcc_ex.o(.ARM.exidx.text.HAL_RCCEx_GetPeriphCLKConfig), (8 bytes).
    Removing stm32f1xx_hal_rcc_ex.o(.text.HAL_RCCEx_GetPeriphCLKFreq), (272 bytes).
    Removing stm32f1xx_hal_rcc_ex.o(.ARM.exidx.text.HAL_RCCEx_GetPeriphCLKFreq), (8 bytes).
    Removing stm32f1xx_hal_gpio.o(.text), (0 bytes).
    Removing stm32f1xx_hal_gpio.o(.ARM.exidx.text.HAL_GPIO_Init), (8 bytes).
    Removing stm32f1xx_hal_gpio.o(.text.HAL_GPIO_DeInit), (238 bytes).
    Removing stm32f1xx_hal_gpio.o(.ARM.exidx.text.HAL_GPIO_DeInit), (8 bytes).
    Removing stm32f1xx_hal_gpio.o(.text.HAL_GPIO_ReadPin), (10 bytes).
    Removing stm32f1xx_hal_gpio.o(.ARM.exidx.text.HAL_GPIO_ReadPin), (8 bytes).
    Removing stm32f1xx_hal_gpio.o(.ARM.exidx.text.HAL_GPIO_WritePin), (8 bytes).
    Removing stm32f1xx_hal_gpio.o(.text.HAL_GPIO_TogglePin), (14 bytes).
    Removing stm32f1xx_hal_gpio.o(.ARM.exidx.text.HAL_GPIO_TogglePin), (8 bytes).
    Removing stm32f1xx_hal_gpio.o(.text.HAL_GPIO_LockPin), (44 bytes).
    Removing stm32f1xx_hal_gpio.o(.ARM.exidx.text.HAL_GPIO_LockPin), (8 bytes).
    Removing stm32f1xx_hal_gpio.o(.text.HAL_GPIO_EXTI_IRQHandler), (22 bytes).
    Removing stm32f1xx_hal_gpio.o(.ARM.exidx.text.HAL_GPIO_EXTI_IRQHandler), (8 bytes).
    Removing stm32f1xx_hal_gpio.o(.text.HAL_GPIO_EXTI_Callback), (2 bytes).
    Removing stm32f1xx_hal_gpio.o(.ARM.exidx.text.HAL_GPIO_EXTI_Callback), (8 bytes).
    Removing stm32f1xx_hal_dma.o(.text), (0 bytes).
    Removing stm32f1xx_hal_dma.o(.text.HAL_DMA_Init), (140 bytes).
    Removing stm32f1xx_hal_dma.o(.ARM.exidx.text.HAL_DMA_Init), (8 bytes).
    Removing stm32f1xx_hal_dma.o(.text.HAL_DMA_DeInit), (144 bytes).
    Removing stm32f1xx_hal_dma.o(.ARM.exidx.text.HAL_DMA_DeInit), (8 bytes).
    Removing stm32f1xx_hal_dma.o(.text.HAL_DMA_Start), (116 bytes).
    Removing stm32f1xx_hal_dma.o(.ARM.exidx.text.HAL_DMA_Start), (8 bytes).
    Removing stm32f1xx_hal_dma.o(.text.HAL_DMA_Start_IT), (160 bytes).
    Removing stm32f1xx_hal_dma.o(.ARM.exidx.text.HAL_DMA_Start_IT), (8 bytes).
    Removing stm32f1xx_hal_dma.o(.text.HAL_DMA_Abort), (70 bytes).
    Removing stm32f1xx_hal_dma.o(.ARM.exidx.text.HAL_DMA_Abort), (8 bytes).
    Removing stm32f1xx_hal_dma.o(.text.HAL_DMA_Abort_IT), (298 bytes).
    Removing stm32f1xx_hal_dma.o(.ARM.exidx.text.HAL_DMA_Abort_IT), (8 bytes).
    Removing stm32f1xx_hal_dma.o(.text.HAL_DMA_PollForTransfer), (1464 bytes).
    Removing stm32f1xx_hal_dma.o(.ARM.exidx.text.HAL_DMA_PollForTransfer), (8 bytes).
    Removing stm32f1xx_hal_dma.o(.text.HAL_DMA_IRQHandler), (662 bytes).
    Removing stm32f1xx_hal_dma.o(.ARM.exidx.text.HAL_DMA_IRQHandler), (8 bytes).
    Removing stm32f1xx_hal_dma.o(.text.HAL_DMA_RegisterCallback), (46 bytes).
    Removing stm32f1xx_hal_dma.o(.ARM.exidx.text.HAL_DMA_RegisterCallback), (8 bytes).
    Removing stm32f1xx_hal_dma.o(.text.HAL_DMA_UnRegisterCallback), (122 bytes).
    Removing stm32f1xx_hal_dma.o(.ARM.exidx.text.HAL_DMA_UnRegisterCallback), (8 bytes).
    Removing stm32f1xx_hal_dma.o(.text.HAL_DMA_GetState), (6 bytes).
    Removing stm32f1xx_hal_dma.o(.ARM.exidx.text.HAL_DMA_GetState), (8 bytes).
    Removing stm32f1xx_hal_dma.o(.text.HAL_DMA_GetError), (4 bytes).
    Removing stm32f1xx_hal_dma.o(.ARM.exidx.text.HAL_DMA_GetError), (8 bytes).
    Removing stm32f1xx_hal_cortex.o(.text), (0 bytes).
    Removing stm32f1xx_hal_cortex.o(.ARM.exidx.text.HAL_NVIC_SetPriorityGrouping), (8 bytes).
    Removing stm32f1xx_hal_cortex.o(.ARM.exidx.text.HAL_NVIC_SetPriority), (8 bytes).
    Removing stm32f1xx_hal_cortex.o(.text.HAL_NVIC_EnableIRQ), (34 bytes).
    Removing stm32f1xx_hal_cortex.o(.ARM.exidx.text.HAL_NVIC_EnableIRQ), (8 bytes).
    Removing stm32f1xx_hal_cortex.o(.text.HAL_NVIC_DisableIRQ), (42 bytes).
    Removing stm32f1xx_hal_cortex.o(.ARM.exidx.text.HAL_NVIC_DisableIRQ), (8 bytes).
    Removing stm32f1xx_hal_cortex.o(.text.HAL_NVIC_SystemReset), (4 bytes).
    Removing stm32f1xx_hal_cortex.o(.ARM.exidx.text.HAL_NVIC_SystemReset), (8 bytes).
    Removing stm32f1xx_hal_cortex.o(.text.__NVIC_SystemReset), (42 bytes).
    Removing stm32f1xx_hal_cortex.o(.ARM.exidx.text.__NVIC_SystemReset), (8 bytes).
    Removing stm32f1xx_hal_cortex.o(.ARM.exidx.text.HAL_SYSTICK_Config), (8 bytes).
    Removing stm32f1xx_hal_cortex.o(.text.HAL_NVIC_GetPriorityGrouping), (16 bytes).
    Removing stm32f1xx_hal_cortex.o(.ARM.exidx.text.HAL_NVIC_GetPriorityGrouping), (8 bytes).
    Removing stm32f1xx_hal_cortex.o(.text.HAL_NVIC_GetPriority), (88 bytes).
    Removing stm32f1xx_hal_cortex.o(.ARM.exidx.text.HAL_NVIC_GetPriority), (8 bytes).
    Removing stm32f1xx_hal_cortex.o(.text.HAL_NVIC_SetPendingIRQ), (34 bytes).
    Removing stm32f1xx_hal_cortex.o(.ARM.exidx.text.HAL_NVIC_SetPendingIRQ), (8 bytes).
    Removing stm32f1xx_hal_cortex.o(.text.HAL_NVIC_GetPendingIRQ), (38 bytes).
    Removing stm32f1xx_hal_cortex.o(.ARM.exidx.text.HAL_NVIC_GetPendingIRQ), (8 bytes).
    Removing stm32f1xx_hal_cortex.o(.text.HAL_NVIC_ClearPendingIRQ), (34 bytes).
    Removing stm32f1xx_hal_cortex.o(.ARM.exidx.text.HAL_NVIC_ClearPendingIRQ), (8 bytes).
    Removing stm32f1xx_hal_cortex.o(.text.HAL_NVIC_GetActive), (38 bytes).
    Removing stm32f1xx_hal_cortex.o(.ARM.exidx.text.HAL_NVIC_GetActive), (8 bytes).
    Removing stm32f1xx_hal_cortex.o(.text.HAL_SYSTICK_CLKSourceConfig), (24 bytes).
    Removing stm32f1xx_hal_cortex.o(.ARM.exidx.text.HAL_SYSTICK_CLKSourceConfig), (8 bytes).
    Removing stm32f1xx_hal_cortex.o(.text.HAL_SYSTICK_IRQHandler), (4 bytes).
    Removing stm32f1xx_hal_cortex.o(.ARM.exidx.text.HAL_SYSTICK_IRQHandler), (8 bytes).
    Removing stm32f1xx_hal_cortex.o(.text.HAL_SYSTICK_Callback), (2 bytes).
    Removing stm32f1xx_hal_cortex.o(.ARM.exidx.text.HAL_SYSTICK_Callback), (8 bytes).
    Removing stm32f1xx_hal_pwr.o(.text), (0 bytes).
    Removing stm32f1xx_hal_pwr.o(.text.HAL_PWR_DeInit), (26 bytes).
    Removing stm32f1xx_hal_pwr.o(.ARM.exidx.text.HAL_PWR_DeInit), (8 bytes).
    Removing stm32f1xx_hal_pwr.o(.text.HAL_PWR_EnableBkUpAccess), (12 bytes).
    Removing stm32f1xx_hal_pwr.o(.ARM.exidx.text.HAL_PWR_EnableBkUpAccess), (8 bytes).
    Removing stm32f1xx_hal_pwr.o(.text.HAL_PWR_DisableBkUpAccess), (12 bytes).
    Removing stm32f1xx_hal_pwr.o(.ARM.exidx.text.HAL_PWR_DisableBkUpAccess), (8 bytes).
    Removing stm32f1xx_hal_pwr.o(.text.HAL_PWR_ConfigPVD), (130 bytes).
    Removing stm32f1xx_hal_pwr.o(.ARM.exidx.text.HAL_PWR_ConfigPVD), (8 bytes).
    Removing stm32f1xx_hal_pwr.o(.text.HAL_PWR_EnablePVD), (12 bytes).
    Removing stm32f1xx_hal_pwr.o(.ARM.exidx.text.HAL_PWR_EnablePVD), (8 bytes).
    Removing stm32f1xx_hal_pwr.o(.text.HAL_PWR_DisablePVD), (12 bytes).
    Removing stm32f1xx_hal_pwr.o(.ARM.exidx.text.HAL_PWR_DisablePVD), (8 bytes).
    Removing stm32f1xx_hal_pwr.o(.text.HAL_PWR_EnableWakeUpPin), (22 bytes).
    Removing stm32f1xx_hal_pwr.o(.ARM.exidx.text.HAL_PWR_EnableWakeUpPin), (8 bytes).
    Removing stm32f1xx_hal_pwr.o(.text.HAL_PWR_DisableWakeUpPin), (22 bytes).
    Removing stm32f1xx_hal_pwr.o(.ARM.exidx.text.HAL_PWR_DisableWakeUpPin), (8 bytes).
    Removing stm32f1xx_hal_pwr.o(.text.HAL_PWR_EnterSLEEPMode), (30 bytes).
    Removing stm32f1xx_hal_pwr.o(.ARM.exidx.text.HAL_PWR_EnterSLEEPMode), (8 bytes).
    Removing stm32f1xx_hal_pwr.o(.text.HAL_PWR_EnterSTOPMode), (80 bytes).
    Removing stm32f1xx_hal_pwr.o(.ARM.exidx.text.HAL_PWR_EnterSTOPMode), (8 bytes).
    Removing stm32f1xx_hal_pwr.o(.text.PWR_OverloadWfe), (6 bytes).
    Removing stm32f1xx_hal_pwr.o(.ARM.exidx.text.PWR_OverloadWfe), (8 bytes).
    Removing stm32f1xx_hal_pwr.o(.text.HAL_PWR_EnterSTANDBYMode), (36 bytes).
    Removing stm32f1xx_hal_pwr.o(.ARM.exidx.text.HAL_PWR_EnterSTANDBYMode), (8 bytes).
    Removing stm32f1xx_hal_pwr.o(.text.HAL_PWR_EnableSleepOnExit), (18 bytes).
    Removing stm32f1xx_hal_pwr.o(.ARM.exidx.text.HAL_PWR_EnableSleepOnExit), (8 bytes).
    Removing stm32f1xx_hal_pwr.o(.text.HAL_PWR_DisableSleepOnExit), (18 bytes).
    Removing stm32f1xx_hal_pwr.o(.ARM.exidx.text.HAL_PWR_DisableSleepOnExit), (8 bytes).
    Removing stm32f1xx_hal_pwr.o(.text.HAL_PWR_EnableSEVOnPend), (18 bytes).
    Removing stm32f1xx_hal_pwr.o(.ARM.exidx.text.HAL_PWR_EnableSEVOnPend), (8 bytes).
    Removing stm32f1xx_hal_pwr.o(.text.HAL_PWR_DisableSEVOnPend), (18 bytes).
    Removing stm32f1xx_hal_pwr.o(.ARM.exidx.text.HAL_PWR_DisableSEVOnPend), (8 bytes).
    Removing stm32f1xx_hal_pwr.o(.text.HAL_PWR_PVD_IRQHandler), (30 bytes).
    Removing stm32f1xx_hal_pwr.o(.ARM.exidx.text.HAL_PWR_PVD_IRQHandler), (8 bytes).
    Removing stm32f1xx_hal_pwr.o(.text.HAL_PWR_PVDCallback), (2 bytes).
    Removing stm32f1xx_hal_pwr.o(.ARM.exidx.text.HAL_PWR_PVDCallback), (8 bytes).
    Removing stm32f1xx_hal_flash.o(.text), (0 bytes).
    Removing stm32f1xx_hal_flash.o(.text.HAL_FLASH_Program), (278 bytes).
    Removing stm32f1xx_hal_flash.o(.ARM.exidx.text.HAL_FLASH_Program), (8 bytes).
    Removing stm32f1xx_hal_flash.o(.text.FLASH_WaitForLastOperation), (198 bytes).
    Removing stm32f1xx_hal_flash.o(.ARM.exidx.text.FLASH_WaitForLastOperation), (8 bytes).
    Removing stm32f1xx_hal_flash.o(.text.HAL_FLASH_Program_IT), (110 bytes).
    Removing stm32f1xx_hal_flash.o(.ARM.exidx.text.HAL_FLASH_Program_IT), (8 bytes).
    Removing stm32f1xx_hal_flash.o(.text.HAL_FLASH_IRQHandler), (372 bytes).
    Removing stm32f1xx_hal_flash.o(.ARM.exidx.text.HAL_FLASH_IRQHandler), (8 bytes).
    Removing stm32f1xx_hal_flash.o(.text.HAL_FLASH_OperationErrorCallback), (2 bytes).
    Removing stm32f1xx_hal_flash.o(.ARM.exidx.text.HAL_FLASH_OperationErrorCallback), (8 bytes).
    Removing stm32f1xx_hal_flash.o(.text.HAL_FLASH_EndOfOperationCallback), (2 bytes).
    Removing stm32f1xx_hal_flash.o(.ARM.exidx.text.HAL_FLASH_EndOfOperationCallback), (8 bytes).
    Removing stm32f1xx_hal_flash.o(.text.HAL_FLASH_Unlock), (46 bytes).
    Removing stm32f1xx_hal_flash.o(.ARM.exidx.text.HAL_FLASH_Unlock), (8 bytes).
    Removing stm32f1xx_hal_flash.o(.text.HAL_FLASH_Lock), (20 bytes).
    Removing stm32f1xx_hal_flash.o(.ARM.exidx.text.HAL_FLASH_Lock), (8 bytes).
    Removing stm32f1xx_hal_flash.o(.text.HAL_FLASH_OB_Unlock), (42 bytes).
    Removing stm32f1xx_hal_flash.o(.ARM.exidx.text.HAL_FLASH_OB_Unlock), (8 bytes).
    Removing stm32f1xx_hal_flash.o(.text.HAL_FLASH_OB_Lock), (20 bytes).
    Removing stm32f1xx_hal_flash.o(.ARM.exidx.text.HAL_FLASH_OB_Lock), (8 bytes).
    Removing stm32f1xx_hal_flash.o(.text.HAL_FLASH_OB_Launch), (4 bytes).
    Removing stm32f1xx_hal_flash.o(.ARM.exidx.text.HAL_FLASH_OB_Launch), (8 bytes).
    Removing stm32f1xx_hal_flash.o(.text.HAL_FLASH_GetError), (12 bytes).
    Removing stm32f1xx_hal_flash.o(.ARM.exidx.text.HAL_FLASH_GetError), (8 bytes).
    Removing stm32f1xx_hal_flash.o(.bss.pFlash), (32 bytes).
    Removing stm32f1xx_hal_flash_ex.o(.text), (0 bytes).
    Removing stm32f1xx_hal_flash_ex.o(.text.HAL_FLASHEx_Erase), (238 bytes).
    Removing stm32f1xx_hal_flash_ex.o(.ARM.exidx.text.HAL_FLASHEx_Erase), (8 bytes).
    Removing stm32f1xx_hal_flash_ex.o(.text.FLASH_PageErase), (40 bytes).
    Removing stm32f1xx_hal_flash_ex.o(.ARM.exidx.text.FLASH_PageErase), (8 bytes).
    Removing stm32f1xx_hal_flash_ex.o(.text.HAL_FLASHEx_Erase_IT), (110 bytes).
    Removing stm32f1xx_hal_flash_ex.o(.ARM.exidx.text.HAL_FLASHEx_Erase_IT), (8 bytes).
    Removing stm32f1xx_hal_flash_ex.o(.text.HAL_FLASHEx_OBErase), (172 bytes).
    Removing stm32f1xx_hal_flash_ex.o(.ARM.exidx.text.HAL_FLASHEx_OBErase), (8 bytes).
    Removing stm32f1xx_hal_flash_ex.o(.text.HAL_FLASHEx_OBProgram), (694 bytes).
    Removing stm32f1xx_hal_flash_ex.o(.ARM.exidx.text.HAL_FLASHEx_OBProgram), (8 bytes).
    Removing stm32f1xx_hal_flash_ex.o(.text.HAL_FLASHEx_OBGetConfig), (42 bytes).
    Removing stm32f1xx_hal_flash_ex.o(.ARM.exidx.text.HAL_FLASHEx_OBGetConfig), (8 bytes).
    Removing stm32f1xx_hal_flash_ex.o(.text.HAL_FLASHEx_OBGetUserData), (34 bytes).
    Removing stm32f1xx_hal_flash_ex.o(.ARM.exidx.text.HAL_FLASHEx_OBGetUserData), (8 bytes).
    Removing stm32f1xx_hal_exti.o(.text), (0 bytes).
    Removing stm32f1xx_hal_exti.o(.text.HAL_EXTI_SetConfigLine), (186 bytes).
    Removing stm32f1xx_hal_exti.o(.ARM.exidx.text.HAL_EXTI_SetConfigLine), (8 bytes).
    Removing stm32f1xx_hal_exti.o(.text.HAL_EXTI_GetConfigLine), (172 bytes).
    Removing stm32f1xx_hal_exti.o(.ARM.exidx.text.HAL_EXTI_GetConfigLine), (8 bytes).
    Removing stm32f1xx_hal_exti.o(.text.HAL_EXTI_ClearConfigLine), (140 bytes).
    Removing stm32f1xx_hal_exti.o(.ARM.exidx.text.HAL_EXTI_ClearConfigLine), (8 bytes).
    Removing stm32f1xx_hal_exti.o(.text.HAL_EXTI_RegisterCallback), (12 bytes).
    Removing stm32f1xx_hal_exti.o(.ARM.exidx.text.HAL_EXTI_RegisterCallback), (8 bytes).
    Removing stm32f1xx_hal_exti.o(.text.HAL_EXTI_GetHandle), (12 bytes).
    Removing stm32f1xx_hal_exti.o(.ARM.exidx.text.HAL_EXTI_GetHandle), (8 bytes).
    Removing stm32f1xx_hal_exti.o(.text.HAL_EXTI_IRQHandler), (42 bytes).
    Removing stm32f1xx_hal_exti.o(.ARM.exidx.text.HAL_EXTI_IRQHandler), (8 bytes).
    Removing stm32f1xx_hal_exti.o(.text.HAL_EXTI_GetPending), (28 bytes).
    Removing stm32f1xx_hal_exti.o(.ARM.exidx.text.HAL_EXTI_GetPending), (8 bytes).
    Removing stm32f1xx_hal_exti.o(.text.HAL_EXTI_ClearPending), (24 bytes).
    Removing stm32f1xx_hal_exti.o(.ARM.exidx.text.HAL_EXTI_ClearPending), (8 bytes).
    Removing stm32f1xx_hal_exti.o(.text.HAL_EXTI_GenerateSWI), (24 bytes).
    Removing stm32f1xx_hal_exti.o(.ARM.exidx.text.HAL_EXTI_GenerateSWI), (8 bytes).
    Removing stm32f1xx_hal_tim.o(.text), (0 bytes).
    Removing stm32f1xx_hal_tim_ex.o(.text), (0 bytes).
    Removing stm32f1xx_hal_uart.o(.text), (0 bytes).
    Removing stm32f1xx_hal_uart.o(.ARM.exidx.text.HAL_UART_Init), (8 bytes).
    Removing stm32f1xx_hal_uart.o(.text.HAL_UART_MspInit), (2 bytes).
    Removing stm32f1xx_hal_uart.o(.ARM.exidx.text.HAL_UART_MspInit), (8 bytes).
    Removing stm32f1xx_hal_uart.o(.text.HAL_HalfDuplex_Init), (232 bytes).
    Removing stm32f1xx_hal_uart.o(.ARM.exidx.text.HAL_HalfDuplex_Init), (8 bytes).
    Removing stm32f1xx_hal_uart.o(.text.HAL_LIN_Init), (246 bytes).
    Removing stm32f1xx_hal_uart.o(.ARM.exidx.text.HAL_LIN_Init), (8 bytes).
    Removing stm32f1xx_hal_uart.o(.text.HAL_MultiProcessor_Init), (258 bytes).
    Removing stm32f1xx_hal_uart.o(.ARM.exidx.text.HAL_MultiProcessor_Init), (8 bytes).
    Removing stm32f1xx_hal_uart.o(.text.HAL_UART_DeInit), (50 bytes).
    Removing stm32f1xx_hal_uart.o(.ARM.exidx.text.HAL_UART_DeInit), (8 bytes).
    Removing stm32f1xx_hal_uart.o(.text.HAL_UART_MspDeInit), (2 bytes).
    Removing stm32f1xx_hal_uart.o(.ARM.exidx.text.HAL_UART_MspDeInit), (8 bytes).
    Removing stm32f1xx_hal_uart.o(.ARM.exidx.text.HAL_UART_Transmit), (8 bytes).
    Removing stm32f1xx_hal_uart.o(.text.HAL_UART_Receive), (338 bytes).
    Removing stm32f1xx_hal_uart.o(.ARM.exidx.text.HAL_UART_Receive), (8 bytes).
    Removing stm32f1xx_hal_uart.o(.text.HAL_UART_Transmit_IT), (74 bytes).
    Removing stm32f1xx_hal_uart.o(.ARM.exidx.text.HAL_UART_Transmit_IT), (8 bytes).
    Removing stm32f1xx_hal_uart.o(.text.HAL_UART_Receive_IT), (84 bytes).
    Removing stm32f1xx_hal_uart.o(.ARM.exidx.text.HAL_UART_Receive_IT), (8 bytes).
    Removing stm32f1xx_hal_uart.o(.text.HAL_UART_Transmit_DMA), (174 bytes).
    Removing stm32f1xx_hal_uart.o(.ARM.exidx.text.HAL_UART_Transmit_DMA), (8 bytes).
    Removing stm32f1xx_hal_uart.o(.text.UART_DMATransmitCplt), (38 bytes).
    Removing stm32f1xx_hal_uart.o(.ARM.exidx.text.UART_DMATransmitCplt), (8 bytes).
    Removing stm32f1xx_hal_uart.o(.text.UART_DMATxHalfCplt), (6 bytes).
    Removing stm32f1xx_hal_uart.o(.ARM.exidx.text.UART_DMATxHalfCplt), (8 bytes).
    Removing stm32f1xx_hal_uart.o(.text.UART_DMAError), (92 bytes).
    Removing stm32f1xx_hal_uart.o(.ARM.exidx.text.UART_DMAError), (8 bytes).
    Removing stm32f1xx_hal_uart.o(.text.HAL_UART_Receive_DMA), (198 bytes).
    Removing stm32f1xx_hal_uart.o(.ARM.exidx.text.HAL_UART_Receive_DMA), (8 bytes).
    Removing stm32f1xx_hal_uart.o(.text.UART_DMAReceiveCplt), (54 bytes).
    Removing stm32f1xx_hal_uart.o(.ARM.exidx.text.UART_DMAReceiveCplt), (8 bytes).
    Removing stm32f1xx_hal_uart.o(.text.UART_DMARxHalfCplt), (6 bytes).
    Removing stm32f1xx_hal_uart.o(.ARM.exidx.text.UART_DMARxHalfCplt), (8 bytes).
    Removing stm32f1xx_hal_uart.o(.text.HAL_UART_DMAPause), (88 bytes).
    Removing stm32f1xx_hal_uart.o(.ARM.exidx.text.HAL_UART_DMAPause), (8 bytes).
    Removing stm32f1xx_hal_uart.o(.text.HAL_UART_DMAResume), (116 bytes).
    Removing stm32f1xx_hal_uart.o(.ARM.exidx.text.HAL_UART_DMAResume), (8 bytes).
    Removing stm32f1xx_hal_uart.o(.text.HAL_UART_DMAStop), (114 bytes).
    Removing stm32f1xx_hal_uart.o(.ARM.exidx.text.HAL_UART_DMAStop), (8 bytes).
    Removing stm32f1xx_hal_uart.o(.text.HAL_UART_Abort), (128 bytes).
    Removing stm32f1xx_hal_uart.o(.ARM.exidx.text.HAL_UART_Abort), (8 bytes).
    Removing stm32f1xx_hal_uart.o(.text.HAL_UART_AbortTransmit), (72 bytes).
    Removing stm32f1xx_hal_uart.o(.ARM.exidx.text.HAL_UART_AbortTransmit), (8 bytes).
    Removing stm32f1xx_hal_uart.o(.text.HAL_UART_AbortReceive), (80 bytes).
    Removing stm32f1xx_hal_uart.o(.ARM.exidx.text.HAL_UART_AbortReceive), (8 bytes).
    Removing stm32f1xx_hal_uart.o(.text.HAL_UART_Abort_IT), (166 bytes).
    Removing stm32f1xx_hal_uart.o(.ARM.exidx.text.HAL_UART_Abort_IT), (8 bytes).
    Removing stm32f1xx_hal_uart.o(.text.UART_DMATxAbortCallback), (40 bytes).
    Removing stm32f1xx_hal_uart.o(.ARM.exidx.text.UART_DMATxAbortCallback), (8 bytes).
    Removing stm32f1xx_hal_uart.o(.text.UART_DMARxAbortCallback), (40 bytes).
    Removing stm32f1xx_hal_uart.o(.ARM.exidx.text.UART_DMARxAbortCallback), (8 bytes).
    Removing stm32f1xx_hal_uart.o(.text.HAL_UART_AbortCpltCallback), (2 bytes).
    Removing stm32f1xx_hal_uart.o(.ARM.exidx.text.HAL_UART_AbortCpltCallback), (8 bytes).
    Removing stm32f1xx_hal_uart.o(.text.HAL_UART_AbortTransmit_IT), (78 bytes).
    Removing stm32f1xx_hal_uart.o(.ARM.exidx.text.HAL_UART_AbortTransmit_IT), (8 bytes).
    Removing stm32f1xx_hal_uart.o(.text.UART_DMATxOnlyAbortCallback), (16 bytes).
    Removing stm32f1xx_hal_uart.o(.ARM.exidx.text.UART_DMATxOnlyAbortCallback), (8 bytes).
    Removing stm32f1xx_hal_uart.o(.text.HAL_UART_AbortTransmitCpltCallback), (2 bytes).
    Removing stm32f1xx_hal_uart.o(.ARM.exidx.text.HAL_UART_AbortTransmitCpltCallback), (8 bytes).
    Removing stm32f1xx_hal_uart.o(.text.HAL_UART_AbortReceive_IT), (86 bytes).
    Removing stm32f1xx_hal_uart.o(.ARM.exidx.text.HAL_UART_AbortReceive_IT), (8 bytes).
    Removing stm32f1xx_hal_uart.o(.text.UART_DMARxOnlyAbortCallback), (16 bytes).
    Removing stm32f1xx_hal_uart.o(.ARM.exidx.text.UART_DMARxOnlyAbortCallback), (8 bytes).
    Removing stm32f1xx_hal_uart.o(.text.HAL_UART_AbortReceiveCpltCallback), (2 bytes).
    Removing stm32f1xx_hal_uart.o(.ARM.exidx.text.HAL_UART_AbortReceiveCpltCallback), (8 bytes).
    Removing stm32f1xx_hal_uart.o(.text.HAL_UART_IRQHandler), (616 bytes).
    Removing stm32f1xx_hal_uart.o(.ARM.exidx.text.HAL_UART_IRQHandler), (8 bytes).
    Removing stm32f1xx_hal_uart.o(.text.UART_DMAAbortOnError), (12 bytes).
    Removing stm32f1xx_hal_uart.o(.ARM.exidx.text.UART_DMAAbortOnError), (8 bytes).
    Removing stm32f1xx_hal_uart.o(.text.HAL_UART_ErrorCallback), (2 bytes).
    Removing stm32f1xx_hal_uart.o(.ARM.exidx.text.HAL_UART_ErrorCallback), (8 bytes).
    Removing stm32f1xx_hal_uart.o(.text.HAL_UART_TxCpltCallback), (2 bytes).
    Removing stm32f1xx_hal_uart.o(.ARM.exidx.text.HAL_UART_TxCpltCallback), (8 bytes).
    Removing stm32f1xx_hal_uart.o(.text.HAL_UART_TxHalfCpltCallback), (2 bytes).
    Removing stm32f1xx_hal_uart.o(.ARM.exidx.text.HAL_UART_TxHalfCpltCallback), (8 bytes).
    Removing stm32f1xx_hal_uart.o(.text.HAL_UART_RxCpltCallback), (2 bytes).
    Removing stm32f1xx_hal_uart.o(.ARM.exidx.text.HAL_UART_RxCpltCallback), (8 bytes).
    Removing stm32f1xx_hal_uart.o(.text.HAL_UART_RxHalfCpltCallback), (2 bytes).
    Removing stm32f1xx_hal_uart.o(.ARM.exidx.text.HAL_UART_RxHalfCpltCallback), (8 bytes).
    Removing stm32f1xx_hal_uart.o(.text.HAL_LIN_SendBreak), (44 bytes).
    Removing stm32f1xx_hal_uart.o(.ARM.exidx.text.HAL_LIN_SendBreak), (8 bytes).
    Removing stm32f1xx_hal_uart.o(.text.HAL_MultiProcessor_EnterMuteMode), (44 bytes).
    Removing stm32f1xx_hal_uart.o(.ARM.exidx.text.HAL_MultiProcessor_EnterMuteMode), (8 bytes).
    Removing stm32f1xx_hal_uart.o(.text.HAL_MultiProcessor_ExitMuteMode), (44 bytes).
    Removing stm32f1xx_hal_uart.o(.ARM.exidx.text.HAL_MultiProcessor_ExitMuteMode), (8 bytes).
    Removing stm32f1xx_hal_uart.o(.text.HAL_HalfDuplex_EnableTransmitter), (44 bytes).
    Removing stm32f1xx_hal_uart.o(.ARM.exidx.text.HAL_HalfDuplex_EnableTransmitter), (8 bytes).
    Removing stm32f1xx_hal_uart.o(.text.HAL_HalfDuplex_EnableReceiver), (46 bytes).
    Removing stm32f1xx_hal_uart.o(.ARM.exidx.text.HAL_HalfDuplex_EnableReceiver), (8 bytes).
    Removing stm32f1xx_hal_uart.o(.text.HAL_UART_GetState), (14 bytes).
    Removing stm32f1xx_hal_uart.o(.ARM.exidx.text.HAL_UART_GetState), (8 bytes).
    Removing stm32f1xx_hal_uart.o(.text.HAL_UART_GetError), (4 bytes).
    Removing stm32f1xx_hal_uart.o(.ARM.exidx.text.HAL_UART_GetError), (8 bytes).
    Removing system_stm32f1xx.o(.text), (0 bytes).
    Removing system_stm32f1xx.o(.ARM.exidx.text.SystemInit), (8 bytes).
    Removing system_stm32f1xx.o(.text.SystemCoreClockUpdate), (92 bytes).
    Removing system_stm32f1xx.o(.ARM.exidx.text.SystemCoreClockUpdate), (8 bytes).
    Removing socket.o(.text), (0 bytes).
    Removing socket.o(.ARM.exidx.text.socket), (8 bytes).
    Removing socket.o(.ARM.exidx.text.close), (8 bytes).
    Removing socket.o(.text.listen), (224 bytes).
    Removing socket.o(.ARM.exidx.text.listen), (8 bytes).
    Removing socket.o(.ARM.exidx.text.connect), (8 bytes).
    Removing socket.o(.text.disconnect), (248 bytes).
    Removing socket.o(.ARM.exidx.text.disconnect), (8 bytes).
    Removing socket.o(.ARM.exidx.text.send), (8 bytes).
    Removing socket.o(.ARM.exidx.text.recv), (8 bytes).
    Removing socket.o(.text.sendto), (400 bytes).
    Removing socket.o(.ARM.exidx.text.sendto), (8 bytes).
    Removing socket.o(.text.recvfrom), (546 bytes).
    Removing socket.o(.ARM.exidx.text.recvfrom), (8 bytes).
    Removing socket.o(.text.ctlsocket), (234 bytes).
    Removing socket.o(.ARM.exidx.text.ctlsocket), (8 bytes).
    Removing socket.o(.text.setsockopt), (314 bytes).
    Removing socket.o(.ARM.exidx.text.setsockopt), (8 bytes).
    Removing socket.o(.text.getsockopt), (298 bytes).
    Removing socket.o(.ARM.exidx.text.getsockopt), (8 bytes).
    Removing w5500.o(.text), (0 bytes).
    Removing w5500.o(.ARM.exidx.text.WIZCHIP_READ), (8 bytes).
    Removing w5500.o(.ARM.exidx.text.WIZCHIP_WRITE), (8 bytes).
    Removing w5500.o(.ARM.exidx.text.WIZCHIP_READ_BUF), (8 bytes).
    Removing w5500.o(.ARM.exidx.text.WIZCHIP_WRITE_BUF), (8 bytes).
    Removing w5500.o(.ARM.exidx.text.getSn_TX_FSR), (8 bytes).
    Removing w5500.o(.ARM.exidx.text.getSn_RX_RSR), (8 bytes).
    Removing w5500.o(.ARM.exidx.text.wiz_send_data), (8 bytes).
    Removing w5500.o(.ARM.exidx.text.wiz_recv_data), (8 bytes).
    Removing w5500.o(.text.wiz_recv_ignore), (372 bytes).
    Removing w5500.o(.ARM.exidx.text.wiz_recv_ignore), (8 bytes).
    Removing wizchip_conf.o(.text), (0 bytes).
    Removing wizchip_conf.o(.ARM.exidx.text.wizchip_cris_enter), (8 bytes).
    Removing wizchip_conf.o(.ARM.exidx.text.wizchip_cris_exit), (8 bytes).
    Removing wizchip_conf.o(.ARM.exidx.text.wizchip_cs_select), (8 bytes).
    Removing wizchip_conf.o(.ARM.exidx.text.wizchip_cs_deselect), (8 bytes).
    Removing wizchip_conf.o(.ARM.exidx.text.wizchip_bus_readdata), (8 bytes).
    Removing wizchip_conf.o(.ARM.exidx.text.wizchip_bus_writedata), (8 bytes).
    Removing wizchip_conf.o(.ARM.exidx.text.wizchip_spi_readbyte), (8 bytes).
    Removing wizchip_conf.o(.ARM.exidx.text.wizchip_spi_writebyte), (8 bytes).
    Removing wizchip_conf.o(.text.wizchip_spi_readburst), (2 bytes).
    Removing wizchip_conf.o(.ARM.exidx.text.wizchip_spi_readburst), (8 bytes).
    Removing wizchip_conf.o(.text.wizchip_spi_writeburst), (2 bytes).
    Removing wizchip_conf.o(.ARM.exidx.text.wizchip_spi_writeburst), (8 bytes).
    Removing wizchip_conf.o(.text.reg_wizchip_cris_cbfunc), (56 bytes).
    Removing wizchip_conf.o(.ARM.exidx.text.reg_wizchip_cris_cbfunc), (8 bytes).
    Removing wizchip_conf.o(.ARM.exidx.text.reg_wizchip_cs_cbfunc), (8 bytes).
    Removing wizchip_conf.o(.text.reg_wizchip_bus_cbfunc), (68 bytes).
    Removing wizchip_conf.o(.ARM.exidx.text.reg_wizchip_bus_cbfunc), (8 bytes).
    Removing wizchip_conf.o(.ARM.exidx.text.reg_wizchip_spi_cbfunc), (8 bytes).
    Removing wizchip_conf.o(.text.reg_wizchip_spiburst_cbfunc), (68 bytes).
    Removing wizchip_conf.o(.ARM.exidx.text.reg_wizchip_spiburst_cbfunc), (8 bytes).
    Removing wizchip_conf.o(.ARM.exidx.text.ctlwizchip), (8 bytes).
    Removing wizchip_conf.o(.ARM.exidx.text.wizchip_sw_reset), (8 bytes).
    Removing wizchip_conf.o(.ARM.exidx.text.wizchip_init), (8 bytes).
    Removing wizchip_conf.o(.ARM.exidx.text.wizchip_clrinterrupt), (8 bytes).
    Removing wizchip_conf.o(.text.wizchip_getinterrupt), (30 bytes).
    Removing wizchip_conf.o(.ARM.exidx.text.wizchip_getinterrupt), (8 bytes).
    Removing wizchip_conf.o(.text.wizchip_setinterruptmask), (28 bytes).
    Removing wizchip_conf.o(.ARM.exidx.text.wizchip_setinterruptmask), (8 bytes).
    Removing wizchip_conf.o(.text.wizchip_getinterruptmask), (26 bytes).
    Removing wizchip_conf.o(.ARM.exidx.text.wizchip_getinterruptmask), (8 bytes).
    Removing wizchip_conf.o(.text.wizphy_reset), (46 bytes).
    Removing wizchip_conf.o(.ARM.exidx.text.wizphy_reset), (8 bytes).
    Removing wizchip_conf.o(.ARM.exidx.text.wizphy_setphyconf), (8 bytes).
    Removing wizchip_conf.o(.text.wizphy_getphyconf), (126 bytes).
    Removing wizchip_conf.o(.ARM.exidx.text.wizphy_getphyconf), (8 bytes).
    Removing wizchip_conf.o(.ARM.exidx.text.wizphy_setphypmode), (8 bytes).
    Removing wizchip_conf.o(.text.wizphy_getphypmode), (24 bytes).
    Removing wizchip_conf.o(.ARM.exidx.text.wizphy_getphypmode), (8 bytes).
    Removing wizchip_conf.o(.text.wizphy_getphylink), (16 bytes).
    Removing wizchip_conf.o(.ARM.exidx.text.wizphy_getphylink), (8 bytes).
    Removing wizchip_conf.o(.ARM.exidx.text.ctlnetwork), (8 bytes).
    Removing wizchip_conf.o(.text.wizchip_setnetinfo), (78 bytes).
    Removing wizchip_conf.o(.ARM.exidx.text.wizchip_setnetinfo), (8 bytes).
    Removing wizchip_conf.o(.text.wizchip_getnetinfo), (78 bytes).
    Removing wizchip_conf.o(.ARM.exidx.text.wizchip_getnetinfo), (8 bytes).
    Removing wizchip_conf.o(.text.wizchip_setnetmode), (40 bytes).
    Removing wizchip_conf.o(.ARM.exidx.text.wizchip_setnetmode), (8 bytes).
    Removing wizchip_conf.o(.text.wizchip_getnetmode), (6 bytes).
    Removing wizchip_conf.o(.ARM.exidx.text.wizchip_getnetmode), (8 bytes).
    Removing wizchip_conf.o(.text.wizchip_settimeout), (38 bytes).
    Removing wizchip_conf.o(.ARM.exidx.text.wizchip_settimeout), (8 bytes).
    Removing wizchip_conf.o(.text.wizchip_gettimeout), (40 bytes).
    Removing wizchip_conf.o(.ARM.exidx.text.wizchip_gettimeout), (8 bytes).
    Removing wizchip_conf.o(.text.wizphy_getphystat), (26 bytes).
    Removing wizchip_conf.o(.ARM.exidx.text.wizphy_getphystat), (8 bytes).
    Removing dadd.o(.text), (334 bytes).
    Removing dmul.o(.text), (228 bytes).
    Removing ddiv.o(.text), (222 bytes).
    Removing dfixul.o(.text), (48 bytes).
    Removing cdrcmple.o(.text), (48 bytes).
    Removing depilogue.o(.text), (186 bytes).

621 unused section(s) (total 28453 bytes) removed from the image.

==============================================================================

Image Symbol Table

    Local Symbols

    Symbol Name                              Value     Ov Type        Size  Object(Section)

    ../clib/division.s                       0x00000000   Number         0  aeabi_sdiv.o ABSOLUTE
    ../clib/microlib/division.c              0x00000000   Number         0  uidiv.o ABSOLUTE
    ../clib/microlib/division.c              0x00000000   Number         0  uldiv.o ABSOLUTE
    ../clib/microlib/init/entry.s            0x00000000   Number         0  entry.o ABSOLUTE
    ../clib/microlib/init/entry.s            0x00000000   Number         0  entry2.o ABSOLUTE
    ../clib/microlib/init/entry.s            0x00000000   Number         0  entry5.o ABSOLUTE
    ../clib/microlib/init/entry.s            0x00000000   Number         0  entry7a.o ABSOLUTE
    ../clib/microlib/init/entry.s            0x00000000   Number         0  entry7b.o ABSOLUTE
    ../clib/microlib/init/entry.s            0x00000000   Number         0  entry8a.o ABSOLUTE
    ../clib/microlib/init/entry.s            0x00000000   Number         0  entry8b.o ABSOLUTE
    ../clib/microlib/init/entry.s            0x00000000   Number         0  entry9a.o ABSOLUTE
    ../clib/microlib/init/entry.s            0x00000000   Number         0  entry9b.o ABSOLUTE
    ../clib/microlib/init/entry.s            0x00000000   Number         0  entry10a.o ABSOLUTE
    ../clib/microlib/init/entry.s            0x00000000   Number         0  entry10b.o ABSOLUTE
    ../clib/microlib/init/entry.s            0x00000000   Number         0  entry11a.o ABSOLUTE
    ../clib/microlib/init/entry.s            0x00000000   Number         0  entry11b.o ABSOLUTE
    ../clib/microlib/longlong.c              0x00000000   Number         0  llshl.o ABSOLUTE
    ../clib/microlib/longlong.c              0x00000000   Number         0  llushr.o ABSOLUTE
    ../clib/microlib/longlong.c              0x00000000   Number         0  llsshr.o ABSOLUTE
    ../clib/microlib/printf/printf.c         0x00000000   Number         0  printfb.o ABSOLUTE
    ../clib/microlib/printf/printf.c         0x00000000   Number         0  printf0.o ABSOLUTE
    ../clib/microlib/printf/printf.c         0x00000000   Number         0  printf1.o ABSOLUTE
    ../clib/microlib/printf/printf.c         0x00000000   Number         0  printf2.o ABSOLUTE
    ../clib/microlib/printf/printf.c         0x00000000   Number         0  printf3.o ABSOLUTE
    ../clib/microlib/printf/printf.c         0x00000000   Number         0  printf4.o ABSOLUTE
    ../clib/microlib/printf/printf.c         0x00000000   Number         0  printf5.o ABSOLUTE
    ../clib/microlib/printf/printf.c         0x00000000   Number         0  printf6.o ABSOLUTE
    ../clib/microlib/printf/printf.c         0x00000000   Number         0  printf7.o ABSOLUTE
    ../clib/microlib/printf/printf.c         0x00000000   Number         0  printf8.o ABSOLUTE
    ../clib/microlib/printf/printf.c         0x00000000   Number         0  printfa.o ABSOLUTE
    ../clib/microlib/printf/stubs.s          0x00000000   Number         0  printfstubs.o ABSOLUTE
    ../clib/microlib/stdio/puts.c            0x00000000   Number         0  puts.o ABSOLUTE
    ../clib/microlib/stdio/puts.c            0x00000000   Number         0  puts_e.o ABSOLUTE
    ../clib/microlib/stdio/streams.c         0x00000000   Number         0  stdout.o ABSOLUTE
    ../clib/microlib/string/memcmp.c         0x00000000   Number         0  memcmp.o ABSOLUTE
    ../clib/microlib/string/memset.c         0x00000000   Number         0  memseta.o ABSOLUTE
    ../clib/microlib/stubs.s                 0x00000000   Number         0  iusefp.o ABSOLUTE
    ../fplib/microlib/fpadd.c                0x00000000   Number         0  dadd.o ABSOLUTE
    ../fplib/microlib/fpdiv.c                0x00000000   Number         0  ddiv.o ABSOLUTE
    ../fplib/microlib/fpepilogue.c           0x00000000   Number         0  depilogue.o ABSOLUTE
    ../fplib/microlib/fpfix.c                0x00000000   Number         0  dfixul.o ABSOLUTE
    ../fplib/microlib/fpmul.c                0x00000000   Number         0  dmul.o ABSOLUTE
    MyUDP.c                                  0x00000000   Number         0  myudp.o ABSOLUTE
    cdrcmple.s                               0x00000000   Number         0  cdrcmple.o ABSOLUTE
    dc.s                                     0x00000000   Number         0  dc.o ABSOLUTE
    gpio.c                                   0x00000000   Number         0  gpio.o ABSOLUTE
    handlers.s                               0x00000000   Number         0  handlers.o ABSOLUTE
    init.s                                   0x00000000   Number         0  init.o ABSOLUTE
    loopback.c                               0x00000000   Number         0  loopback.o ABSOLUTE
    main.c                                   0x00000000   Number         0  main.o ABSOLUTE
    socket.c                                 0x00000000   Number         0  socket.o ABSOLUTE
    spi.c                                    0x00000000   Number         0  spi.o ABSOLUTE
    startup_stm32f103xe.s                    0x00000000   Number         0  startup_stm32f103xe.o ABSOLUTE
    stm32f1xx_hal.c                          0x00000000   Number         0  stm32f1xx_hal.o ABSOLUTE
    stm32f1xx_hal_cortex.c                   0x00000000   Number         0  stm32f1xx_hal_cortex.o ABSOLUTE
    stm32f1xx_hal_dma.c                      0x00000000   Number         0  stm32f1xx_hal_dma.o ABSOLUTE
    stm32f1xx_hal_exti.c                     0x00000000   Number         0  stm32f1xx_hal_exti.o ABSOLUTE
    stm32f1xx_hal_flash.c                    0x00000000   Number         0  stm32f1xx_hal_flash.o ABSOLUTE
    stm32f1xx_hal_flash_ex.c                 0x00000000   Number         0  stm32f1xx_hal_flash_ex.o ABSOLUTE
    stm32f1xx_hal_gpio.c                     0x00000000   Number         0  stm32f1xx_hal_gpio.o ABSOLUTE
    stm32f1xx_hal_gpio_ex.c                  0x00000000   Number         0  stm32f1xx_hal_gpio_ex.o ABSOLUTE
    stm32f1xx_hal_msp.c                      0x00000000   Number         0  stm32f1xx_hal_msp.o ABSOLUTE
    stm32f1xx_hal_pwr.c                      0x00000000   Number         0  stm32f1xx_hal_pwr.o ABSOLUTE
    stm32f1xx_hal_rcc.c                      0x00000000   Number         0  stm32f1xx_hal_rcc.o ABSOLUTE
    stm32f1xx_hal_rcc_ex.c                   0x00000000   Number         0  stm32f1xx_hal_rcc_ex.o ABSOLUTE
    stm32f1xx_hal_spi.c                      0x00000000   Number         0  stm32f1xx_hal_spi.o ABSOLUTE
    stm32f1xx_hal_tim.c                      0x00000000   Number         0  stm32f1xx_hal_tim.o ABSOLUTE
    stm32f1xx_hal_tim_ex.c                   0x00000000   Number         0  stm32f1xx_hal_tim_ex.o ABSOLUTE
    stm32f1xx_hal_uart.c                     0x00000000   Number         0  stm32f1xx_hal_uart.o ABSOLUTE
    stm32f1xx_it.c                           0x00000000   Number         0  stm32f1xx_it.o ABSOLUTE
    system_stm32f1xx.c                       0x00000000   Number         0  system_stm32f1xx.o ABSOLUTE
    usart.c                                  0x00000000   Number         0  usart.o ABSOLUTE
    w5500.c                                  0x00000000   Number         0  w5500.o ABSOLUTE
    wizchip_conf.c                           0x00000000   Number         0  wizchip_conf.o ABSOLUTE
    RESET                                    0x08000000   Section      304  startup_stm32f103xe.o(RESET)
    .ARM.Collect$$$$00000000                 0x08000130   Section        0  entry.o(.ARM.Collect$$$$00000000)
    .ARM.Collect$$$$00000001                 0x08000130   Section        4  entry2.o(.ARM.Collect$$$$00000001)
    .ARM.Collect$$$$00000004                 0x08000134   Section        4  entry5.o(.ARM.Collect$$$$00000004)
    .ARM.Collect$$$$00000008                 0x08000138   Section        0  entry7b.o(.ARM.Collect$$$$00000008)
    .ARM.Collect$$$$0000000A                 0x08000138   Section        0  entry8b.o(.ARM.Collect$$$$0000000A)
    .ARM.Collect$$$$0000000B                 0x08000138   Section        8  entry9a.o(.ARM.Collect$$$$0000000B)
    __lit__00000000                          0x08000140   Data           4  entry2.o(.ARM.Collect$$$$00002712)
    .ARM.Collect$$$$0000000D                 0x08000140   Section        0  entry10a.o(.ARM.Collect$$$$0000000D)
    .ARM.Collect$$$$0000000F                 0x08000140   Section        0  entry11a.o(.ARM.Collect$$$$0000000F)
    .ARM.Collect$$$$00002712                 0x08000140   Section        4  entry2.o(.ARM.Collect$$$$00002712)
    .text                                    0x08000144   Section       36  startup_stm32f103xe.o(.text)
    .text                                    0x08000168   Section        0  memseta.o(.text)
    .text                                    0x0800018c   Section        0  uldiv.o(.text)
    .text                                    0x080001f0   Section       48  init.o(.text)
    .text                                    0x08000220   Section        0  llshl.o(.text)
    .text                                    0x0800023e   Section        0  llushr.o(.text)
    [Anonymous Symbol]                       0x08000260   Section        0  stm32f1xx_it.o(.text.BusFault_Handler)
    [Anonymous Symbol]                       0x08000264   Section        0  stm32f1xx_it.o(.text.DebugMon_Handler)
    [Anonymous Symbol]                       0x08000268   Section        0  main.o(.text.Error_Handler)
    [Anonymous Symbol]                       0x08000274   Section        0  stm32f1xx_hal.o(.text.HAL_Delay)
    [Anonymous Symbol]                       0x0800029c   Section        0  stm32f1xx_hal_gpio.o(.text.HAL_GPIO_Init)
    [Anonymous Symbol]                       0x08000484   Section        0  stm32f1xx_hal_gpio.o(.text.HAL_GPIO_WritePin)
    [Anonymous Symbol]                       0x08000490   Section        0  stm32f1xx_hal.o(.text.HAL_GetTick)
    [Anonymous Symbol]                       0x0800049c   Section        0  stm32f1xx_hal.o(.text.HAL_IncTick)
    [Anonymous Symbol]                       0x080004b8   Section        0  stm32f1xx_hal.o(.text.HAL_Init)
    [Anonymous Symbol]                       0x080004e0   Section        0  stm32f1xx_hal.o(.text.HAL_InitTick)
    [Anonymous Symbol]                       0x08000528   Section        0  stm32f1xx_hal_msp.o(.text.HAL_MspInit)
    [Anonymous Symbol]                       0x0800056c   Section        0  stm32f1xx_hal_cortex.o(.text.HAL_NVIC_SetPriority)
    [Anonymous Symbol]                       0x080005c4   Section        0  stm32f1xx_hal_cortex.o(.text.HAL_NVIC_SetPriorityGrouping)
    [Anonymous Symbol]                       0x080005e4   Section        0  stm32f1xx_hal_rcc.o(.text.HAL_RCC_ClockConfig)
    [Anonymous Symbol]                       0x080007a0   Section        0  stm32f1xx_hal_rcc.o(.text.HAL_RCC_GetPCLK1Freq)
    [Anonymous Symbol]                       0x080007c8   Section        0  stm32f1xx_hal_rcc.o(.text.HAL_RCC_GetPCLK2Freq)
    [Anonymous Symbol]                       0x080007f0   Section        0  stm32f1xx_hal_rcc.o(.text.HAL_RCC_OscConfig)
    [Anonymous Symbol]                       0x08000bf0   Section        0  stm32f1xx_hal_spi.o(.text.HAL_SPI_Init)
    [Anonymous Symbol]                       0x08000c74   Section        0  spi.o(.text.HAL_SPI_MspInit)
    [Anonymous Symbol]                       0x08000cf4   Section        0  stm32f1xx_hal_spi.o(.text.HAL_SPI_Receive)
    [Anonymous Symbol]                       0x08000ea8   Section        0  stm32f1xx_hal_spi.o(.text.HAL_SPI_Transmit)
    [Anonymous Symbol]                       0x080010f0   Section        0  stm32f1xx_hal_spi.o(.text.HAL_SPI_TransmitReceive)
    [Anonymous Symbol]                       0x08001400   Section        0  stm32f1xx_hal_cortex.o(.text.HAL_SYSTICK_Config)
    [Anonymous Symbol]                       0x0800142c   Section        0  stm32f1xx_hal_uart.o(.text.HAL_UART_Init)
    [Anonymous Symbol]                       0x0800150c   Section        0  usart.o(.text.HAL_UART_MspInit)
    [Anonymous Symbol]                       0x0800158c   Section        0  stm32f1xx_hal_uart.o(.text.HAL_UART_Transmit)
    [Anonymous Symbol]                       0x08001714   Section        0  stm32f1xx_it.o(.text.HardFault_Handler)
    [Anonymous Symbol]                       0x08001718   Section        0  gpio.o(.text.MX_GPIO_Init)
    [Anonymous Symbol]                       0x08001794   Section        0  spi.o(.text.MX_SPI2_Init)
    [Anonymous Symbol]                       0x080017dc   Section        0  usart.o(.text.MX_USART1_UART_Init)
    [Anonymous Symbol]                       0x08001818   Section        0  stm32f1xx_it.o(.text.MemManage_Handler)
    [Anonymous Symbol]                       0x0800181c   Section        0  stm32f1xx_it.o(.text.NMI_Handler)
    [Anonymous Symbol]                       0x08001820   Section        0  stm32f1xx_it.o(.text.PendSV_Handler)
    SPI_EndRxTransaction                     0x08001825   Thumb Code   262  stm32f1xx_hal_spi.o(.text.SPI_EndRxTransaction)
    [Anonymous Symbol]                       0x08001824   Section        0  stm32f1xx_hal_spi.o(.text.SPI_EndRxTransaction)
    [Anonymous Symbol]                       0x0800192c   Section        0  stm32f1xx_it.o(.text.SVC_Handler)
    [Anonymous Symbol]                       0x08001930   Section        0  stm32f1xx_it.o(.text.SysTick_Handler)
    [Anonymous Symbol]                       0x08001934   Section        0  system_stm32f1xx.o(.text.SystemInit)
    [Anonymous Symbol]                       0x08001984   Section        0  myudp.o(.text.UDPinit)
    [Anonymous Symbol]                       0x08001ab4   Section        0  stm32f1xx_it.o(.text.UsageFault_Handler)
    [Anonymous Symbol]                       0x08001ab8   Section        0  myudp.o(.text.W5500_ReadByte)
    [Anonymous Symbol]                       0x08001adc   Section        0  myudp.o(.text.W5500_Select)
    [Anonymous Symbol]                       0x08001af0   Section        0  myudp.o(.text.W5500_Unselect)
    [Anonymous Symbol]                       0x08001b04   Section        0  myudp.o(.text.W5500_WriteByte)
    [Anonymous Symbol]                       0x08001b28   Section        0  w5500.o(.text.WIZCHIP_READ)
    [Anonymous Symbol]                       0x08001b8c   Section        0  w5500.o(.text.WIZCHIP_READ_BUF)
    [Anonymous Symbol]                       0x08001c04   Section        0  w5500.o(.text.WIZCHIP_WRITE)
    [Anonymous Symbol]                       0x08001c68   Section        0  w5500.o(.text.WIZCHIP_WRITE_BUF)
    [Anonymous Symbol]                       0x08001ce8   Section        0  socket.o(.text.close)
    [Anonymous Symbol]                       0x08001d5c   Section        0  socket.o(.text.connect)
    [Anonymous Symbol]                       0x08001e74   Section        0  wizchip_conf.o(.text.ctlnetwork)
    [Anonymous Symbol]                       0x08001fac   Section        0  wizchip_conf.o(.text.ctlwizchip)
    [Anonymous Symbol]                       0x080021dc   Section        0  myudp.o(.text.do_tcp_client)
    [Anonymous Symbol]                       0x080022cc   Section        0  usart.o(.text.fputc)
    [Anonymous Symbol]                       0x080022ec   Section        0  w5500.o(.text.getSn_RX_RSR)
    [Anonymous Symbol]                       0x080024b8   Section        0  w5500.o(.text.getSn_TX_FSR)
    [Anonymous Symbol]                       0x08002684   Section        0  main.o(.text.main)
    [Anonymous Symbol]                       0x0800271c   Section        0  socket.o(.text.recv)
    [Anonymous Symbol]                       0x080028c8   Section        0  wizchip_conf.o(.text.reg_wizchip_cs_cbfunc)
    [Anonymous Symbol]                       0x08002900   Section        0  wizchip_conf.o(.text.reg_wizchip_spi_cbfunc)
    [Anonymous Symbol]                       0x08002944   Section        0  socket.o(.text.send)
    [Anonymous Symbol]                       0x08002a94   Section        0  socket.o(.text.socket)
    [Anonymous Symbol]                       0x08002c3c   Section        0  w5500.o(.text.wiz_recv_data)
    [Anonymous Symbol]                       0x08002e24   Section        0  w5500.o(.text.wiz_send_data)
    [Anonymous Symbol]                       0x08003008   Section        0  wizchip_conf.o(.text.wizchip_bus_readdata)
    [Anonymous Symbol]                       0x0800300c   Section        0  wizchip_conf.o(.text.wizchip_bus_writedata)
    [Anonymous Symbol]                       0x08003010   Section        0  wizchip_conf.o(.text.wizchip_clrinterrupt)
    [Anonymous Symbol]                       0x080030b8   Section        0  wizchip_conf.o(.text.wizchip_cris_enter)
    [Anonymous Symbol]                       0x080030bc   Section        0  wizchip_conf.o(.text.wizchip_cris_exit)
    [Anonymous Symbol]                       0x080030c0   Section        0  wizchip_conf.o(.text.wizchip_cs_deselect)
    [Anonymous Symbol]                       0x080030c4   Section        0  wizchip_conf.o(.text.wizchip_cs_select)
    [Anonymous Symbol]                       0x080030c8   Section        0  wizchip_conf.o(.text.wizchip_init)
    [Anonymous Symbol]                       0x08003240   Section        0  wizchip_conf.o(.text.wizchip_spi_readbyte)
    [Anonymous Symbol]                       0x08003244   Section        0  wizchip_conf.o(.text.wizchip_spi_writebyte)
    [Anonymous Symbol]                       0x08003248   Section        0  wizchip_conf.o(.text.wizchip_sw_reset)
    [Anonymous Symbol]                       0x080032c8   Section        0  wizchip_conf.o(.text.wizphy_setphyconf)
    [Anonymous Symbol]                       0x0800333c   Section        0  wizchip_conf.o(.text.wizphy_setphypmode)
    i.__0printf$4                            0x080033b4   Section        0  printf4.o(i.__0printf$4)
    i.__scatterload_copy                     0x080033d4   Section       14  handlers.o(i.__scatterload_copy)
    i.__scatterload_null                     0x080033e2   Section        2  handlers.o(i.__scatterload_null)
    i.__scatterload_zeroinit                 0x080033e4   Section       14  handlers.o(i.__scatterload_zeroinit)
    _printf_core                             0x080033f5   Thumb Code   552  printf4.o(i._printf_core)
    i._printf_core                           0x080033f4   Section        0  printf4.o(i._printf_core)
    i.puts                                   0x08003620   Section        0  puts.o(i.puts)
    .L__const.HAL_RCC_GetSysClockFreq.aPredivFactorTable 0x08003644   Data           2  stm32f1xx_hal_rcc.o(.rodata..L__const.HAL_RCC_GetSysClockFreq.aPredivFactorTable)
    .L__const.HAL_RCC_GetSysClockFreq.aPLLMULFactorTable 0x0800365e   Data          16  stm32f1xx_hal_rcc.o(.rodata.cst16)
    .L.str                                   0x0800366e   Data          27  myudp.o(.rodata.str1.1)
    [Anonymous Symbol]                       0x0800366e   Section        0  myudp.o(.rodata.str1.1)
    .L.str.6                                 0x08003689   Data           3  myudp.o(.rodata.str1.1)
    .data                                    0x20000000   Section        4  stdout.o(.data)
    .L_MergedGlobals                         0x20000004   Data          31  myudp.o(.data..L_MergedGlobals)
    [Anonymous Symbol]                       0x20000004   Section        0  myudp.o(.data..L_MergedGlobals)
    .L_MergedGlobals                         0x20000024   Data           8  stm32f1xx_hal.o(.data..L_MergedGlobals)
    [Anonymous Symbol]                       0x20000024   Section        0  stm32f1xx_hal.o(.data..L_MergedGlobals)
    sock_any_port                            0x2000005c   Data           2  socket.o(.data.sock_any_port)
    [Anonymous Symbol]                       0x2000005c   Section        0  socket.o(.data.sock_any_port)
    .L_MergedGlobals                         0x20000060   Data          28  socket.o(.bss..L_MergedGlobals)
    sock_io_mode                             0x20000060   Data           2  socket.o(.bss..L_MergedGlobals)
    [Anonymous Symbol]                       0x20000060   Section        0  socket.o(.bss..L_MergedGlobals)
    sock_is_sending                          0x20000062   Data           2  socket.o(.bss..L_MergedGlobals)
    sock_remained_size                       0x2000006c   Data          16  socket.o(.bss..L_MergedGlobals)
    .L_MergedGlobals                         0x2000007c   Data           5  wizchip_conf.o(.bss..L_MergedGlobals)
    _DNS_.0                                  0x2000007c   Data           1  wizchip_conf.o(.bss..L_MergedGlobals)
    [Anonymous Symbol]                       0x2000007c   Section        0  wizchip_conf.o(.bss..L_MergedGlobals)
    _DNS_.1                                  0x2000007d   Data           1  wizchip_conf.o(.bss..L_MergedGlobals)
    _DNS_.2                                  0x2000007e   Data           1  wizchip_conf.o(.bss..L_MergedGlobals)
    _DNS_.3                                  0x2000007f   Data           1  wizchip_conf.o(.bss..L_MergedGlobals)
    _DHCP_                                   0x20000080   Data           1  wizchip_conf.o(.bss..L_MergedGlobals)
    STACK                                    0x200001b8   Section     1024  startup_stm32f103xe.o(STACK)

    Global Symbols

    Symbol Name                              Value     Ov Type        Size  Object(Section)

    BuildAttributes$$THM_ISAv4$P$D$K$B$S$PE$A:L22UL41UL21$X:L11$S22US41US21$IEEE1$IW$~IW$USESV6$~STKCKD$USESV7$~SHL$OTIME$ROPI$EBA8$MICROLIB$REQ8$PRES8$EABIv2 0x00000000   Number         0  anon$$obj.o ABSOLUTE
    _printf_a                                0x00000000   Number         0  printfstubs.o ABSOLUTE
    _printf_c                                0x00000000   Number         0  printfstubs.o ABSOLUTE
    _printf_charcount                        0x00000000   Number         0  printfstubs.o ABSOLUTE
    _printf_d                                0x00000000   Number         0  printfstubs.o ABSOLUTE
    _printf_e                                0x00000000   Number         0  printfstubs.o ABSOLUTE
    _printf_f                                0x00000000   Number         0  printfstubs.o ABSOLUTE
    _printf_flags                            0x00000000   Number         0  printfstubs.o ABSOLUTE
    _printf_fp_dec                           0x00000000   Number         0  printfstubs.o ABSOLUTE
    _printf_fp_hex                           0x00000000   Number         0  printfstubs.o ABSOLUTE
    _printf_g                                0x00000000   Number         0  printfstubs.o ABSOLUTE
    _printf_i                                0x00000000   Number         0  printfstubs.o ABSOLUTE
    _printf_int_dec                          0x00000000   Number         0  printfstubs.o ABSOLUTE
    _printf_l                                0x00000000   Number         0  printfstubs.o ABSOLUTE
    _printf_lc                               0x00000000   Number         0  printfstubs.o ABSOLUTE
    _printf_ll                               0x00000000   Number         0  printfstubs.o ABSOLUTE
    _printf_lld                              0x00000000   Number         0  printfstubs.o ABSOLUTE
    _printf_lli                              0x00000000   Number         0  printfstubs.o ABSOLUTE
    _printf_llo                              0x00000000   Number         0  printfstubs.o ABSOLUTE
    _printf_llu                              0x00000000   Number         0  printfstubs.o ABSOLUTE
    _printf_llx                              0x00000000   Number         0  printfstubs.o ABSOLUTE
    _printf_longlong_dec                     0x00000000   Number         0  printfstubs.o ABSOLUTE
    _printf_longlong_hex                     0x00000000   Number         0  printfstubs.o ABSOLUTE
    _printf_longlong_oct                     0x00000000   Number         0  printfstubs.o ABSOLUTE
    _printf_ls                               0x00000000   Number         0  printfstubs.o ABSOLUTE
    _printf_mbtowc                           0x00000000   Number         0  printfstubs.o ABSOLUTE
    _printf_n                                0x00000000   Number         0  printfstubs.o ABSOLUTE
    _printf_o                                0x00000000   Number         0  printfstubs.o ABSOLUTE
    _printf_p                                0x00000000   Number         0  printfstubs.o ABSOLUTE
    _printf_percent                          0x00000000   Number         0  printfstubs.o ABSOLUTE
    _printf_pre_padding                      0x00000000   Number         0  printfstubs.o ABSOLUTE
    _printf_return_value                     0x00000000   Number         0  printfstubs.o ABSOLUTE
    _printf_s                                0x00000000   Number         0  printfstubs.o ABSOLUTE
    _printf_sizespec                         0x00000000   Number         0  printfstubs.o ABSOLUTE
    _printf_str                              0x00000000   Number         0  printfstubs.o ABSOLUTE
    _printf_truncate_signed                  0x00000000   Number         0  printfstubs.o ABSOLUTE
    _printf_truncate_unsigned                0x00000000   Number         0  printfstubs.o ABSOLUTE
    _printf_u                                0x00000000   Number         0  printfstubs.o ABSOLUTE
    _printf_wc                               0x00000000   Number         0  printfstubs.o ABSOLUTE
    _printf_wctomb                           0x00000000   Number         0  printfstubs.o ABSOLUTE
    _printf_widthprec                        0x00000000   Number         0  printfstubs.o ABSOLUTE
    _printf_x                                0x00000000   Number         0  printfstubs.o ABSOLUTE
    __cpp_initialize__aeabi_                  - Undefined Weak Reference
    __cxa_finalize                            - Undefined Weak Reference
    __decompress                              - Undefined Weak Reference
    _clock_init                               - Undefined Weak Reference
    _microlib_exit                            - Undefined Weak Reference
    __Vectors_Size                           0x00000130   Number         0  startup_stm32f103xe.o ABSOLUTE
    __Vectors                                0x08000000   Data           4  startup_stm32f103xe.o(RESET)
    __Vectors_End                            0x08000130   Data           0  startup_stm32f103xe.o(RESET)
    __main                                   0x08000131   Thumb Code     0  entry.o(.ARM.Collect$$$$00000000)
    _main_stk                                0x08000131   Thumb Code     0  entry2.o(.ARM.Collect$$$$00000001)
    _main_scatterload                        0x08000135   Thumb Code     0  entry5.o(.ARM.Collect$$$$00000004)
    __main_after_scatterload                 0x08000139   Thumb Code     0  entry5.o(.ARM.Collect$$$$00000004)
    _main_clock                              0x08000139   Thumb Code     0  entry7b.o(.ARM.Collect$$$$00000008)
    _main_cpp_init                           0x08000139   Thumb Code     0  entry8b.o(.ARM.Collect$$$$0000000A)
    _main_init                               0x08000139   Thumb Code     0  entry9a.o(.ARM.Collect$$$$0000000B)
    __rt_final_cpp                           0x08000141   Thumb Code     0  entry10a.o(.ARM.Collect$$$$0000000D)
    __rt_final_exit                          0x08000141   Thumb Code     0  entry11a.o(.ARM.Collect$$$$0000000F)
    Reset_Handler                            0x08000145   Thumb Code     8  startup_stm32f103xe.o(.text)
    ADC1_2_IRQHandler                        0x0800015f   Thumb Code     0  startup_stm32f103xe.o(.text)
    ADC3_IRQHandler                          0x0800015f   Thumb Code     0  startup_stm32f103xe.o(.text)
    CAN1_RX1_IRQHandler                      0x0800015f   Thumb Code     0  startup_stm32f103xe.o(.text)
    CAN1_SCE_IRQHandler                      0x0800015f   Thumb Code     0  startup_stm32f103xe.o(.text)
    DMA1_Channel1_IRQHandler                 0x0800015f   Thumb Code     0  startup_stm32f103xe.o(.text)
    DMA1_Channel2_IRQHandler                 0x0800015f   Thumb Code     0  startup_stm32f103xe.o(.text)
    DMA1_Channel3_IRQHandler                 0x0800015f   Thumb Code     0  startup_stm32f103xe.o(.text)
    DMA1_Channel4_IRQHandler                 0x0800015f   Thumb Code     0  startup_stm32f103xe.o(.text)
    DMA1_Channel5_IRQHandler                 0x0800015f   Thumb Code     0  startup_stm32f103xe.o(.text)
    DMA1_Channel6_IRQHandler                 0x0800015f   Thumb Code     0  startup_stm32f103xe.o(.text)
    DMA1_Channel7_IRQHandler                 0x0800015f   Thumb Code     0  startup_stm32f103xe.o(.text)
    DMA2_Channel1_IRQHandler                 0x0800015f   Thumb Code     0  startup_stm32f103xe.o(.text)
    DMA2_Channel2_IRQHandler                 0x0800015f   Thumb Code     0  startup_stm32f103xe.o(.text)
    DMA2_Channel3_IRQHandler                 0x0800015f   Thumb Code     0  startup_stm32f103xe.o(.text)
    DMA2_Channel4_5_IRQHandler               0x0800015f   Thumb Code     0  startup_stm32f103xe.o(.text)
    EXTI0_IRQHandler                         0x0800015f   Thumb Code     0  startup_stm32f103xe.o(.text)
    EXTI15_10_IRQHandler                     0x0800015f   Thumb Code     0  startup_stm32f103xe.o(.text)
    EXTI1_IRQHandler                         0x0800015f   Thumb Code     0  startup_stm32f103xe.o(.text)
    EXTI2_IRQHandler                         0x0800015f   Thumb Code     0  startup_stm32f103xe.o(.text)
    EXTI3_IRQHandler                         0x0800015f   Thumb Code     0  startup_stm32f103xe.o(.text)
    EXTI4_IRQHandler                         0x0800015f   Thumb Code     0  startup_stm32f103xe.o(.text)
    EXTI9_5_IRQHandler                       0x0800015f   Thumb Code     0  startup_stm32f103xe.o(.text)
    FLASH_IRQHandler                         0x0800015f   Thumb Code     0  startup_stm32f103xe.o(.text)
    FSMC_IRQHandler                          0x0800015f   Thumb Code     0  startup_stm32f103xe.o(.text)
    I2C1_ER_IRQHandler                       0x0800015f   Thumb Code     0  startup_stm32f103xe.o(.text)
    I2C1_EV_IRQHandler                       0x0800015f   Thumb Code     0  startup_stm32f103xe.o(.text)
    I2C2_ER_IRQHandler                       0x0800015f   Thumb Code     0  startup_stm32f103xe.o(.text)
    I2C2_EV_IRQHandler                       0x0800015f   Thumb Code     0  startup_stm32f103xe.o(.text)
    PVD_IRQHandler                           0x0800015f   Thumb Code     0  startup_stm32f103xe.o(.text)
    RCC_IRQHandler                           0x0800015f   Thumb Code     0  startup_stm32f103xe.o(.text)
    RTC_Alarm_IRQHandler                     0x0800015f   Thumb Code     0  startup_stm32f103xe.o(.text)
    RTC_IRQHandler                           0x0800015f   Thumb Code     0  startup_stm32f103xe.o(.text)
    SDIO_IRQHandler                          0x0800015f   Thumb Code     0  startup_stm32f103xe.o(.text)
    SPI1_IRQHandler                          0x0800015f   Thumb Code     0  startup_stm32f103xe.o(.text)
    SPI2_IRQHandler                          0x0800015f   Thumb Code     0  startup_stm32f103xe.o(.text)
    SPI3_IRQHandler                          0x0800015f   Thumb Code     0  startup_stm32f103xe.o(.text)
    TAMPER_IRQHandler                        0x0800015f   Thumb Code     0  startup_stm32f103xe.o(.text)
    TIM1_BRK_IRQHandler                      0x0800015f   Thumb Code     0  startup_stm32f103xe.o(.text)
    TIM1_CC_IRQHandler                       0x0800015f   Thumb Code     0  startup_stm32f103xe.o(.text)
    TIM1_TRG_COM_IRQHandler                  0x0800015f   Thumb Code     0  startup_stm32f103xe.o(.text)
    TIM1_UP_IRQHandler                       0x0800015f   Thumb Code     0  startup_stm32f103xe.o(.text)
    TIM2_IRQHandler                          0x0800015f   Thumb Code     0  startup_stm32f103xe.o(.text)
    TIM3_IRQHandler                          0x0800015f   Thumb Code     0  startup_stm32f103xe.o(.text)
    TIM4_IRQHandler                          0x0800015f   Thumb Code     0  startup_stm32f103xe.o(.text)
    TIM5_IRQHandler                          0x0800015f   Thumb Code     0  startup_stm32f103xe.o(.text)
    TIM6_IRQHandler                          0x0800015f   Thumb Code     0  startup_stm32f103xe.o(.text)
    TIM7_IRQHandler                          0x0800015f   Thumb Code     0  startup_stm32f103xe.o(.text)
    TIM8_BRK_IRQHandler                      0x0800015f   Thumb Code     0  startup_stm32f103xe.o(.text)
    TIM8_CC_IRQHandler                       0x0800015f   Thumb Code     0  startup_stm32f103xe.o(.text)
    TIM8_TRG_COM_IRQHandler                  0x0800015f   Thumb Code     0  startup_stm32f103xe.o(.text)
    TIM8_UP_IRQHandler                       0x0800015f   Thumb Code     0  startup_stm32f103xe.o(.text)
    UART4_IRQHandler                         0x0800015f   Thumb Code     0  startup_stm32f103xe.o(.text)
    UART5_IRQHandler                         0x0800015f   Thumb Code     0  startup_stm32f103xe.o(.text)
    USART1_IRQHandler                        0x0800015f   Thumb Code     0  startup_stm32f103xe.o(.text)
    USART2_IRQHandler                        0x0800015f   Thumb Code     0  startup_stm32f103xe.o(.text)
    USART3_IRQHandler                        0x0800015f   Thumb Code     0  startup_stm32f103xe.o(.text)
    USBWakeUp_IRQHandler                     0x0800015f   Thumb Code     0  startup_stm32f103xe.o(.text)
    USB_HP_CAN1_TX_IRQHandler                0x0800015f   Thumb Code     0  startup_stm32f103xe.o(.text)
    USB_LP_CAN1_RX0_IRQHandler               0x0800015f   Thumb Code     0  startup_stm32f103xe.o(.text)
    WWDG_IRQHandler                          0x0800015f   Thumb Code     0  startup_stm32f103xe.o(.text)
    __aeabi_memset                           0x08000169   Thumb Code    14  memseta.o(.text)
    __aeabi_memset4                          0x08000169   Thumb Code     0  memseta.o(.text)
    __aeabi_memset8                          0x08000169   Thumb Code     0  memseta.o(.text)
    __aeabi_memclr                           0x08000177   Thumb Code     4  memseta.o(.text)
    __aeabi_memclr4                          0x08000177   Thumb Code     0  memseta.o(.text)
    __aeabi_memclr8                          0x08000177   Thumb Code     0  memseta.o(.text)
    _memset$wrapper                          0x0800017b   Thumb Code    18  memseta.o(.text)
    __aeabi_uldivmod                         0x0800018d   Thumb Code    98  uldiv.o(.text)
    __scatterload                            0x080001f1   Thumb Code    38  init.o(.text)
    __scatterload_rt2                        0x080001f1   Thumb Code     0  init.o(.text)
    __aeabi_llsl                             0x08000221   Thumb Code    30  llshl.o(.text)
    _ll_shift_l                              0x08000221   Thumb Code     0  llshl.o(.text)
    __aeabi_llsr                             0x0800023f   Thumb Code    32  llushr.o(.text)
    _ll_ushift_r                             0x0800023f   Thumb Code     0  llushr.o(.text)
    BusFault_Handler                         0x08000261   Thumb Code     2  stm32f1xx_it.o(.text.BusFault_Handler)
    DebugMon_Handler                         0x08000265   Thumb Code     2  stm32f1xx_it.o(.text.DebugMon_Handler)
    Error_Handler                            0x08000269   Thumb Code    10  main.o(.text.Error_Handler)
    HAL_Delay                                0x08000275   Thumb Code    40  stm32f1xx_hal.o(.text.HAL_Delay)
    HAL_GPIO_Init                            0x0800029d   Thumb Code   486  stm32f1xx_hal_gpio.o(.text.HAL_GPIO_Init)
    HAL_GPIO_WritePin                        0x08000485   Thumb Code    10  stm32f1xx_hal_gpio.o(.text.HAL_GPIO_WritePin)
    HAL_GetTick                              0x08000491   Thumb Code    12  stm32f1xx_hal.o(.text.HAL_GetTick)
    HAL_IncTick                              0x0800049d   Thumb Code    26  stm32f1xx_hal.o(.text.HAL_IncTick)
    HAL_Init                                 0x080004b9   Thumb Code    38  stm32f1xx_hal.o(.text.HAL_Init)
    HAL_InitTick                             0x080004e1   Thumb Code    72  stm32f1xx_hal.o(.text.HAL_InitTick)
    HAL_MspInit                              0x08000529   Thumb Code    66  stm32f1xx_hal_msp.o(.text.HAL_MspInit)
    HAL_NVIC_SetPriority                     0x0800056d   Thumb Code    86  stm32f1xx_hal_cortex.o(.text.HAL_NVIC_SetPriority)
    HAL_NVIC_SetPriorityGrouping             0x080005c5   Thumb Code    32  stm32f1xx_hal_cortex.o(.text.HAL_NVIC_SetPriorityGrouping)
    HAL_RCC_ClockConfig                      0x080005e5   Thumb Code   442  stm32f1xx_hal_rcc.o(.text.HAL_RCC_ClockConfig)
    HAL_RCC_GetPCLK1Freq                     0x080007a1   Thumb Code    38  stm32f1xx_hal_rcc.o(.text.HAL_RCC_GetPCLK1Freq)
    HAL_RCC_GetPCLK2Freq                     0x080007c9   Thumb Code    38  stm32f1xx_hal_rcc.o(.text.HAL_RCC_GetPCLK2Freq)
    HAL_RCC_OscConfig                        0x080007f1   Thumb Code  1024  stm32f1xx_hal_rcc.o(.text.HAL_RCC_OscConfig)
    HAL_SPI_Init                             0x08000bf1   Thumb Code   130  stm32f1xx_hal_spi.o(.text.HAL_SPI_Init)
    HAL_SPI_MspInit                          0x08000c75   Thumb Code   126  spi.o(.text.HAL_SPI_MspInit)
    HAL_SPI_Receive                          0x08000cf5   Thumb Code   434  stm32f1xx_hal_spi.o(.text.HAL_SPI_Receive)
    HAL_SPI_Transmit                         0x08000ea9   Thumb Code   584  stm32f1xx_hal_spi.o(.text.HAL_SPI_Transmit)
    HAL_SPI_TransmitReceive                  0x080010f1   Thumb Code   782  stm32f1xx_hal_spi.o(.text.HAL_SPI_TransmitReceive)
    HAL_SYSTICK_Config                       0x08001401   Thumb Code    44  stm32f1xx_hal_cortex.o(.text.HAL_SYSTICK_Config)
    HAL_UART_Init                            0x0800142d   Thumb Code   224  stm32f1xx_hal_uart.o(.text.HAL_UART_Init)
    HAL_UART_MspInit                         0x0800150d   Thumb Code   126  usart.o(.text.HAL_UART_MspInit)
    HAL_UART_Transmit                        0x0800158d   Thumb Code   392  stm32f1xx_hal_uart.o(.text.HAL_UART_Transmit)
    HardFault_Handler                        0x08001715   Thumb Code     2  stm32f1xx_it.o(.text.HardFault_Handler)
    MX_GPIO_Init                             0x08001719   Thumb Code   124  gpio.o(.text.MX_GPIO_Init)
    MX_SPI2_Init                             0x08001795   Thumb Code    70  spi.o(.text.MX_SPI2_Init)
    MX_USART1_UART_Init                      0x080017dd   Thumb Code    60  usart.o(.text.MX_USART1_UART_Init)
    MemManage_Handler                        0x08001819   Thumb Code     2  stm32f1xx_it.o(.text.MemManage_Handler)
    NMI_Handler                              0x0800181d   Thumb Code     2  stm32f1xx_it.o(.text.NMI_Handler)
    PendSV_Handler                           0x08001821   Thumb Code     2  stm32f1xx_it.o(.text.PendSV_Handler)
    SVC_Handler                              0x0800192d   Thumb Code     2  stm32f1xx_it.o(.text.SVC_Handler)
    SysTick_Handler                          0x08001931   Thumb Code     4  stm32f1xx_it.o(.text.SysTick_Handler)
    SystemInit                               0x08001935   Thumb Code    80  system_stm32f1xx.o(.text.SystemInit)
    UDPinit                                  0x08001985   Thumb Code   220  myudp.o(.text.UDPinit)
    UsageFault_Handler                       0x08001ab5   Thumb Code     2  stm32f1xx_it.o(.text.UsageFault_Handler)
    W5500_ReadByte                           0x08001ab9   Thumb Code    34  myudp.o(.text.W5500_ReadByte)
    W5500_Select                             0x08001add   Thumb Code    18  myudp.o(.text.W5500_Select)
    W5500_Unselect                           0x08001af1   Thumb Code    18  myudp.o(.text.W5500_Unselect)
    W5500_WriteByte                          0x08001b05   Thumb Code    34  myudp.o(.text.W5500_WriteByte)
    WIZCHIP_READ                             0x08001b29   Thumb Code    98  w5500.o(.text.WIZCHIP_READ)
    WIZCHIP_READ_BUF                         0x08001b8d   Thumb Code   120  w5500.o(.text.WIZCHIP_READ_BUF)
    WIZCHIP_WRITE                            0x08001c05   Thumb Code   100  w5500.o(.text.WIZCHIP_WRITE)
    WIZCHIP_WRITE_BUF                        0x08001c69   Thumb Code   126  w5500.o(.text.WIZCHIP_WRITE_BUF)
    close                                    0x08001ce9   Thumb Code   116  socket.o(.text.close)
    connect                                  0x08001d5d   Thumb Code   278  socket.o(.text.connect)
    ctlnetwork                               0x08001e75   Thumb Code   310  wizchip_conf.o(.text.ctlnetwork)
    ctlwizchip                               0x08001fad   Thumb Code   560  wizchip_conf.o(.text.ctlwizchip)
    do_tcp_client                            0x080021dd   Thumb Code   220  myudp.o(.text.do_tcp_client)
    fputc                                    0x080022cd   Thumb Code    32  usart.o(.text.fputc)
    getSn_RX_RSR                             0x080022ed   Thumb Code   458  w5500.o(.text.getSn_RX_RSR)
    getSn_TX_FSR                             0x080024b9   Thumb Code   458  w5500.o(.text.getSn_TX_FSR)
    main                                     0x08002685   Thumb Code   136  main.o(.text.main)
    recv                                     0x0800271d   Thumb Code   428  socket.o(.text.recv)
    reg_wizchip_cs_cbfunc                    0x080028c9   Thumb Code    56  wizchip_conf.o(.text.reg_wizchip_cs_cbfunc)
    reg_wizchip_spi_cbfunc                   0x08002901   Thumb Code    68  wizchip_conf.o(.text.reg_wizchip_spi_cbfunc)
    send                                     0x08002945   Thumb Code   334  socket.o(.text.send)
    socket                                   0x08002a95   Thumb Code   424  socket.o(.text.socket)
    wiz_recv_data                            0x08002c3d   Thumb Code   486  w5500.o(.text.wiz_recv_data)
    wiz_send_data                            0x08002e25   Thumb Code   482  w5500.o(.text.wiz_send_data)
    wizchip_bus_readdata                     0x08003009   Thumb Code     4  wizchip_conf.o(.text.wizchip_bus_readdata)
    wizchip_bus_writedata                    0x0800300d   Thumb Code     4  wizchip_conf.o(.text.wizchip_bus_writedata)
    wizchip_clrinterrupt                     0x08003011   Thumb Code   166  wizchip_conf.o(.text.wizchip_clrinterrupt)
    wizchip_cris_enter                       0x080030b9   Thumb Code     2  wizchip_conf.o(.text.wizchip_cris_enter)
    wizchip_cris_exit                        0x080030bd   Thumb Code     2  wizchip_conf.o(.text.wizchip_cris_exit)
    wizchip_cs_deselect                      0x080030c1   Thumb Code     2  wizchip_conf.o(.text.wizchip_cs_deselect)
    wizchip_cs_select                        0x080030c5   Thumb Code     2  wizchip_conf.o(.text.wizchip_cs_select)
    wizchip_init                             0x080030c9   Thumb Code   376  wizchip_conf.o(.text.wizchip_init)
    wizchip_spi_readbyte                     0x08003241   Thumb Code     4  wizchip_conf.o(.text.wizchip_spi_readbyte)
    wizchip_spi_writebyte                    0x08003245   Thumb Code     2  wizchip_conf.o(.text.wizchip_spi_writebyte)
    wizchip_sw_reset                         0x08003249   Thumb Code   128  wizchip_conf.o(.text.wizchip_sw_reset)
    wizphy_setphyconf                        0x080032c9   Thumb Code   114  wizchip_conf.o(.text.wizphy_setphyconf)
    wizphy_setphypmode                       0x0800333d   Thumb Code   120  wizchip_conf.o(.text.wizphy_setphypmode)
    __0printf$4                              0x080033b5   Thumb Code    22  printf4.o(i.__0printf$4)
    __1printf$4                              0x080033b5   Thumb Code     0  printf4.o(i.__0printf$4)
    __2printf                                0x080033b5   Thumb Code     0  printf4.o(i.__0printf$4)
    __scatterload_copy                       0x080033d5   Thumb Code    14  handlers.o(i.__scatterload_copy)
    __scatterload_null                       0x080033e3   Thumb Code     2  handlers.o(i.__scatterload_null)
    __scatterload_zeroinit                   0x080033e5   Thumb Code    14  handlers.o(i.__scatterload_zeroinit)
    puts                                     0x08003621   Thumb Code    30  puts.o(i.puts)
    AHBPrescTable                            0x08003646   Data          16  system_stm32f1xx.o(.rodata.AHBPrescTable)
    APBPrescTable                            0x08003656   Data           8  system_stm32f1xx.o(.rodata.APBPrescTable)
    Region$$Table$$Base                      0x0800368c   Number         0  anon$$obj.o(Region$$Table)
    Region$$Table$$Limit                     0x080036ac   Number         0  anon$$obj.o(Region$$Table)
    __stdout                                 0x20000000   Data           4  stdout.o(.data)
    remote_port                              0x20000004   Data           2  myudp.o(.data..L_MergedGlobals)
    local_port                               0x20000006   Data           2  myudp.o(.data..L_MergedGlobals)
    remote_ip                                0x20000008   Data           4  myudp.o(.data..L_MergedGlobals)
    gSetNetInfo                              0x2000000c   Data          23  myudp.o(.data..L_MergedGlobals)
    uwTickFreq                               0x20000024   Data           1  stm32f1xx_hal.o(.data..L_MergedGlobals)
    uwTickPrio                               0x20000028   Data           4  stm32f1xx_hal.o(.data..L_MergedGlobals)
    SystemCoreClock                          0x2000002c   Data           4  system_stm32f1xx.o(.data.SystemCoreClock)
    WIZCHIP                                  0x20000030   Data          44  wizchip_conf.o(.data.WIZCHIP)
    sock_pack_info                           0x20000064   Data           8  socket.o(.bss..L_MergedGlobals)
    buff                                     0x20000084   Data         128  myudp.o(.bss.buff)
    gGetNetInfo                              0x20000104   Data          23  myudp.o(.bss.gGetNetInfo)
    hspi2                                    0x2000011c   Data          88  spi.o(.bss.hspi2)
    huart1                                   0x20000174   Data          64  usart.o(.bss.huart1)
    uwTick                                   0x200001b4   Data           4  stm32f1xx_hal.o(.bss.uwTick)
    __initial_sp                             0x200005b8   Data           0  startup_stm32f103xe.o(STACK)



==============================================================================

Memory Map of the image

  Image Entry point : 0x08000131

  Load Region LR_IROM1 (Base: 0x08000000, Size: 0x00003710, Max: 0x00080000, ABSOLUTE)

    Execution Region ER_IROM1 (Exec base: 0x08000000, Load base: 0x08000000, Size: 0x000036ac, Max: 0x00080000, ABSOLUTE)

    Exec Addr    Load Addr    Size         Type   Attr      Idx    E Section Name        Object

    0x08000000   0x08000000   0x00000130   Data   RO            3    RESET               startup_stm32f103xe.o
    0x08000130   0x08000130   0x00000000   Code   RO          889  * .ARM.Collect$$$$00000000  mc_w.l(entry.o)
    0x08000130   0x08000130   0x00000004   Code   RO         1161    .ARM.Collect$$$$00000001  mc_w.l(entry2.o)
    0x08000134   0x08000134   0x00000004   Code   RO         1164    .ARM.Collect$$$$00000004  mc_w.l(entry5.o)
    0x08000138   0x08000138   0x00000000   Code   RO         1166    .ARM.Collect$$$$00000008  mc_w.l(entry7b.o)
    0x08000138   0x08000138   0x00000000   Code   RO         1168    .ARM.Collect$$$$0000000A  mc_w.l(entry8b.o)
    0x08000138   0x08000138   0x00000008   Code   RO         1169    .ARM.Collect$$$$0000000B  mc_w.l(entry9a.o)
    0x08000140   0x08000140   0x00000000   Code   RO         1171    .ARM.Collect$$$$0000000D  mc_w.l(entry10a.o)
    0x08000140   0x08000140   0x00000000   Code   RO         1173    .ARM.Collect$$$$0000000F  mc_w.l(entry11a.o)
    0x08000140   0x08000140   0x00000004   Code   RO         1162    .ARM.Collect$$$$00002712  mc_w.l(entry2.o)
    0x08000144   0x08000144   0x00000024   Code   RO            4    .text               startup_stm32f103xe.o
    0x08000168   0x08000168   0x00000024   Code   RO          896    .text               mc_w.l(memseta.o)
    0x0800018c   0x0800018c   0x00000062   Code   RO         1187    .text               mc_w.l(uldiv.o)
    0x080001ee   0x080001ee   0x00000002   PAD
    0x080001f0   0x080001f0   0x00000030   Code   RO         1200    .text               mc_w.l(init.o)
    0x08000220   0x08000220   0x0000001e   Code   RO         1202    .text               mc_w.l(llshl.o)
    0x0800023e   0x0800023e   0x00000020   Code   RO         1204    .text               mc_w.l(llushr.o)
    0x0800025e   0x0800025e   0x00000002   PAD
    0x08000260   0x08000260   0x00000002   Code   RO          140    .text.BusFault_Handler  stm32f1xx_it.o
    0x08000262   0x08000262   0x00000002   PAD
    0x08000264   0x08000264   0x00000002   Code   RO          146    .text.DebugMon_Handler  stm32f1xx_it.o
    0x08000266   0x08000266   0x00000002   PAD
    0x08000268   0x08000268   0x0000000a   Code   RO           82    .text.Error_Handler  main.o
    0x08000272   0x08000272   0x00000002   PAD
    0x08000274   0x08000274   0x00000028   Code   RO          314    .text.HAL_Delay     stm32f1xx_hal.o
    0x0800029c   0x0800029c   0x000001e6   Code   RO          406    .text.HAL_GPIO_Init  stm32f1xx_hal_gpio.o
    0x08000482   0x08000482   0x00000002   PAD
    0x08000484   0x08000484   0x0000000a   Code   RO          412    .text.HAL_GPIO_WritePin  stm32f1xx_hal_gpio.o
    0x0800048e   0x0800048e   0x00000002   PAD
    0x08000490   0x08000490   0x0000000c   Code   RO          306    .text.HAL_GetTick   stm32f1xx_hal.o
    0x0800049c   0x0800049c   0x0000001a   Code   RO          304    .text.HAL_IncTick   stm32f1xx_hal.o
    0x080004b6   0x080004b6   0x00000002   PAD
    0x080004b8   0x080004b8   0x00000026   Code   RO          294    .text.HAL_Init      stm32f1xx_hal.o
    0x080004de   0x080004de   0x00000002   PAD
    0x080004e0   0x080004e0   0x00000048   Code   RO          296    .text.HAL_InitTick  stm32f1xx_hal.o
    0x08000528   0x08000528   0x00000042   Code   RO          159    .text.HAL_MspInit   stm32f1xx_hal_msp.o
    0x0800056a   0x0800056a   0x00000002   PAD
    0x0800056c   0x0800056c   0x00000056   Code   RO          464    .text.HAL_NVIC_SetPriority  stm32f1xx_hal_cortex.o
    0x080005c2   0x080005c2   0x00000002   PAD
    0x080005c4   0x080005c4   0x00000020   Code   RO          462    .text.HAL_NVIC_SetPriorityGrouping  stm32f1xx_hal_cortex.o
    0x080005e4   0x080005e4   0x000001ba   Code   RO          358    .text.HAL_RCC_ClockConfig  stm32f1xx_hal_rcc.o
    0x0800079e   0x0800079e   0x00000002   PAD
    0x080007a0   0x080007a0   0x00000026   Code   RO          370    .text.HAL_RCC_GetPCLK1Freq  stm32f1xx_hal_rcc.o
    0x080007c6   0x080007c6   0x00000002   PAD
    0x080007c8   0x080007c8   0x00000026   Code   RO          372    .text.HAL_RCC_GetPCLK2Freq  stm32f1xx_hal_rcc.o
    0x080007ee   0x080007ee   0x00000002   PAD
    0x080007f0   0x080007f0   0x00000400   Code   RO          356    .text.HAL_RCC_OscConfig  stm32f1xx_hal_rcc.o
    0x08000bf0   0x08000bf0   0x00000082   Code   RO          182    .text.HAL_SPI_Init  stm32f1xx_hal_spi.o
    0x08000c72   0x08000c72   0x00000002   PAD
    0x08000c74   0x08000c74   0x0000007e   Code   RO          104    .text.HAL_SPI_MspInit  spi.o
    0x08000cf2   0x08000cf2   0x00000002   PAD
    0x08000cf4   0x08000cf4   0x000001b2   Code   RO          192    .text.HAL_SPI_Receive  stm32f1xx_hal_spi.o
    0x08000ea6   0x08000ea6   0x00000002   PAD
    0x08000ea8   0x08000ea8   0x00000248   Code   RO          190    .text.HAL_SPI_Transmit  stm32f1xx_hal_spi.o
    0x080010f0   0x080010f0   0x0000030e   Code   RO          194    .text.HAL_SPI_TransmitReceive  stm32f1xx_hal_spi.o
    0x080013fe   0x080013fe   0x00000002   PAD
    0x08001400   0x08001400   0x0000002c   Code   RO          474    .text.HAL_SYSTICK_Config  stm32f1xx_hal_cortex.o
    0x0800142c   0x0800142c   0x000000e0   Code   RO          629    .text.HAL_UART_Init  stm32f1xx_hal_uart.o
    0x0800150c   0x0800150c   0x0000007e   Code   RO          119    .text.HAL_UART_MspInit  usart.o
    0x0800158a   0x0800158a   0x00000002   PAD
    0x0800158c   0x0800158c   0x00000188   Code   RO          643    .text.HAL_UART_Transmit  stm32f1xx_hal_uart.o
    0x08001714   0x08001714   0x00000002   Code   RO          136    .text.HardFault_Handler  stm32f1xx_it.o
    0x08001716   0x08001716   0x00000002   PAD
    0x08001718   0x08001718   0x0000007c   Code   RO           93    .text.MX_GPIO_Init  gpio.o
    0x08001794   0x08001794   0x00000046   Code   RO          102    .text.MX_SPI2_Init  spi.o
    0x080017da   0x080017da   0x00000002   PAD
    0x080017dc   0x080017dc   0x0000003c   Code   RO          117    .text.MX_USART1_UART_Init  usart.o
    0x08001818   0x08001818   0x00000002   Code   RO          138    .text.MemManage_Handler  stm32f1xx_it.o
    0x0800181a   0x0800181a   0x00000002   PAD
    0x0800181c   0x0800181c   0x00000002   Code   RO          134    .text.NMI_Handler   stm32f1xx_it.o
    0x0800181e   0x0800181e   0x00000002   PAD
    0x08001820   0x08001820   0x00000002   Code   RO          148    .text.PendSV_Handler  stm32f1xx_it.o
    0x08001822   0x08001822   0x00000002   PAD
    0x08001824   0x08001824   0x00000106   Code   RO          196    .text.SPI_EndRxTransaction  stm32f1xx_hal_spi.o
    0x0800192a   0x0800192a   0x00000002   PAD
    0x0800192c   0x0800192c   0x00000002   Code   RO          144    .text.SVC_Handler   stm32f1xx_it.o
    0x0800192e   0x0800192e   0x00000002   PAD
    0x08001930   0x08001930   0x00000004   Code   RO          150    .text.SysTick_Handler  stm32f1xx_it.o
    0x08001934   0x08001934   0x00000050   Code   RO          733    .text.SystemInit    system_stm32f1xx.o
    0x08001984   0x08001984   0x00000130   Code   RO           43    .text.UDPinit       myudp.o
    0x08001ab4   0x08001ab4   0x00000002   Code   RO          142    .text.UsageFault_Handler  stm32f1xx_it.o
    0x08001ab6   0x08001ab6   0x00000002   PAD
    0x08001ab8   0x08001ab8   0x00000022   Code   RO           37    .text.W5500_ReadByte  myudp.o
    0x08001ada   0x08001ada   0x00000002   PAD
    0x08001adc   0x08001adc   0x00000012   Code   RO           27    .text.W5500_Select  myudp.o
    0x08001aee   0x08001aee   0x00000002   PAD
    0x08001af0   0x08001af0   0x00000012   Code   RO           29    .text.W5500_Unselect  myudp.o
    0x08001b02   0x08001b02   0x00000002   PAD
    0x08001b04   0x08001b04   0x00000022   Code   RO           39    .text.W5500_WriteByte  myudp.o
    0x08001b26   0x08001b26   0x00000002   PAD
    0x08001b28   0x08001b28   0x00000062   Code   RO          782    .text.WIZCHIP_READ  w5500.o
    0x08001b8a   0x08001b8a   0x00000002   PAD
    0x08001b8c   0x08001b8c   0x00000078   Code   RO          786    .text.WIZCHIP_READ_BUF  w5500.o
    0x08001c04   0x08001c04   0x00000064   Code   RO          784    .text.WIZCHIP_WRITE  w5500.o
    0x08001c68   0x08001c68   0x0000007e   Code   RO          788    .text.WIZCHIP_WRITE_BUF  w5500.o
    0x08001ce6   0x08001ce6   0x00000002   PAD
    0x08001ce8   0x08001ce8   0x00000074   Code   RO          750    .text.close         socket.o
    0x08001d5c   0x08001d5c   0x00000116   Code   RO          754    .text.connect       socket.o
    0x08001e72   0x08001e72   0x00000002   PAD
    0x08001e74   0x08001e74   0x00000136   Code   RO          864    .text.ctlnetwork    wizchip_conf.o
    0x08001faa   0x08001faa   0x00000002   PAD
    0x08001fac   0x08001fac   0x00000230   Code   RO          838    .text.ctlwizchip    wizchip_conf.o
    0x080021dc   0x080021dc   0x000000f0   Code   RO           47    .text.do_tcp_client  myudp.o
    0x080022cc   0x080022cc   0x00000020   Code   RO          123    .text.fputc         usart.o
    0x080022ec   0x080022ec   0x000001ca   Code   RO          792    .text.getSn_RX_RSR  w5500.o
    0x080024b6   0x080024b6   0x00000002   PAD
    0x080024b8   0x080024b8   0x000001ca   Code   RO          790    .text.getSn_TX_FSR  w5500.o
    0x08002682   0x08002682   0x00000002   PAD
    0x08002684   0x08002684   0x00000098   Code   RO           78    .text.main          main.o
    0x0800271c   0x0800271c   0x000001ac   Code   RO          760    .text.recv          socket.o
    0x080028c8   0x080028c8   0x00000038   Code   RO          830    .text.reg_wizchip_cs_cbfunc  wizchip_conf.o
    0x08002900   0x08002900   0x00000044   Code   RO          834    .text.reg_wizchip_spi_cbfunc  wizchip_conf.o
    0x08002944   0x08002944   0x0000014e   Code   RO          758    .text.send          socket.o
    0x08002a92   0x08002a92   0x00000002   PAD
    0x08002a94   0x08002a94   0x000001a8   Code   RO          748    .text.socket        socket.o
    0x08002c3c   0x08002c3c   0x000001e6   Code   RO          796    .text.wiz_recv_data  w5500.o
    0x08002e22   0x08002e22   0x00000002   PAD
    0x08002e24   0x08002e24   0x000001e2   Code   RO          794    .text.wiz_send_data  w5500.o
    0x08003006   0x08003006   0x00000002   PAD
    0x08003008   0x08003008   0x00000004   Code   RO          816    .text.wizchip_bus_readdata  wizchip_conf.o
    0x0800300c   0x0800300c   0x00000004   Code   RO          818    .text.wizchip_bus_writedata  wizchip_conf.o
    0x08003010   0x08003010   0x000000a6   Code   RO          844    .text.wizchip_clrinterrupt  wizchip_conf.o
    0x080030b6   0x080030b6   0x00000002   PAD
    0x080030b8   0x080030b8   0x00000002   Code   RO          808    .text.wizchip_cris_enter  wizchip_conf.o
    0x080030ba   0x080030ba   0x00000002   PAD
    0x080030bc   0x080030bc   0x00000002   Code   RO          810    .text.wizchip_cris_exit  wizchip_conf.o
    0x080030be   0x080030be   0x00000002   PAD
    0x080030c0   0x080030c0   0x00000002   Code   RO          814    .text.wizchip_cs_deselect  wizchip_conf.o
    0x080030c2   0x080030c2   0x00000002   PAD
    0x080030c4   0x080030c4   0x00000002   Code   RO          812    .text.wizchip_cs_select  wizchip_conf.o
    0x080030c6   0x080030c6   0x00000002   PAD
    0x080030c8   0x080030c8   0x00000178   Code   RO          842    .text.wizchip_init  wizchip_conf.o
    0x08003240   0x08003240   0x00000004   Code   RO          820    .text.wizchip_spi_readbyte  wizchip_conf.o
    0x08003244   0x08003244   0x00000002   Code   RO          822    .text.wizchip_spi_writebyte  wizchip_conf.o
    0x08003246   0x08003246   0x00000002   PAD
    0x08003248   0x08003248   0x00000080   Code   RO          840    .text.wizchip_sw_reset  wizchip_conf.o
    0x080032c8   0x080032c8   0x00000072   Code   RO          854    .text.wizphy_setphyconf  wizchip_conf.o
    0x0800333a   0x0800333a   0x00000002   PAD
    0x0800333c   0x0800333c   0x00000078   Code   RO          858    .text.wizphy_setphypmode  wizchip_conf.o
    0x080033b4   0x080033b4   0x00000020   Code   RO         1011    i.__0printf$4       mc_w.l(printf4.o)
    0x080033d4   0x080033d4   0x0000000e   Code   RO         1212    i.__scatterload_copy  mc_w.l(handlers.o)
    0x080033e2   0x080033e2   0x00000002   Code   RO         1213    i.__scatterload_null  mc_w.l(handlers.o)
    0x080033e4   0x080033e4   0x0000000e   Code   RO         1214    i.__scatterload_zeroinit  mc_w.l(handlers.o)
    0x080033f2   0x080033f2   0x00000002   PAD
    0x080033f4   0x080033f4   0x0000022c   Code   RO         1018    i._printf_core      mc_w.l(printf4.o)
    0x08003620   0x08003620   0x00000024   Code   RO          892    i.puts              mc_w.l(puts.o)
    0x08003644   0x08003644   0x00000002   Data   RO          383    .rodata..L__const.HAL_RCC_GetSysClockFreq.aPredivFactorTable  stm32f1xx_hal_rcc.o
    0x08003646   0x08003646   0x00000010   Data   RO          738    .rodata.AHBPrescTable  system_stm32f1xx.o
    0x08003656   0x08003656   0x00000008   Data   RO          739    .rodata.APBPrescTable  system_stm32f1xx.o
    0x0800365e   0x0800365e   0x00000010   Data   RO          382    .rodata.cst16       stm32f1xx_hal_rcc.o
    0x0800366e   0x0800366e   0x0000001e   Data   RO           63    .rodata.str1.1      myudp.o
    0x0800368c   0x0800368c   0x00000020   Data   RO         1211    Region$$Table       anon$$obj.o


    Execution Region RW_IRAM1 (Exec base: 0x20000000, Load base: 0x080036b0, Size: 0x000005b8, Max: 0x00010000, ABSOLUTE)

    Exec Addr    Load Addr    Size         Type   Attr      Idx    E Section Name        Object

    0x20000000   0x080036b0   0x00000004   Data   RW         1175    .data               mc_w.l(stdout.o)
    0x20000004   0x080036b4   0x0000001f   Data   RW           69    .data..L_MergedGlobals  myudp.o
    0x20000023   0x080036d3   0x00000001   PAD
    0x20000024   0x080036d4   0x00000008   Data   RW          345    .data..L_MergedGlobals  stm32f1xx_hal.o
    0x2000002c   0x080036dc   0x00000004   Data   RW          737    .data.SystemCoreClock  system_stm32f1xx.o
    0x20000030   0x080036e0   0x0000002c   Data   RW          880    .data.WIZCHIP       wizchip_conf.o
    0x2000005c   0x0800370c   0x00000002   Data   RW          772    .data.sock_any_port  socket.o
    0x2000005e   0x0800370e   0x00000002   PAD
    0x20000060        -       0x0000001c   Zero   RW          773    .bss..L_MergedGlobals  socket.o
    0x2000007c        -       0x00000005   Zero   RW          881    .bss..L_MergedGlobals  wizchip_conf.o
    0x20000081   0x0800370e   0x00000003   PAD
    0x20000084        -       0x00000080   Zero   RW           65    .bss.buff           myudp.o
    0x20000104        -       0x00000017   Zero   RW           64    .bss.gGetNetInfo    myudp.o
    0x2000011b   0x0800370e   0x00000001   PAD
    0x2000011c        -       0x00000058   Zero   RW          108    .bss.hspi2          spi.o
    0x20000174        -       0x00000040   Zero   RW          125    .bss.huart1         usart.o
    0x200001b4        -       0x00000004   Zero   RW          344    .bss.uwTick         stm32f1xx_hal.o
    0x200001b8        -       0x00000400   Zero   RW            1    STACK               startup_stm32f103xe.o


==============================================================================

Image component sizes


      Code (inc. data)   RO Data    RW Data    ZI Data      Debug   Object Name

       124          0          0          0          0       1536   gpio.o
       162         16          0          0          0       2892   main.o
       648        134         30         31        151       8880   myudp.o
      1580          0          0          2         28      10712   socket.o
       196          0          0          0         88       4287   spi.o
        36          8        304          0       1024        784   startup_stm32f103xe.o
       188          0          0          8          4       6031   stm32f1xx_hal.o
       162          0          0          0          0       8734   stm32f1xx_hal_cortex.o
       496         22          0          0          0       4522   stm32f1xx_hal_gpio.o
        66          0          0          0          0       1200   stm32f1xx_hal_msp.o
      1542          0         18          0          0       7929   stm32f1xx_hal_rcc.o
      2192          0          0          0          0      26178   stm32f1xx_hal_spi.o
       616          0          0          0          0      19803   stm32f1xx_hal_uart.o
        20          0          0          0          0       1137   stm32f1xx_it.o
        80          0         24          4          0       2135   system_stm32f1xx.o
       218          0          0          0         64       4606   usart.o
      2328          0          0          0          0      11731   w5500.o
      1920         42          0         44          5      14312   wizchip_conf.o

    ----------------------------------------------------------------------
     12664        222        408         92       1368     137409   Object Totals
         0          0         32          0          0          0   (incl. Generated)
        90          0          0          3          4          0   (incl. Padding)

    ----------------------------------------------------------------------

      Code (inc. data)   RO Data    RW Data    ZI Data      Debug   Library Member Name

         0          0          0          0          0          0   entry.o
         0          0          0          0          0          0   entry10a.o
         0          0          0          0          0          0   entry11a.o
         8          4          0          0          0          0   entry2.o
         4          0          0          0          0          0   entry5.o
         0          0          0          0          0          0   entry7b.o
         0          0          0          0          0          0   entry8b.o
         8          4          0          0          0          0   entry9a.o
        30          0          0          0          0          0   handlers.o
        48         10          0          0          0         68   init.o
        30          0          0          0          0         68   llshl.o
        32          0          0          0          0         68   llushr.o
        36          0          0          0          0        108   memseta.o
       588         14          0          0          0        184   printf4.o
        36          6          0          0          0         80   puts.o
         0          0          0          4          0          0   stdout.o
        98          0          0          0          0         92   uldiv.o

    ----------------------------------------------------------------------
       924         38          0          4          0        668   Library Totals
         6          0          0          0          0          0   (incl. Padding)

    ----------------------------------------------------------------------

      Code (inc. data)   RO Data    RW Data    ZI Data      Debug   Library Name

       918         38          0          4          0        668   mc_w.l

    ----------------------------------------------------------------------
       924         38          0          4          0        668   Library Totals

    ----------------------------------------------------------------------

==============================================================================


      Code (inc. data)   RO Data    RW Data    ZI Data      Debug   

     13588        260        408         96       1368     137649   Grand Totals
     13588        260        408         96       1368     137649   ELF Image Totals
     13588        260        408         96          0          0   ROM Totals

==============================================================================

    Total RO  Size (Code + RO Data)                13996 (  13.67kB)
    Total RW  Size (RW Data + ZI Data)              1464 (   1.43kB)
    Total ROM Size (Code + RO Data + RW Data)      14092 (  13.76kB)

==============================================================================

