<html>
<body>
<pre>
<h1>µVision Build Log</h1>
<h2>Tool Versions:</h2>
IDE-Version: ¦ÌVision V5.41.0.0
Copyright (C) 2024 ARM Ltd and ARM Germany GmbH. All rights reserved.
License Information: 1 1, 1, LIC=X4HWA-KBESP-GCVJ3-NF2EW-14VUR-YFSX4
 
Tool Versions:
Toolchain:       MDK-ARM Community  Version: 5.41.0.0
Toolchain Path:  E:\0_Work\Keil5\ARM\ARMCLANG\Bin
C Compiler:      ArmClang.exe V6.22
Assembler:       Armasm.exe V6.22
Linker/Locator:  ArmLink.exe V6.22
Library Manager: ArmAr.exe V6.22
Hex Converter:   FromElf.exe V6.22
CPU DLL:         SARMCM3.DLL V5.41.0.0
Dialog DLL:      DCM.DLL V1.17.5.0
Target DLL:      CMSIS_AGDI.dll V1.33.21.0
Dialog DLL:      TCM.DLL V1.56.4.0
 
<h2>Project:</h2>
F:\1-Code\140-STM32\Project\w5500_test\MDK-ARM\w5500_test.uvprojx
Project File Date:  10/28/2024

<h2>Output:</h2>
*** Using Compiler 'V6.22', folder: 'E:\0_Work\Keil5\ARM\ARMCLANG\Bin'
Build target 'w5500_test'
compiling MyUDP.c...
linking...
Program Size: Code=13588 RO-data=408 RW-data=96 ZI-data=1368  
FromELF: creating hex file...
"w5500_test\w5500_test.axf" - 0 Error(s), 0 Warning(s).

<h2>Software Packages used:</h2>

Package Vendor: ARM
                https://www.keil.com/pack/ARM.CMSIS.6.1.0.pack
                ARM::CMSIS@6.1.0
                CMSIS (Common Microcontroller Software Interface Standard)
   * Component: CORE Version: 6.1.0

Package Vendor: Keil
                https://www.keil.com/pack/Keil.STM32F1xx_DFP.2.4.1.pack
                Keil::STM32F1xx_DFP@2.4.1
                STMicroelectronics STM32F1 Series Device Support, Drivers and Examples

<h2>Collection of Component include folders:</h2>
  ./RTE/_w5500_test
  E:/0_Work/Keil5/ARM/PACK/ARM/CMSIS/6.1.0/CMSIS/Core/Include
  E:/0_Work/Keil5/ARM/PACK/Keil/STM32F1xx_DFP/2.4.1/Device/Include

<h2>Collection of Component Files used:</h2>

   * Component: ARM::CMSIS:CORE@6.1.0
      Include file:  CMSIS/Core/Include/tz_context.h
Build Time Elapsed:  00:00:02
</pre>
</body>
</html>
